Archive member included to satisfy reference by file (symbol)

c:/gnuarm/bin/../lib/gcc/arm-none-eabi/10.3.1/../../../../arm-none-eabi/lib/thumb/v7e-m+fp/hard\libc_nano.a(lib_a-exit.o)
                              c:/gnuarm/bin/../lib/gcc/arm-none-eabi/10.3.1/../../../../arm-none-eabi/lib/thumb/v7e-m+fp/hard/crt0.o (exit)
c:/gnuarm/bin/../lib/gcc/arm-none-eabi/10.3.1/../../../../arm-none-eabi/lib/thumb/v7e-m+fp/hard\libc_nano.a(lib_a-impure.o)
                              c:/gnuarm/bin/../lib/gcc/arm-none-eabi/10.3.1/../../../../arm-none-eabi/lib/thumb/v7e-m+fp/hard\libc_nano.a(lib_a-exit.o) (_global_impure_ptr)
c:/gnuarm/bin/../lib/gcc/arm-none-eabi/10.3.1/../../../../arm-none-eabi/lib/thumb/v7e-m+fp/hard\libc_nano.a(lib_a-init.o)
                              c:/gnuarm/bin/../lib/gcc/arm-none-eabi/10.3.1/../../../../arm-none-eabi/lib/thumb/v7e-m+fp/hard/crt0.o (__libc_init_array)
c:/gnuarm/bin/../lib/gcc/arm-none-eabi/10.3.1/../../../../arm-none-eabi/lib/thumb/v7e-m+fp/hard\libc_nano.a(lib_a-memset.o)
                              c:/gnuarm/bin/../lib/gcc/arm-none-eabi/10.3.1/../../../../arm-none-eabi/lib/thumb/v7e-m+fp/hard/crt0.o (memset)
c:/gnuarm/bin/../lib/gcc/arm-none-eabi/10.3.1/../../../../arm-none-eabi/lib/thumb/v7e-m+fp/hard\libc_nano.a(lib_a-strcmp.o)
                              build/EKM_CMD.o (strcmp)
c:/gnuarm/bin/../lib/gcc/arm-none-eabi/10.3.1/../../../../arm-none-eabi/lib/thumb/v7e-m+fp/hard\libc_nano.a(lib_a-strlen.o)
                              build/APPL_DMA_LTE.o (strlen)
c:/gnuarm/bin/../lib/gcc/arm-none-eabi/10.3.1/../../../../arm-none-eabi/lib/thumb/v7e-m+fp/hard\libc_nano.a(lib_a-vsprintf.o)
                              build/APPL_DMA_LTE.o (vsprintf)
c:/gnuarm/bin/../lib/gcc/arm-none-eabi/10.3.1/../../../../arm-none-eabi/lib/thumb/v7e-m+fp/hard\libc_nano.a(lib_a-nano-svfprintf.o)
                              c:/gnuarm/bin/../lib/gcc/arm-none-eabi/10.3.1/../../../../arm-none-eabi/lib/thumb/v7e-m+fp/hard\libc_nano.a(lib_a-vsprintf.o) (_svfprintf_r)
c:/gnuarm/bin/../lib/gcc/arm-none-eabi/10.3.1/../../../../arm-none-eabi/lib/thumb/v7e-m+fp/hard\libc_nano.a(lib_a-nano-vfprintf_i.o)
                              c:/gnuarm/bin/../lib/gcc/arm-none-eabi/10.3.1/../../../../arm-none-eabi/lib/thumb/v7e-m+fp/hard\libc_nano.a(lib_a-nano-svfprintf.o) (_printf_i)
c:/gnuarm/bin/../lib/gcc/arm-none-eabi/10.3.1/../../../../arm-none-eabi/lib/thumb/v7e-m+fp/hard\libc_nano.a(lib_a-memchr.o)
                              c:/gnuarm/bin/../lib/gcc/arm-none-eabi/10.3.1/../../../../arm-none-eabi/lib/thumb/v7e-m+fp/hard\libc_nano.a(lib_a-nano-svfprintf.o) (memchr)
c:/gnuarm/bin/../lib/gcc/arm-none-eabi/10.3.1/../../../../arm-none-eabi/lib/thumb/v7e-m+fp/hard\libc_nano.a(lib_a-memcpy-stub.o)
                              c:/gnuarm/bin/../lib/gcc/arm-none-eabi/10.3.1/../../../../arm-none-eabi/lib/thumb/v7e-m+fp/hard\libc_nano.a(lib_a-nano-svfprintf.o) (memcpy)
c:/gnuarm/bin/../lib/gcc/arm-none-eabi/10.3.1/../../../../arm-none-eabi/lib/thumb/v7e-m+fp/hard\libc_nano.a(lib_a-memmove.o)
                              c:/gnuarm/bin/../lib/gcc/arm-none-eabi/10.3.1/../../../../arm-none-eabi/lib/thumb/v7e-m+fp/hard\libc_nano.a(lib_a-nano-svfprintf.o) (memmove)
c:/gnuarm/bin/../lib/gcc/arm-none-eabi/10.3.1/../../../../arm-none-eabi/lib/thumb/v7e-m+fp/hard\libc_nano.a(lib_a-nano-freer.o)
                              c:/gnuarm/bin/../lib/gcc/arm-none-eabi/10.3.1/../../../../arm-none-eabi/lib/thumb/v7e-m+fp/hard\libc_nano.a(lib_a-nano-svfprintf.o) (_free_r)
c:/gnuarm/bin/../lib/gcc/arm-none-eabi/10.3.1/../../../../arm-none-eabi/lib/thumb/v7e-m+fp/hard\libc_nano.a(lib_a-nano-mallocr.o)
                              c:/gnuarm/bin/../lib/gcc/arm-none-eabi/10.3.1/../../../../arm-none-eabi/lib/thumb/v7e-m+fp/hard\libc_nano.a(lib_a-nano-svfprintf.o) (_malloc_r)
c:/gnuarm/bin/../lib/gcc/arm-none-eabi/10.3.1/../../../../arm-none-eabi/lib/thumb/v7e-m+fp/hard\libc_nano.a(lib_a-nano-reallocr.o)
                              c:/gnuarm/bin/../lib/gcc/arm-none-eabi/10.3.1/../../../../arm-none-eabi/lib/thumb/v7e-m+fp/hard\libc_nano.a(lib_a-nano-svfprintf.o) (_realloc_r)
c:/gnuarm/bin/../lib/gcc/arm-none-eabi/10.3.1/../../../../arm-none-eabi/lib/thumb/v7e-m+fp/hard\libc_nano.a(lib_a-sbrkr.o)
                              c:/gnuarm/bin/../lib/gcc/arm-none-eabi/10.3.1/../../../../arm-none-eabi/lib/thumb/v7e-m+fp/hard\libc_nano.a(lib_a-nano-mallocr.o) (_sbrk_r)
c:/gnuarm/bin/../lib/gcc/arm-none-eabi/10.3.1/../../../../arm-none-eabi/lib/thumb/v7e-m+fp/hard\libc_nano.a(lib_a-mlock.o)
                              c:/gnuarm/bin/../lib/gcc/arm-none-eabi/10.3.1/../../../../arm-none-eabi/lib/thumb/v7e-m+fp/hard\libc_nano.a(lib_a-nano-freer.o) (__malloc_lock)
c:/gnuarm/bin/../lib/gcc/arm-none-eabi/10.3.1/../../../../arm-none-eabi/lib/thumb/v7e-m+fp/hard\libc_nano.a(lib_a-nano-msizer.o)
[...]
Memory Configuration

Name             Origin             Length             Attributes
RAM              0x20000000         0x00010000         xrw
RAM2             0x10000000         0x00004000         xrw
FLASH            0x08000000         0x00040000         xr
*default*        0x00000000         0xffffffff

Linker script and memory map

LOAD c:/gnuarm/bin/../lib/gcc/arm-none-eabi/10.3.1/thumb/v7e-m+fp/hard/crti.o
LOAD c:/gnuarm/bin/../lib/gcc/arm-none-eabi/10.3.1/thumb/v7e-m+fp/hard/crtbegin.o
LOAD c:/gnuarm/bin/../lib/gcc/arm-none-eabi/10.3.1/../../../../arm-none-eabi/lib/thumb/v7e-m+fp/hard/crt0.o
LOAD build/main.o
LOAD build/Appl_Task.o
LOAD build/Appl_Data.o
LOAD build/APPL_DMA_LTE.o
LOAD build/Appl_USBService.o
LOAD build/gpio.o
LOAD build/adc.o
LOAD build/i2c.o
LOAD build/usart.o
LOAD build/stm32l4xx_it.o
LOAD build/stm32l4xx_hal_msp.o
LOAD build/system_stm32l4xx.o
LOAD build/EKM_Buffer.o
LOAD build/EKM_CMD.o
LOAD build/usb_device.o
LOAD build/usbd_desc.o
LOAD build/usbd_cdc_if.o
LOAD build/usbd_conf.o
LOAD build/stm32l4xx_hal_pcd.o
LOAD build/stm32l4xx_hal_pcd_ex.o
LOAD build/stm32l4xx_ll_usb.o
LOAD build/stm32l4xx_hal.o
LOAD build/stm32l4xx_hal_i2c.o
LOAD build/stm32l4xx_hal_i2c_ex.o
LOAD build/stm32l4xx_hal_rcc.o
LOAD build/stm32l4xx_hal_rcc_ex.o
LOAD build/stm32l4xx_hal_flash.o
LOAD build/stm32l4xx_hal_flash_ex.o
LOAD build/stm32l4xx_hal_flash_ramfunc.o
LOAD build/stm32l4xx_hal_gpio.o
LOAD build/stm32l4xx_hal_dma.o
LOAD build/stm32l4xx_hal_dma_ex.o
LOAD build/stm32l4xx_hal_pwr.o
LOAD build/stm32l4xx_hal_pwr_ex.o
LOAD build/stm32l4xx_hal_cortex.o
LOAD build/stm32l4xx_hal_exti.o
LOAD build/stm32l4xx_hal_adc.o
LOAD build/stm32l4xx_hal_adc_ex.o
LOAD build/stm32l4xx_hal_tim.o
LOAD build/stm32l4xx_hal_tim_ex.o
LOAD build/stm32l4xx_hal_uart.o
LOAD build/stm32l4xx_hal_uart_ex.o
LOAD build/usbd_core.o
LOAD build/usbd_ctlreq.o
LOAD build/usbd_ioreq.o
LOAD build/usbd_cdc.o
LOAD build/startup_stm32l432xx.o
LOAD c:/gnuarm/bin/../lib/gcc/arm-none-eabi/10.3.1/../../../../arm-none-eabi/lib/thumb/v7e-m+fp/hard\libc_nano.a
LOAD c:/gnuarm/bin/../lib/gcc/arm-none-eabi/10.3.1/../../../../arm-none-eabi/lib/thumb/v7e-m+fp/hard\libm.a
LOAD c:/gnuarm/bin/../lib/gcc/arm-none-eabi/10.3.1/../../../../arm-none-eabi/lib/thumb/v7e-m+fp/hard\libnosys.a
START GROUP
LOAD c:/gnuarm/bin/../lib/gcc/arm-none-eabi/10.3.1/thumb/v7e-m+fp/hard\libgcc.a
LOAD c:/gnuarm/bin/../lib/gcc/arm-none-eabi/10.3.1/../../../../arm-none-eabi/lib/thumb/v7e-m+fp/hard\libc_nano.a
END GROUP
START GROUP
LOAD c:/gnuarm/bin/../lib/gcc/arm-none-eabi/10.3.1/thumb/v7e-m+fp/hard\libgcc.a
LOAD c:/gnuarm/bin/../lib/gcc/arm-none-eabi/10.3.1/../../../../arm-none-eabi/lib/thumb/v7e-m+fp/hard\libc_nano.a
END GROUP
LOAD c:/gnuarm/bin/../lib/gcc/arm-none-eabi/10.3.1/thumb/v7e-m+fp/hard/crtend.o
LOAD c:/gnuarm/bin/../lib/gcc/arm-none-eabi/10.3.1/thumb/v7e-m+fp/hard/crtn.o
                0x20010000                _estack = (ORIGIN (RAM) + LENGTH (RAM))
                0x00000200                _Min_Heap_Size = 0x200
                0x00000400                _Min_Stack_Size = 0x400

.isr_vector     0x08000000      0x190
                0x08000000                . = ALIGN (0x8)
 *(.isr_vector)
 .isr_vector    0x08000000      0x18c build/startup_stm32l432xx.o
                0x08000000                g_pfnVectors
                0x08000190                . = ALIGN (0x8)
 *fill*         0x0800018c        0x4 

.text           0x08000190     0x6cb0
                0x08000190                . = ALIGN (0x8)
 *(.text)
 .text          0x08000190       0x40 c:/gnuarm/bin/../lib/gcc/arm-none-eabi/10.3.1/thumb/v7e-m+fp/hard/crtbegin.o
 .text          0x080001d0       0x14 c:/gnuarm/bin/../lib/gcc/arm-none-eabi/10.3.1/../../../../arm-none-eabi/lib/thumb/v7e-m+fp/hard\libc_nano.a(lib_a-strcmp.o)
                0x080001d0                strcmp
 .text          0x080001e4       0x10 c:/gnuarm/bin/../lib/gcc/arm-none-eabi/10.3.1/../../../../arm-none-eabi/lib/thumb/v7e-m+fp/hard\libc_nano.a(lib_a-strlen.o)
                0x080001e4                strlen
 *fill*         0x080001f4        0xc 
 .text          0x08000200       0xa0 c:/gnuarm/bin/../lib/gcc/arm-none-eabi/10.3.1/../../../../arm-none-eabi/lib/thumb/v7e-m+fp/hard\libc_nano.a(lib_a-memchr.o)
                0x08000200                memchr
 .text          0x080002a0       0x30 c:/gnuarm/bin/../lib/gcc/arm-none-eabi/10.3.1/thumb/v7e-m+fp/hard\libgcc.a(_aeabi_uldivmod.o)
                0x080002a0                __aeabi_uldivmod
 .text          0x080002d0      0x2d0 c:/gnuarm/bin/../lib/gcc/arm-none-eabi/10.3.1/thumb/v7e-m+fp/hard\libgcc.a(_udivmoddi4.o)
                0x080002d0                __udivmoddi4
 .text          0x080005a0        0x4 c:/gnuarm/bin/../lib/gcc/arm-none-eabi/10.3.1/thumb/v7e-m+fp/hard\libgcc.a(_dvmd_tls.o)
                0x080005a0                __aeabi_idiv0
                0x080005a0                __aeabi_ldiv0
 *(.text*)
 .text.Error_Handler
                0x080005a4        0x4 build/main.o
                0x080005a4                Error_Handler
 .text.SystemClock_Config
                0x080005a8       0x7c build/main.o
                0x080005a8                SystemClock_Config
 .text.main     0x08000624       0x40 build/main.o
                0x08000624                main
 .text.APPL_Task_Init
                0x08000664       0x3c build/Appl_Task.o
                0x08000664                APPL_Task_Init
 .text.APPL_Task_1s
                0x080006a0       0x1c build/Appl_Task.o
                0x080006a0                APPL_Task_1s
 .text.APPL_Task_100ms
                0x080006bc       0x24 build/Appl_Task.o
                0x080006bc                APPL_Task_100ms
 .text.APPL_Task_10ms
                0x080006e0       0x44 build/Appl_Task.o
                0x080006e0                APPL_Task_10ms
 .text.APPL_Data_Init
                0x08000724       0x54 build/Appl_Data.o
                0x08000724                APPL_Data_Init
 .text.APPL_Data_RS485_CRC_Decode
                0x08000778       0x70 build/Appl_Data.o
                0x08000778                APPL_Data_RS485_CRC_Decode
 .text.APPL_Data_RS485_Send
                0x080007e8       0x40 build/Appl_Data.o
                0x080007e8                APPL_Data_RS485_Send
 .text.APPL_Data_RS485_Set
                0x08000828       0x30 build/Appl_Data.o
                0x08000828                APPL_Data_RS485_Set
 .text.APPL_Data_MODBUS_Task
                0x08000858       0x3c build/Appl_Data.o
                0x08000858                APPL_Data_MODBUS_Task
 .text.APPL_DMA_LTE_OK
                0x08000894       0x18 build/APPL_DMA_LTE.o
                0x08000894                APPL_DMA_LTE_OK
 .text.APPL_DMA_LTE_Init
                0x080008ac       0xd4 build/APPL_DMA_LTE.o
                0x080008ac                APPL_DMA_LTE_Init
 .text.APPL_DMA_LTE_printf
                0x08000980       0x44 build/APPL_DMA_LTE.o
                0x08000980                APPL_DMA_LTE_printf
 .text.APPL_DMA_LTE_MQTT_PUBLISH_Raw
                0x080009c4       0x50 build/APPL_DMA_LTE.o
                0x080009c4                APPL_DMA_LTE_MQTT_PUBLISH_Raw
 .text.APPL_USB_LTE_Send
                0x08000a14        0x4 build/Appl_USBService.o
                0x08000a14                APPL_USB_LTE_Send
 .text.APPL_USB_Init
                0x08000a18       0xb8 build/Appl_USBService.o
                0x08000a18                APPL_USB_Init
 .text.APPL_USB_printf
                0x08000ad0       0x40 build/Appl_USBService.o
                0x08000ad0                APPL_USB_printf
 .text.APPL_USB_LineProcess
                0x08000b10       0x44 build/Appl_USBService.o
                0x08000b10                APPL_USB_LineProcess
 .text.APPL_USB_IDN
                0x08000b54       0x1c build/Appl_USBService.o
                0x08000b54                APPL_USB_IDN
 .text.APPL_USB_HELP
                0x08000b70       0x2c build/Appl_USBService.o
                0x08000b70                APPL_USB_HELP
 .text.APPL_USB_Status
                0x08000b9c       0x10 build/Appl_USBService.o
                0x08000b9c                APPL_USB_Status
 .text.APPL_USB_Address
                0x08000bac       0x1c build/Appl_USBService.o
                0x08000bac                APPL_USB_Address
 .text.MX_GPIO_Init
                0x08000bc8       0xac build/gpio.o
                0x08000bc8                MX_GPIO_Init
 .text.MX_ADC1_Init
                0x08000c74       0x84 build/adc.o
                0x08000c74                MX_ADC1_Init
 .text.HAL_ADC_MspInit
                0x08000cf8       0x88 build/adc.o
                0x08000cf8                HAL_ADC_MspInit
 .text.MX_I2C1_Init
                0x08000d80       0x58 build/i2c.o
                0x08000d80                MX_I2C1_Init
 .text.HAL_I2C_MspInit
                0x08000dd8       0x88 build/i2c.o
                0x08000dd8                HAL_I2C_MspInit
 .text.MX_USART1_UART_Init
                0x08000e60       0x54 build/usart.o
                0x08000e60                MX_USART1_UART_Init
 .text.MX_USART2_UART_Init
                0x08000eb4       0x5c build/usart.o
                0x08000eb4                MX_USART2_UART_Init
 .text.HAL_UART_MspInit
                0x08000f10      0x10c build/usart.o
                0x08000f10                HAL_UART_MspInit
 .text.NMI_Handler
                0x0800101c       0x10 build/stm32l4xx_it.o
                0x0800101c                NMI_Handler
 .text.HardFault_Handler
                0x0800102c       0x10 build/stm32l4xx_it.o
                0x0800102c                HardFault_Handler
 .text.MemManage_Handler
                0x0800103c       0x10 build/stm32l4xx_it.o
                0x0800103c                MemManage_Handler
 .text.BusFault_Handler
                0x0800104c       0x10 build/stm32l4xx_it.o
                0x0800104c                BusFault_Handler
 .text.UsageFault_Handler
                0x0800105c       0x10 build/stm32l4xx_it.o
                0x0800105c                UsageFault_Handler
 .text.SVC_Handler
                0x0800106c       0x10 build/stm32l4xx_it.o
                0x0800106c                SVC_Handler
 .text.DebugMon_Handler
                0x0800107c       0x10 build/stm32l4xx_it.o
                0x0800107c                DebugMon_Handler
 .text.PendSV_Handler
                0x0800108c       0x10 build/stm32l4xx_it.o
                0x0800108c                PendSV_Handler
 .text.SysTick_Handler
                0x0800109c       0x14 build/stm32l4xx_it.o
                0x0800109c                SysTick_Handler
 .text.USART1_IRQHandler
                0x080010b0       0x1c build/stm32l4xx_it.o
                0x080010b0                USART1_IRQHandler
 .text.USART2_IRQHandler
                0x080010cc       0x14 build/stm32l4xx_it.o
                0x080010cc                USART2_IRQHandler
 .text.USB_IRQHandler
                0x080010e0       0x10 build/stm32l4xx_it.o
                0x080010e0                USB_IRQHandler
 .text.HAL_MspInit
                0x080010f0       0x30 build/stm32l4xx_hal_msp.o
                0x080010f0                HAL_MspInit
 .text.SystemInit
                0x08001120       0x14 build/system_stm32l4xx.o
                0x08001120                SystemInit
 .text.EKM_Buffer_Index_Increment
                0x08001134       0x3c build/EKM_Buffer.o
 .text.EKM_Buffer_Reset
                0x08001170       0x1c build/EKM_Buffer.o
                0x08001170                EKM_Buffer_Reset
 .text.EKM_Buffer_Setup
                0x0800118c       0x16 build/EKM_Buffer.o
                0x0800118c                EKM_Buffer_Setup
 .text.EKM_Buffer_Set
                0x080011a2       0x22 build/EKM_Buffer.o
                0x080011a2                EKM_Buffer_Set
 .text.EKM_CMD_RXPeek
                0x080011c4       0x32 build/EKM_CMD.o
                0x080011c4                EKM_CMD_RXPeek
 *fill*         0x080011f6        0x2 
 .text.EKM_CMD_LineProcess
                0x080011f8       0x68 build/EKM_CMD.o
                0x080011f8                EKM_CMD_LineProcess
 .text.MX_USB_DEVICE_Init
                0x08001260       0x54 build/usb_device.o
                0x08001260                MX_USB_DEVICE_Init
 .text.USBD_FS_DeviceDescriptor
                0x080012b4        0xc build/usbd_desc.o
                0x080012b4                USBD_FS_DeviceDescriptor
 .text.USBD_FS_LangIDStrDescriptor
                0x080012c0        0xc build/usbd_desc.o
                0x080012c0                USBD_FS_LangIDStrDescriptor
 .text.USBD_FS_USR_BOSDescriptor
                0x080012cc        0xc build/usbd_desc.o
                0x080012cc                USBD_FS_USR_BOSDescriptor
 .text.IntToUnicode
                0x080012d8       0x46 build/usbd_desc.o
 *fill*         0x0800131e        0x2 
 .text.Get_SerialNum
                0x08001320       0x38 build/usbd_desc.o
 .text.USBD_FS_SerialStrDescriptor
                0x08001358       0x14 build/usbd_desc.o
                0x08001358                USBD_FS_SerialStrDescriptor
 .text.USBD_FS_ProductStrDescriptor
                0x0800136c       0x24 build/usbd_desc.o
                0x0800136c                USBD_FS_ProductStrDescriptor
 .text.USBD_FS_ManufacturerStrDescriptor
                0x08001390       0x1c build/usbd_desc.o
                0x08001390                USBD_FS_ManufacturerStrDescriptor
 .text.USBD_FS_ConfigStrDescriptor
                0x080013ac       0x24 build/usbd_desc.o
                0x080013ac                USBD_FS_ConfigStrDescriptor
 .text.USBD_FS_InterfaceStrDescriptor
                0x080013d0       0x24 build/usbd_desc.o
                0x080013d0                USBD_FS_InterfaceStrDescriptor
 .text.CDC_DeInit_FS
                0x080013f4        0x4 build/usbd_cdc_if.o
 .text.CDC_Control_FS
                0x080013f8        0x4 build/usbd_cdc_if.o
 .text.CDC_TransmitCplt_FS
                0x080013fc        0x4 build/usbd_cdc_if.o
 .text.CDC_Receive_FS
                0x08001400       0x3c build/usbd_cdc_if.o
 .text.CDC_Init_FS
                0x0800143c       0x28 build/usbd_cdc_if.o
 .text.CDC_Transmit_FS
                0x08001464       0x2c build/usbd_cdc_if.o
                0x08001464                CDC_Transmit_FS
 .text.SystemClockConfig_Resume
                0x08001490        0x8 build/usbd_conf.o
 .text.HAL_PCD_MspInit
                0x08001498       0x80 build/usbd_conf.o
                0x08001498                HAL_PCD_MspInit
 .text.HAL_PCD_SetupStageCallback
                0x08001518       0x10 build/usbd_conf.o
                0x08001518                HAL_PCD_SetupStageCallback
 .text.HAL_PCD_DataOutStageCallback
                0x08001528       0x18 build/usbd_conf.o
                0x08001528                HAL_PCD_DataOutStageCallback
 .text.HAL_PCD_DataInStageCallback
                0x08001540       0x16 build/usbd_conf.o
                0x08001540                HAL_PCD_DataInStageCallback
 .text.HAL_PCD_SOFCallback
                0x08001556        0xc build/usbd_conf.o
                0x08001556                HAL_PCD_SOFCallback
 .text.HAL_PCD_ResetCallback
                0x08001562       0x24 build/usbd_conf.o
                0x08001562                HAL_PCD_ResetCallback
 *fill*         0x08001586        0x2 
 .text.HAL_PCD_SuspendCallback
                0x08001588       0x20 build/usbd_conf.o
                0x08001588                HAL_PCD_SuspendCallback
 .text.HAL_PCD_ResumeCallback
                0x080015a8       0x28 build/usbd_conf.o
                0x080015a8                HAL_PCD_ResumeCallback
 .text.USBD_LL_Init
                0x080015d0       0x8c build/usbd_conf.o
                0x080015d0                USBD_LL_Init
 .text.USBD_LL_Start
                0x0800165c       0x1e build/usbd_conf.o
                0x0800165c                USBD_LL_Start
 .text.USBD_LL_OpenEP
                0x0800167a       0x24 build/usbd_conf.o
                0x0800167a                USBD_LL_OpenEP
 .text.USBD_LL_CloseEP
                0x0800169e       0x1e build/usbd_conf.o
                0x0800169e                USBD_LL_CloseEP
 .text.USBD_LL_StallEP
                0x080016bc       0x1e build/usbd_conf.o
                0x080016bc                USBD_LL_StallEP
 .text.USBD_LL_ClearStallEP
                0x080016da       0x1e build/usbd_conf.o
                0x080016da                USBD_LL_ClearStallEP
 .text.USBD_LL_IsStallEP
                0x080016f8       0x2e build/usbd_conf.o
                0x080016f8                USBD_LL_IsStallEP
 .text.USBD_LL_SetUSBAddress
                0x08001726       0x1e build/usbd_conf.o
                0x08001726                USBD_LL_SetUSBAddress
 .text.USBD_LL_Transmit
                0x08001744       0x1e build/usbd_conf.o
                0x08001744                USBD_LL_Transmit
 .text.USBD_LL_PrepareReceive
                0x08001762       0x1e build/usbd_conf.o
                0x08001762                USBD_LL_PrepareReceive
 .text.USBD_LL_GetRxDataSize
                0x08001780        0xc build/usbd_conf.o
                0x08001780                USBD_LL_GetRxDataSize
 .text.HAL_PCDEx_LPM_Callback
                0x0800178c       0x48 build/usbd_conf.o
                0x0800178c                HAL_PCDEx_LPM_Callback
 .text.USBD_static_malloc
                0x080017d4        0x8 build/usbd_conf.o
                0x080017d4                USBD_static_malloc
 .text.USBD_static_free
                0x080017dc        0x2 build/usbd_conf.o
                0x080017dc                USBD_static_free
 .text.HAL_PCD_EP_DB_Receive
                0x080017de      0x118 build/stm32l4xx_hal_pcd.o
 .text.HAL_PCD_Init
                0x080018f6      0x12c build/stm32l4xx_hal_pcd.o
                0x080018f6                HAL_PCD_Init
 .text.HAL_PCD_Start
                0x08001a22       0x2a build/stm32l4xx_hal_pcd.o
                0x08001a22                HAL_PCD_Start
 .text.HAL_PCD_EP_DB_Transmit
                0x08001a4c      0x410 build/stm32l4xx_hal_pcd.o
 .text.PCD_EP_ISR_Handler
                0x08001e5c      0x540 build/stm32l4xx_hal_pcd.o
 .text.HAL_PCD_SetAddress
                0x0800239c       0x28 build/stm32l4xx_hal_pcd.o
                0x0800239c                HAL_PCD_SetAddress
 .text.HAL_PCD_IRQHandler
                0x080023c4      0x1b2 build/stm32l4xx_hal_pcd.o
                0x080023c4                HAL_PCD_IRQHandler
 .text.HAL_PCD_EP_Open
                0x08002576       0x88 build/stm32l4xx_hal_pcd.o
                0x08002576                HAL_PCD_EP_Open
 .text.HAL_PCD_EP_Close
                0x080025fe       0x6a build/stm32l4xx_hal_pcd.o
                0x080025fe                HAL_PCD_EP_Close
 .text.HAL_PCD_EP_Receive
                0x08002668       0x46 build/stm32l4xx_hal_pcd.o
                0x08002668                HAL_PCD_EP_Receive
 .text.HAL_PCD_EP_GetRxCount
                0x080026ae       0x12 build/stm32l4xx_hal_pcd.o
                0x080026ae                HAL_PCD_EP_GetRxCount
 .text.HAL_PCD_EP_Transmit
                0x080026c0       0x54 build/stm32l4xx_hal_pcd.o
                0x080026c0                HAL_PCD_EP_Transmit
 .text.HAL_PCD_EP_SetStall
                0x08002714       0x84 build/stm32l4xx_hal_pcd.o
                0x08002714                HAL_PCD_EP_SetStall
 .text.HAL_PCD_EP_ClrStall
                0x08002798       0x82 build/stm32l4xx_hal_pcd.o
                0x08002798                HAL_PCD_EP_ClrStall
 .text.HAL_PCDEx_PMAConfig
                0x0800281a       0x3c build/stm32l4xx_hal_pcd_ex.o
                0x0800281a                HAL_PCDEx_PMAConfig
 .text.HAL_PCDEx_ActivateLPM
                0x08002856       0x2c build/stm32l4xx_hal_pcd_ex.o
                0x08002856                HAL_PCDEx_ActivateLPM
 .text.USB_CoreInit
                0x08002882        0xe build/stm32l4xx_ll_usb.o
                0x08002882                USB_CoreInit
 .text.USB_EnableGlobalInt
                0x08002890       0x12 build/stm32l4xx_ll_usb.o
                0x08002890                USB_EnableGlobalInt
 .text.USB_DisableGlobalInt
                0x080028a2       0x14 build/stm32l4xx_ll_usb.o
                0x080028a2                USB_DisableGlobalInt
 .text.USB_SetCurrentMode
                0x080028b6        0x4 build/stm32l4xx_ll_usb.o
                0x080028b6                USB_SetCurrentMode
 .text.USB_DevInit
                0x080028ba       0x22 build/stm32l4xx_ll_usb.o
                0x080028ba                USB_DevInit
 .text.USB_ActivateEndpoint
                0x080028dc      0x3bc build/stm32l4xx_ll_usb.o
                0x080028dc                USB_ActivateEndpoint
 .text.USB_DeactivateEndpoint
                0x08002c98      0x1d6 build/stm32l4xx_ll_usb.o
                0x08002c98                USB_DeactivateEndpoint
 .text.USB_EPSetStall
                0x08002e6e       0x4a build/stm32l4xx_ll_usb.o
                0x08002e6e                USB_EPSetStall
 .text.USB_EPClearStall
                0x08002eb8       0xa2 build/stm32l4xx_ll_usb.o
                0x08002eb8                USB_EPClearStall
 .text.USB_SetDevAddress
                0x08002f5a        0xc build/stm32l4xx_ll_usb.o
                0x08002f5a                USB_SetDevAddress
 .text.USB_DevConnect
                0x08002f66       0x16 build/stm32l4xx_ll_usb.o
                0x08002f66                USB_DevConnect
 .text.USB_DevDisconnect
                0x08002f7c       0x10 build/stm32l4xx_ll_usb.o
                0x08002f7c                USB_DevDisconnect
 .text.USB_ReadInterrupts
                0x08002f8c        0x8 build/stm32l4xx_ll_usb.o
                0x08002f8c                USB_ReadInterrupts
 .text.USB_EP0_OutStart
                0x08002f94        0x4 build/stm32l4xx_ll_usb.o
                0x08002f94                USB_EP0_OutStart
 .text.USB_WritePMA
                0x08002f98       0x28 build/stm32l4xx_ll_usb.o
                0x08002f98                USB_WritePMA
 .text.USB_EPStartXfer
                0x08002fc0      0x760 build/stm32l4xx_ll_usb.o
                0x08002fc0                USB_EPStartXfer
 .text.USB_ReadPMA
                0x08003720       0x30 build/stm32l4xx_ll_usb.o
                0x08003720                USB_ReadPMA
 .text.HAL_InitTick
                0x08003750       0x50 build/stm32l4xx_hal.o
                0x08003750                HAL_InitTick
 .text.HAL_Init
                0x080037a0       0x1e build/stm32l4xx_hal.o
                0x080037a0                HAL_Init
 *fill*         0x080037be        0x2 
 .text.HAL_IncTick
                0x080037c0       0x18 build/stm32l4xx_hal.o
                0x080037c0                HAL_IncTick
 .text.HAL_GetTick
                0x080037d8        0xc build/stm32l4xx_hal.o
                0x080037d8                HAL_GetTick
 .text.HAL_Delay
                0x080037e4       0x28 build/stm32l4xx_hal.o
                0x080037e4                HAL_Delay
 .text.HAL_I2C_Init
                0x0800380c       0xbc build/stm32l4xx_hal_i2c.o
                0x0800380c                HAL_I2C_Init
 .text.HAL_I2CEx_ConfigAnalogFilter
                0x080038c8       0x5c build/stm32l4xx_hal_i2c_ex.o
                0x080038c8                HAL_I2CEx_ConfigAnalogFilter
 .text.HAL_I2CEx_ConfigDigitalFilter
                0x08003924       0x58 build/stm32l4xx_hal_i2c_ex.o
                0x08003924                HAL_I2CEx_ConfigDigitalFilter
 .text.RCC_SetFlashLatencyFromMSIRange
                0x0800397c       0x90 build/stm32l4xx_hal_rcc.o
 .text.HAL_RCC_GetSysClockFreq
                0x08003a0c       0xb4 build/stm32l4xx_hal_rcc.o
                0x08003a0c                HAL_RCC_GetSysClockFreq
 .text.HAL_RCC_OscConfig
                0x08003ac0      0x66c build/stm32l4xx_hal_rcc.o
                0x08003ac0                HAL_RCC_OscConfig
 .text.HAL_RCC_ClockConfig
                0x0800412c      0x188 build/stm32l4xx_hal_rcc.o
                0x0800412c                HAL_RCC_ClockConfig
 .text.HAL_RCC_GetHCLKFreq
                0x080042b4        0xc build/stm32l4xx_hal_rcc.o
                0x080042b4                HAL_RCC_GetHCLKFreq
 .text.HAL_RCC_GetPCLK1Freq
                0x080042c0       0x24 build/stm32l4xx_hal_rcc.o
                0x080042c0                HAL_RCC_GetPCLK1Freq
 .text.HAL_RCC_GetPCLK2Freq
                0x080042e4       0x24 build/stm32l4xx_hal_rcc.o
                0x080042e4                HAL_RCC_GetPCLK2Freq
 .text.RCCEx_PLLSAI1_Config
                0x08004308      0x16c build/stm32l4xx_hal_rcc_ex.o
 .text.HAL_RCCEx_PeriphCLKConfig
                0x08004474      0x2e8 build/stm32l4xx_hal_rcc_ex.o
                0x08004474                HAL_RCCEx_PeriphCLKConfig
 .text.HAL_GPIO_Init
                0x0800475c      0x1b0 build/stm32l4xx_hal_gpio.o
                0x0800475c                HAL_GPIO_Init
 .text.HAL_GPIO_WritePin
                0x0800490c        0xa build/stm32l4xx_hal_gpio.o
                0x0800490c                HAL_GPIO_WritePin
 .text.HAL_GPIO_TogglePin
                0x08004916       0x12 build/stm32l4xx_hal_gpio.o
                0x08004916                HAL_GPIO_TogglePin
 .text.HAL_PWREx_GetVoltageRange
                0x08004928       0x10 build/stm32l4xx_hal_pwr_ex.o
                0x08004928                HAL_PWREx_GetVoltageRange
 .text.HAL_PWREx_ControlVoltageScaling
                0x08004938       0x90 build/stm32l4xx_hal_pwr_ex.o
                0x08004938                HAL_PWREx_ControlVoltageScaling
 .text.HAL_PWREx_EnableVddUSB
                0x080049c8       0x10 build/stm32l4xx_hal_pwr_ex.o
                0x080049c8                HAL_PWREx_EnableVddUSB
 .text.HAL_NVIC_SetPriorityGrouping
                0x080049d8       0x24 build/stm32l4xx_hal_cortex.o
                0x080049d8                HAL_NVIC_SetPriorityGrouping
 .text.HAL_NVIC_SetPriority
                0x080049fc       0x70 build/stm32l4xx_hal_cortex.o
                0x080049fc                HAL_NVIC_SetPriority
 .text.HAL_NVIC_EnableIRQ
                0x08004a6c       0x1c build/stm32l4xx_hal_cortex.o
                0x08004a6c                HAL_NVIC_EnableIRQ
 .text.HAL_SYSTICK_Config
                0x08004a88       0x28 build/stm32l4xx_hal_cortex.o
                0x08004a88                HAL_SYSTICK_Config
 .text.HAL_ADC_Init
                0x08004ab0      0x1dc build/stm32l4xx_hal_adc.o
                0x08004ab0                HAL_ADC_Init
 .text.HAL_ADC_ConfigChannel
                0x08004c8c      0x4a0 build/stm32l4xx_hal_adc.o
                0x08004c8c                HAL_ADC_ConfigChannel
 .text.UART_SetConfig
                0x0800512c      0x260 build/stm32l4xx_hal_uart.o
                0x0800512c                UART_SetConfig
 .text.UART_AdvFeatureConfig
                0x0800538c       0xca build/stm32l4xx_hal_uart.o
                0x0800538c                UART_AdvFeatureConfig
 .text.UART_WaitOnFlagUntilTimeout
                0x08005456       0xd4 build/stm32l4xx_hal_uart.o
                0x08005456                UART_WaitOnFlagUntilTimeout
 .text.HAL_UART_Transmit
                0x0800552a       0xd8 build/stm32l4xx_hal_uart.o
                0x0800552a                HAL_UART_Transmit
 .text.UART_CheckIdleState
                0x08005602       0x70 build/stm32l4xx_hal_uart.o
                0x08005602                UART_CheckIdleState
 .text.HAL_UART_Init
                0x08005672       0x62 build/stm32l4xx_hal_uart.o
                0x08005672                HAL_UART_Init
 .text.USBD_Init
                0x080056d4       0x2e build/usbd_core.o
                0x080056d4                USBD_Init
 .text.USBD_RegisterClass
                0x08005702       0x2e build/usbd_core.o
                0x08005702                USBD_RegisterClass
 .text.USBD_Start
                0x08005730        0x8 build/usbd_core.o
                0x08005730                USBD_Start
 .text.USBD_SetClassConfig
                0x08005738       0x12 build/usbd_core.o
                0x08005738                USBD_SetClassConfig
 .text.USBD_ClrClassConfig
                0x0800574a       0x10 build/usbd_core.o
                0x0800574a                USBD_ClrClassConfig
 .text.USBD_LL_SetupStage
                0x0800575a       0x58 build/usbd_core.o
                0x0800575a                USBD_LL_SetupStage
 .text.USBD_LL_DataOutStage
                0x080057b2       0x78 build/usbd_core.o
                0x080057b2                USBD_LL_DataOutStage
 .text.USBD_LL_DataInStage
                0x0800582a       0xbe build/usbd_core.o
                0x0800582a                USBD_LL_DataInStage
 .text.USBD_LL_Reset
                0x080058e8       0x5a build/usbd_core.o
                0x080058e8                USBD_LL_Reset
 .text.USBD_LL_SetSpeed
                0x08005942        0x6 build/usbd_core.o
                0x08005942                USBD_LL_SetSpeed
 .text.USBD_LL_Suspend
                0x08005948       0x14 build/usbd_core.o
                0x08005948                USBD_LL_Suspend
 .text.USBD_LL_Resume
                0x0800595c       0x1a build/usbd_core.o
                0x0800595c                USBD_LL_Resume
 .text.USBD_LL_SOF
                0x08005976       0x28 build/usbd_core.o
                0x08005976                USBD_LL_SOF
 .text.USBD_GetLen
                0x0800599e       0x14 build/usbd_ctlreq.o
 .text.USBD_SetFeature
                0x080059b2       0x14 build/usbd_ctlreq.o
 .text.USBD_ParseSetupRequest
                0x080059c6       0x28 build/usbd_ctlreq.o
                0x080059c6                USBD_ParseSetupRequest
 .text.USBD_CtlError
                0x080059ee       0x14 build/usbd_ctlreq.o
                0x080059ee                USBD_CtlError
 .text.USBD_GetDescriptor
                0x08005a02      0x1ac build/usbd_ctlreq.o
 .text.USBD_SetAddress
                0x08005bae       0x50 build/usbd_ctlreq.o
 *fill*         0x08005bfe        0x2 
 .text.USBD_SetConfig
                0x08005c00       0xc8 build/usbd_ctlreq.o
 .text.USBD_GetConfig
                0x08005cc8       0x40 build/usbd_ctlreq.o
 .text.USBD_GetStatus
                0x08005d08       0x38 build/usbd_ctlreq.o
 .text.USBD_ClrFeature
                0x08005d40       0x26 build/usbd_ctlreq.o
 .text.USBD_StdDevReq
                0x08005d66       0x70 build/usbd_ctlreq.o
                0x08005d66                USBD_StdDevReq
 .text.USBD_StdItfReq
                0x08005dd6       0x68 build/usbd_ctlreq.o
                0x08005dd6                USBD_StdItfReq
 .text.USBD_StdEPReq
                0x08005e3e      0x1ec build/usbd_ctlreq.o
                0x08005e3e                USBD_StdEPReq
 .text.USBD_GetString
                0x0800602a       0x3a build/usbd_ctlreq.o
                0x0800602a                USBD_GetString
 .text.USBD_CtlSendData
                0x08006064       0x1a build/usbd_ioreq.o
                0x08006064                USBD_CtlSendData
 .text.USBD_CtlContinueSendData
                0x0800607e       0x10 build/usbd_ioreq.o
                0x0800607e                USBD_CtlContinueSendData
 .text.USBD_CtlPrepareRx
                0x0800608e       0x1e build/usbd_ioreq.o
                0x0800608e                USBD_CtlPrepareRx
 .text.USBD_CtlContinueRx
                0x080060ac       0x10 build/usbd_ioreq.o
                0x080060ac                USBD_CtlContinueRx
 .text.USBD_CtlSendStatus
                0x080060bc       0x16 build/usbd_ioreq.o
                0x080060bc                USBD_CtlSendStatus
 .text.USBD_CtlReceiveStatus
                0x080060d2       0x16 build/usbd_ioreq.o
                0x080060d2                USBD_CtlReceiveStatus
 .text.USBD_CDC_EP0_RxReady
                0x080060e8       0x36 build/usbd_cdc.o
 *fill*         0x0800611e        0x2 
 .text.USBD_CDC_GetFSCfgDesc
                0x08006120        0xc build/usbd_cdc.o
 .text.USBD_CDC_GetHSCfgDesc
                0x0800612c        0xc build/usbd_cdc.o
 .text.USBD_CDC_GetOtherSpeedCfgDesc
                0x08006138        0xc build/usbd_cdc.o
 .text.USBD_CDC_GetDeviceQualifierDescriptor
                0x08006144        0xc build/usbd_cdc.o
                0x08006144                USBD_CDC_GetDeviceQualifierDescriptor
 .text.USBD_CDC_DataOut
                0x08006150       0x2a build/usbd_cdc.o
 .text.USBD_CDC_DataIn
                0x0800617a       0x6a build/usbd_cdc.o
 .text.USBD_CDC_Setup
                0x080061e4       0xf4 build/usbd_cdc.o
 .text.USBD_CDC_DeInit
                0x080062d8       0x48 build/usbd_cdc.o
 .text.USBD_CDC_Init
                0x08006320       0xc2 build/usbd_cdc.o
 .text.USBD_CDC_RegisterInterface
                0x080063e2        0xe build/usbd_cdc.o
                0x080063e2                USBD_CDC_RegisterInterface
 .text.USBD_CDC_SetTxBuffer
                0x080063f0       0x16 build/usbd_cdc.o
                0x080063f0                USBD_CDC_SetTxBuffer
 .text.USBD_CDC_SetRxBuffer
                0x08006406       0x12 build/usbd_cdc.o
                0x08006406                USBD_CDC_SetRxBuffer
 .text.USBD_CDC_TransmitPacket
                0x08006418       0x34 build/usbd_cdc.o
                0x08006418                USBD_CDC_TransmitPacket
 .text.USBD_CDC_ReceivePacket
                0x0800644c       0x32 build/usbd_cdc.o
                0x0800644c                USBD_CDC_ReceivePacket
 *fill*         0x0800647e        0x2 
 .text.Reset_Handler
                0x08006480       0x50 build/startup_stm32l432xx.o
                0x08006480                Reset_Handler
 .text.Default_Handler
                0x080064d0        0x2 build/startup_stm32l432xx.o
                0x080064d0                RTC_Alarm_IRQHandler
                0x080064d0                EXTI2_IRQHandler
                0x080064d0                TIM1_CC_IRQHandler
                0x080064d0                TSC_IRQHandler
                0x080064d0                TAMP_STAMP_IRQHandler
                0x080064d0                EXTI3_IRQHandler
                0x080064d0                LPTIM2_IRQHandler
                0x080064d0                I2C3_ER_IRQHandler
                0x080064d0                EXTI0_IRQHandler
                0x080064d0                CAN1_RX0_IRQHandler
                0x080064d0                FPU_IRQHandler
                0x080064d0                TIM1_UP_TIM16_IRQHandler
                0x080064d0                SPI1_IRQHandler
                0x080064d0                TIM6_DAC_IRQHandler
                0x080064d0                DMA2_Channel2_IRQHandler
                0x080064d0                DMA1_Channel4_IRQHandler
                0x080064d0                ADC1_IRQHandler
                0x080064d0                DMA1_Channel7_IRQHandler
                0x080064d0                CAN1_RX1_IRQHandler
                0x080064d0                DMA2_Channel1_IRQHandler
                0x080064d0                QUADSPI_IRQHandler
                0x080064d0                I2C1_EV_IRQHandler
                0x080064d0                DMA1_Channel6_IRQHandler
                0x080064d0                DMA2_Channel4_IRQHandler
                0x080064d0                RCC_IRQHandler
                0x080064d0                TIM1_TRG_COM_IRQHandler
                0x080064d0                DMA1_Channel1_IRQHandler
                0x080064d0                Default_Handler
                0x080064d0                DMA2_Channel7_IRQHandler
                0x080064d0                EXTI15_10_IRQHandler
                0x080064d0                TIM7_IRQHandler
                0x080064d0                I2C3_EV_IRQHandler
                0x080064d0                EXTI9_5_IRQHandler
                0x080064d0                RTC_WKUP_IRQHandler
                0x080064d0                PVD_PVM_IRQHandler
                0x080064d0                CAN1_TX_IRQHandler
                0x080064d0                DMA2_Channel5_IRQHandler
                0x080064d0                CRS_IRQHandler
                0x080064d0                DMA1_Channel5_IRQHandler
                0x080064d0                EXTI4_IRQHandler
                0x080064d0                RNG_IRQHandler
                0x080064d0                DMA1_Channel3_IRQHandler
                0x080064d0                COMP_IRQHandler
                0x080064d0                WWDG_IRQHandler
                0x080064d0                LPUART1_IRQHandler
                0x080064d0                DMA2_Channel6_IRQHandler
                0x080064d0                TIM2_IRQHandler
                0x080064d0                EXTI1_IRQHandler
                0x080064d0                DMA1_Channel2_IRQHandler
                0x080064d0                CAN1_SCE_IRQHandler
                0x080064d0                FLASH_IRQHandler
                0x080064d0                SPI3_IRQHandler
                0x080064d0                I2C1_ER_IRQHandler
                0x080064d0                SWPMI1_IRQHandler
                0x080064d0                LPTIM1_IRQHandler
                0x080064d0                SAI1_IRQHandler
                0x080064d0                DMA2_Channel3_IRQHandler
                0x080064d0                TIM1_BRK_TIM15_IRQHandler
 *fill*         0x080064d2        0x2 
 .text.__libc_init_array
                0x080064d4       0x48 c:/gnuarm/bin/../lib/gcc/arm-none-eabi/10.3.1/../../../../arm-none-eabi/lib/thumb/v7e-m+fp/hard\libc_nano.a(lib_a-init.o)
                0x080064d4                __libc_init_array
 .text.memset   0x0800651c       0x10 c:/gnuarm/bin/../lib/gcc/arm-none-eabi/10.3.1/../../../../arm-none-eabi/lib/thumb/v7e-m+fp/hard\libc_nano.a(lib_a-memset.o)
                0x0800651c                memset
 .text._vsprintf_r
                0x0800652c       0x2c c:/gnuarm/bin/../lib/gcc/arm-none-eabi/10.3.1/../../../../arm-none-eabi/lib/thumb/v7e-m+fp/hard\libc_nano.a(lib_a-vsprintf.o)
                0x0800652c                _vsprintf_r
                0x0800652c                _vsiprintf_r
 .text.vsprintf
                0x08006558       0x14 c:/gnuarm/bin/../lib/gcc/arm-none-eabi/10.3.1/../../../../arm-none-eabi/lib/thumb/v7e-m+fp/hard\libc_nano.a(lib_a-vsprintf.o)
                0x08006558                vsiprintf
                0x08006558                vsprintf
 .text.__ssputs_r
                0x0800656c       0xb6 c:/gnuarm/bin/../lib/gcc/arm-none-eabi/10.3.1/../../../../arm-none-eabi/lib/thumb/v7e-m+fp/hard\libc_nano.a(lib_a-nano-svfprintf.o)
                0x0800656c                __ssputs_r
 *fill*         0x08006622        0x2 
 .text._svfprintf_r
                0x08006624      0x200 c:/gnuarm/bin/../lib/gcc/arm-none-eabi/10.3.1/../../../../arm-none-eabi/lib/thumb/v7e-m+fp/hard\libc_nano.a(lib_a-nano-svfprintf.o)
                0x08006624                _svfiprintf_r
                0x08006624                _svfprintf_r
 .text._printf_common
                0x08006824       0xda c:/gnuarm/bin/../lib/gcc/arm-none-eabi/10.3.1/../../../../arm-none-eabi/lib/thumb/v7e-m+fp/hard\libc_nano.a(lib_a-nano-vfprintf_i.o)
                0x08006824                _printf_common
 *fill*         0x080068fe        0x2 
 .text._printf_i
                0x08006900      0x24c c:/gnuarm/bin/../lib/gcc/arm-none-eabi/10.3.1/../../../../arm-none-eabi/lib/thumb/v7e-m+fp/hard\libc_nano.a(lib_a-nano-vfprintf_i.o)
                0x08006900                _printf_i
 .text.memcpy   0x08006b4c       0x1c c:/gnuarm/bin/../lib/gcc/arm-none-eabi/10.3.1/../../../../arm-none-eabi/lib/thumb/v7e-m+fp/hard\libc_nano.a(lib_a-memcpy-stub.o)
                0x08006b4c                memcpy
 .text.memmove  0x08006b68       0x34 c:/gnuarm/bin/../lib/gcc/arm-none-eabi/10.3.1/../../../../arm-none-eabi/lib/thumb/v7e-m+fp/hard\libc_nano.a(lib_a-memmove.o)
                0x08006b68                memmove
 .text._free_r  0x08006b9c       0x98 c:/gnuarm/bin/../lib/gcc/arm-none-eabi/10.3.1/../../../../arm-none-eabi/lib/thumb/v7e-m+fp/hard\libc_nano.a(lib_a-nano-freer.o)
                0x08006b9c                _free_r
 .text.sbrk_aligned
                0x08006c34       0x40 c:/gnuarm/bin/../lib/gcc/arm-none-eabi/10.3.1/../../../../arm-none-eabi/lib/thumb/v7e-m+fp/hard\libc_nano.a(lib_a-nano-mallocr.o)
 .text._malloc_r
                0x08006c74       0xe8 c:/gnuarm/bin/../lib/gcc/arm-none-eabi/10.3.1/../../../../arm-none-eabi/lib/thumb/v7e-m+fp/hard\libc_nano.a(lib_a-nano-mallocr.o)
                0x08006c74                _malloc_r
 .text._realloc_r
                0x08006d5c       0x5e c:/gnuarm/bin/../lib/gcc/arm-none-eabi/10.3.1/../../../../arm-none-eabi/lib/thumb/v7e-m+fp/hard\libc_nano.a(lib_a-nano-reallocr.o)
                0x08006d5c                _realloc_r
 *fill*         0x08006dba        0x2 
 .text._sbrk_r  0x08006dbc       0x20 c:/gnuarm/bin/../lib/gcc/arm-none-eabi/10.3.1/../../../../arm-none-eabi/lib/thumb/v7e-m+fp/hard\libc_nano.a(lib_a-sbrkr.o)
                0x08006dbc                _sbrk_r
 .text.__malloc_lock
                0x08006ddc        0xc c:/gnuarm/bin/../lib/gcc/arm-none-eabi/10.3.1/../../../../arm-none-eabi/lib/thumb/v7e-m+fp/hard\libc_nano.a(lib_a-mlock.o)
                0x08006ddc                __malloc_lock
 .text.__malloc_unlock
                0x08006de8        0xc c:/gnuarm/bin/../lib/gcc/arm-none-eabi/10.3.1/../../../../arm-none-eabi/lib/thumb/v7e-m+fp/hard\libc_nano.a(lib_a-mlock.o)
                0x08006de8                __malloc_unlock
 .text._malloc_usable_size_r
                0x08006df4       0x10 c:/gnuarm/bin/../lib/gcc/arm-none-eabi/10.3.1/../../../../arm-none-eabi/lib/thumb/v7e-m+fp/hard\libc_nano.a(lib_a-nano-msizer.o)
                0x08006df4                _malloc_usable_size_r
 .text.__retarget_lock_acquire_recursive
                0x08006e04        0x2 c:/gnuarm/bin/../lib/gcc/arm-none-eabi/10.3.1/../../../../arm-none-eabi/lib/thumb/v7e-m+fp/hard\libc_nano.a(lib_a-lock.o)
                0x08006e04                __retarget_lock_acquire_recursive
 .text.__retarget_lock_release_recursive
                0x08006e06        0x2 c:/gnuarm/bin/../lib/gcc/arm-none-eabi/10.3.1/../../../../arm-none-eabi/lib/thumb/v7e-m+fp/hard\libc_nano.a(lib_a-lock.o)
                0x08006e06                __retarget_lock_release_recursive
 .text._sbrk    0x08006e08       0x1c c:/gnuarm/bin/../lib/gcc/arm-none-eabi/10.3.1/../../../../arm-none-eabi/lib/thumb/v7e-m+fp/hard\libnosys.a(sbrk.o)
                0x08006e08                _sbrk
 *(.glue_7)
 .glue_7        0x08006e24        0x0 linker stubs
 *(.glue_7t)
 .glue_7t       0x08006e24        0x0 linker stubs
 *(.eh_frame)
 .eh_frame      0x08006e24        0x0 c:/gnuarm/bin/../lib/gcc/arm-none-eabi/10.3.1/thumb/v7e-m+fp/hard/crtbegin.o
 *(.init)
 .init          0x08006e24        0x4 c:/gnuarm/bin/../lib/gcc/arm-none-eabi/10.3.1/thumb/v7e-m+fp/hard/crti.o
                0x08006e24                _init
 .init          0x08006e28        0x8 c:/gnuarm/bin/../lib/gcc/arm-none-eabi/10.3.1/thumb/v7e-m+fp/hard/crtn.o
 *(.fini)
 .fini          0x08006e30        0x4 c:/gnuarm/bin/../lib/gcc/arm-none-eabi/10.3.1/thumb/v7e-m+fp/hard/crti.o
                0x08006e30                _fini
 .fini          0x08006e34        0x8 c:/gnuarm/bin/../lib/gcc/arm-none-eabi/10.3.1/thumb/v7e-m+fp/hard/crtn.o
                0x08006e40                . = ALIGN (0x8)
 *fill*         0x08006e3c        0x4 
                0x08006e40                _etext = .

.vfp11_veneer   0x08006e40        0x0
 .vfp11_veneer  0x08006e40        0x0 linker stubs

.v4_bx          0x08006e40        0x0
 .v4_bx         0x08006e40        0x0 linker stubs

.iplt           0x08006e40        0x0
 .iplt          0x08006e40        0x0 c:/gnuarm/bin/../lib/gcc/arm-none-eabi/10.3.1/thumb/v7e-m+fp/hard/crtbegin.o

.rodata         0x08006e40      0x408
                0x08006e40                . = ALIGN (0x8)
 *(.rodata)
 *(.rodata*)
 .rodata.APPL_Task_Init.str1.4
                0x08006e40       0x23 build/Appl_Task.o
 *fill*         0x08006e63        0x1 
 .rodata.APPL_Data_MODBUS_Task.str1.4
                0x08006e64        0x7 build/Appl_Data.o
 *fill*         0x08006e6b        0x1 
 .rodata.APPL_DMA_LTE_Init.str1.4
                0x08006e6c      0x121 build/APPL_DMA_LTE.o
 *fill*         0x08006f8d        0x3 
 .rodata.APPL_DMA_LTE_MQTT_PUBLISH.str1.4
                0x08006f90       0x25 build/APPL_DMA_LTE.o
 *fill*         0x08006fb5        0x3 
 .rodata.APPL_DMA_LTE_MQTT_PUBLISH_Raw.str1.4
                0x08006fb8        0x6 build/APPL_DMA_LTE.o
                                  0xb (size before relaxing)
 *fill*         0x08006fbe        0x2 
 .rodata.APPL_USB_Init.str1.4
                0x08006fc0       0x92 build/Appl_USBService.o
 *fill*         0x08007052        0x2 
 .rodata.APPL_USB_LineProcess.str1.4
                0x08007054       0x12 build/Appl_USBService.o
 *fill*         0x08007066        0x2 
 .rodata.APPL_USB_IDN.str1.4
                0x08007068       0x32 build/Appl_USBService.o
 *fill*         0x0800709a        0x2 
 .rodata.APPL_USB_HELP.str1.4
                0x0800709c       0x21 build/Appl_USBService.o
 *fill*         0x080070bd        0x3 
 .rodata.APPL_USB_Status.str1.4
                0x080070c0       0x10 build/Appl_USBService.o
 .rodata.APPL_USB_Address.str1.4
                0x080070d0       0x16 build/Appl_USBService.o
 *fill*         0x080070e6        0x2 
 .rodata.NMI_Handler.str1.4
                0x080070e8        0xe build/stm32l4xx_it.o
 *fill*         0x080070f6        0x2 
 .rodata.HardFault_Handler.str1.4
                0x080070f8       0x14 build/stm32l4xx_it.o
 .rodata.MemManage_Handler.str1.4
                0x0800710c       0x14 build/stm32l4xx_it.o
 .rodata.BusFault_Handler.str1.4
                0x08007120       0x13 build/stm32l4xx_it.o
 *fill*         0x08007133        0x1 
 .rodata.UsageFault_Handler.str1.4
                0x08007134       0x15 build/stm32l4xx_it.o
 *fill*         0x08007149        0x3 
 .rodata.SVC_Handler.str1.4
                0x0800714c        0xe build/stm32l4xx_it.o
 *fill*         0x0800715a        0x2 
 .rodata.DebugMon_Handler.str1.4
                0x0800715c       0x13 build/stm32l4xx_it.o
 *fill*         0x0800716f        0x1 
 .rodata.PendSV_Handler.str1.4
                0x08007170       0x11 build/stm32l4xx_it.o
 *fill*         0x08007181        0x3 
 .rodata.AHBPrescTable
                0x08007184       0x10 build/system_stm32l4xx.o
                0x08007184                AHBPrescTable
 .rodata.APBPrescTable
                0x08007194        0x8 build/system_stm32l4xx.o
                0x08007194                APBPrescTable
 .rodata.MSIRangeTable
                0x0800719c       0x30 build/system_stm32l4xx.o
                0x0800719c                MSIRangeTable
 .rodata.USBD_FS_ProductStrDescriptor.str1.4
                0x080071cc       0x16 build/usbd_desc.o
 *fill*         0x080071e2        0x2 
 .rodata.USBD_FS_ManufacturerStrDescriptor.str1.4
                0x080071e4       0x13 build/usbd_desc.o
 *fill*         0x080071f7        0x1 
 .rodata.USBD_FS_ConfigStrDescriptor.str1.4
                0x080071f8        0xb build/usbd_desc.o
 *fill*         0x08007203        0x1 
 .rodata.USBD_FS_InterfaceStrDescriptor.str1.4
                0x08007204        0xe build/usbd_desc.o
 .rodata._svfprintf_r.str1.1
                0x08007212       0x11 c:/gnuarm/bin/../lib/gcc/arm-none-eabi/10.3.1/../../../../arm-none-eabi/lib/thumb/v7e-m+fp/hard\libc_nano.a(lib_a-nano-svfprintf.o)
 .rodata._printf_i.str1.1
                0x08007223       0x22 c:/gnuarm/bin/../lib/gcc/arm-none-eabi/10.3.1/../../../../arm-none-eabi/lib/thumb/v7e-m+fp/hard\libc_nano.a(lib_a-nano-vfprintf_i.o)
                0x08007248                . = ALIGN (0x8)
 *fill*         0x08007245        0x3 

.ARM.extab      0x08007248        0x0
                0x08007248                . = ALIGN (0x8)
 *(.ARM.extab* .gnu.linkonce.armextab.*)
                0x08007248                . = ALIGN (0x8)

.ARM            0x08007248        0x8
                0x08007248                . = ALIGN (0x8)
                0x08007248                __exidx_start = .
 *(.ARM.exidx*)
 .ARM.exidx     0x08007248        0x8 c:/gnuarm/bin/../lib/gcc/arm-none-eabi/10.3.1/thumb/v7e-m+fp/hard\libgcc.a(_udivmoddi4.o)
                0x08007250                __exidx_end = .
                0x08007250                . = ALIGN (0x8)

.rel.dyn        0x08007250        0x0
 .rel.iplt      0x08007250        0x0 c:/gnuarm/bin/../lib/gcc/arm-none-eabi/10.3.1/thumb/v7e-m+fp/hard/crtbegin.o

.preinit_array  0x08007250        0x0
                0x08007250                . = ALIGN (0x8)
                0x08007250                PROVIDE (__preinit_array_start = .)
 *(.preinit_array*)
                0x08007250                PROVIDE (__preinit_array_end = .)
                0x08007250                . = ALIGN (0x8)

.init_array     0x08007250        0x8
                0x08007250                . = ALIGN (0x8)
                0x08007250                PROVIDE (__init_array_start = .)
 *(SORT_BY_NAME(.init_array.*))
 *(.init_array*)
 .init_array    0x08007250        0x4 c:/gnuarm/bin/../lib/gcc/arm-none-eabi/10.3.1/thumb/v7e-m+fp/hard/crtbegin.o
                0x08007254                PROVIDE (__init_array_end = .)
                0x08007258                . = ALIGN (0x8)
 *fill*         0x08007254        0x4 

.fini_array     0x08007258        0x8
                0x08007258                . = ALIGN (0x8)
                [!provide]                PROVIDE (__fini_array_start = .)
 *(SORT_BY_NAME(.fini_array.*))
 *(.fini_array*)
 .fini_array    0x08007258        0x4 c:/gnuarm/bin/../lib/gcc/arm-none-eabi/10.3.1/thumb/v7e-m+fp/hard/crtbegin.o
                [!provide]                PROVIDE (__fini_array_end = .)
                0x08007260                . = ALIGN (0x8)
 *fill*         0x0800725c        0x4 
                0x08007260                _sidata = LOADADDR (.data)

.data           0x20000000      0x1f8 load address 0x08007260
                0x20000000                . = ALIGN (0x8)
                0x20000000                _sdata = .
 *(.data)
 *(.data*)
 .data.SystemCoreClock
                0x20000000        0x4 build/system_stm32l4xx.o
                0x20000000                SystemCoreClock
 .data.FS_Desc  0x20000004       0x20 build/usbd_desc.o
                0x20000004                FS_Desc
 .data.USBD_FS_BOSDesc
                0x20000024        0xc build/usbd_desc.o
                0x20000024                USBD_FS_BOSDesc
 .data.USBD_FS_DeviceDesc
                0x20000030       0x12 build/usbd_desc.o
                0x20000030                USBD_FS_DeviceDesc
 *fill*         0x20000042        0x2 
 .data.USBD_LangIDDesc
                0x20000044        0x4 build/usbd_desc.o
                0x20000044                USBD_LangIDDesc
 .data.USBD_StringSerial
                0x20000048       0x1a build/usbd_desc.o
                0x20000048                USBD_StringSerial
 *fill*         0x20000062        0x2 
 .data.USBD_Interface_fops_FS
                0x20000064       0x14 build/usbd_cdc_if.o
                0x20000064                USBD_Interface_fops_FS
 .data.uwTickFreq
                0x20000078        0x1 build/stm32l4xx_hal.o
                0x20000078                uwTickFreq
 *fill*         0x20000079        0x3 
 .data.uwTickPrio
                0x2000007c        0x4 build/stm32l4xx_hal.o
                0x2000007c                uwTickPrio
 .data.USBD_CDC
                0x20000080       0x38 build/usbd_cdc.o
                0x20000080                USBD_CDC
 .data.USBD_CDC_CfgFSDesc
                0x200000b8       0x43 build/usbd_cdc.o
 *fill*         0x200000fb        0x1 
 .data.USBD_CDC_CfgHSDesc
                0x200000fc       0x43 build/usbd_cdc.o
 *fill*         0x2000013f        0x1 
 .data.USBD_CDC_DeviceQualifierDesc
                0x20000140        0xa build/usbd_cdc.o
 *fill*         0x2000014a        0x2 
 .data.USBD_CDC_OtherSpeedCfgDesc
                0x2000014c       0x43 build/usbd_cdc.o
 *fill*         0x2000018f        0x1 
 .data._impure_ptr
                0x20000190        0x4 c:/gnuarm/bin/../lib/gcc/arm-none-eabi/10.3.1/../../../../arm-none-eabi/lib/thumb/v7e-m+fp/hard\libc_nano.a(lib_a-impure.o)
                0x20000190                _impure_ptr
 .data.impure_data
                0x20000194       0x60 c:/gnuarm/bin/../lib/gcc/arm-none-eabi/10.3.1/../../../../arm-none-eabi/lib/thumb/v7e-m+fp/hard\libc_nano.a(lib_a-impure.o)
                0x200001f8                . = ALIGN (0x8)
 *fill*         0x200001f4        0x4 
                0x200001f8                _edata = .

.igot.plt       0x200001f8        0x0 load address 0x08007458
 .igot.plt      0x200001f8        0x0 c:/gnuarm/bin/../lib/gcc/arm-none-eabi/10.3.1/thumb/v7e-m+fp/hard/crtbegin.o
                0x200001f8                . = ALIGN (0x4)

.bss            0x200001f8     0x17c8 load address 0x08007458
                0x200001f8                _sbss = .
                0x200001f8                __bss_start__ = _sbss
 *(.bss)
 .bss           0x200001f8       0x1c c:/gnuarm/bin/../lib/gcc/arm-none-eabi/10.3.1/thumb/v7e-m+fp/hard/crtbegin.o
 *(.bss*)
 .bss.Systick_count
                0x20000214        0x2 build/main.o
                0x20000214                Systick_count
 .bss.time_100ms
                0x20000216        0x1 build/Appl_Task.o
                0x20000216                time_100ms
 .bss.time_10ms
                0x20000217        0x1 build/Appl_Task.o
                0x20000217                time_10ms
 .bss.time_1s   0x20000218        0x1 build/Appl_Task.o
                0x20000218                time_1s
 *fill*         0x20000219        0x3 
 .bss.APPL_Data_RS485_Buffer
                0x2000021c       0xff build/Appl_Data.o
                0x2000021c                APPL_Data_RS485_Buffer
 .bss.APPL_Data_RS485_Buffer_pointer
                0x2000031b        0x1 build/Appl_Data.o
                0x2000031b                APPL_Data_RS485_Buffer_pointer
 .bss.APPL_data
                0x2000031c      0x106 build/Appl_Data.o
                0x2000031c                APPL_data
 *fill*         0x20000422        0x2 
 .bss.APPL_DMA_LTE_Buffer
                0x20000424        0xc build/APPL_DMA_LTE.o
                0x20000424                APPL_DMA_LTE_Buffer
 .bss.APPL_DMA_LTE_Buffer_d
                0x20000430       0x80 build/APPL_DMA_LTE.o
                0x20000430                APPL_DMA_LTE_Buffer_d
 .bss.APPL_DMA_LTE_CMD_OK
                0x200004b0       0x10 build/APPL_DMA_LTE.o
                0x200004b0                APPL_DMA_LTE_CMD_OK
 .bss.APPL_DMA_LTE_Init_Stage
                0x200004c0        0x1 build/APPL_DMA_LTE.o
                0x200004c0                APPL_DMA_LTE_Init_Stage
 *fill*         0x200004c1        0x3 
 .bss.APPL_DMA_LTE_MQTT_ONLINE
                0x200004c4        0x4 build/APPL_DMA_LTE.o
                0x200004c4                APPL_DMA_LTE_MQTT_ONLINE
 .bss.APPL_DMA_LTE_SIM7000G_ErrorCount
                0x200004c8        0x2 build/APPL_DMA_LTE.o
                0x200004c8                APPL_DMA_LTE_SIM7000G_ErrorCount
 *fill*         0x200004ca        0x2 
 .bss.APPL_DMA_LTE_Step_Init
                0x200004cc       0x78 build/APPL_DMA_LTE.o
                0x200004cc                APPL_DMA_LTE_Step_Init
 .bss.APPL_USB_CMD_Address
                0x20000544       0x10 build/Appl_USBService.o
                0x20000544                APPL_USB_CMD_Address
 .bss.APPL_USB_CMD_HELP
                0x20000554       0x10 build/Appl_USBService.o
                0x20000554                APPL_USB_CMD_HELP
 .bss.APPL_USB_CMD_IDN
                0x20000564       0x10 build/Appl_USBService.o
                0x20000564                APPL_USB_CMD_IDN
 .bss.APPL_USB_CMD_LTE_Send
                0x20000574       0x10 build/Appl_USBService.o
                0x20000574                APPL_USB_CMD_LTE_Send
 .bss.APPL_USB_CMD_Status
                0x20000584       0x10 build/Appl_USBService.o
                0x20000584                APPL_USB_CMD_Status
 .bss.APPL_USB_Data
                0x20000594       0x64 build/Appl_USBService.o
                0x20000594                APPL_USB_Data
 .bss.APPL_USB_Rx
                0x200005f8        0xc build/Appl_USBService.o
                0x200005f8                APPL_USB_Rx
 .bss.hadc1     0x20000604       0x64 build/adc.o
                0x20000604                hadc1
 .bss.hi2c1     0x20000668       0x54 build/i2c.o
                0x20000668                hi2c1
 .bss.huart1    0x200006bc       0x84 build/usart.o
                0x200006bc                huart1
 .bss.huart2    0x20000740       0x84 build/usart.o
                0x20000740                huart2
 .bss.EKM_CMDg_ppcArgv
                0x200007c4       0x24 build/EKM_CMD.o
 .bss.hUsbDeviceFS
                0x200007e8      0x2d0 build/usb_device.o
                0x200007e8                hUsbDeviceFS
 .bss.USBD_StrDesc
                0x20000ab8      0x200 build/usbd_desc.o
                0x20000ab8                USBD_StrDesc
 .bss.UserRxBufferFS
                0x20000cb8      0x3e8 build/usbd_cdc_if.o
                0x20000cb8                UserRxBufferFS
 .bss.UserTxBufferFS
                0x200010a0      0x3e8 build/usbd_cdc_if.o
                0x200010a0                UserTxBufferFS
 .bss.hpcd_USB_FS
                0x20001488      0x2fc build/usbd_conf.o
                0x20001488                hpcd_USB_FS
 .bss.mem.0     0x20001784      0x220 build/usbd_conf.o
 .bss.uwTick    0x200019a4        0x4 build/stm32l4xx_hal.o
                0x200019a4                uwTick
 .bss.cfgidx.0  0x200019a8        0x1 build/usbd_ctlreq.o
 *fill*         0x200019a9        0x3 
 .bss.__malloc_free_list
                0x200019ac        0x4 c:/gnuarm/bin/../lib/gcc/arm-none-eabi/10.3.1/../../../../arm-none-eabi/lib/thumb/v7e-m+fp/hard\libc_nano.a(lib_a-nano-mallocr.o)
                0x200019ac                __malloc_free_list
 .bss.__malloc_sbrk_start
                0x200019b0        0x4 c:/gnuarm/bin/../lib/gcc/arm-none-eabi/10.3.1/../../../../arm-none-eabi/lib/thumb/v7e-m+fp/hard\libc_nano.a(lib_a-nano-mallocr.o)
                0x200019b0                __malloc_sbrk_start
 .bss.errno     0x200019b4        0x4 c:/gnuarm/bin/../lib/gcc/arm-none-eabi/10.3.1/../../../../arm-none-eabi/lib/thumb/v7e-m+fp/hard\libc_nano.a(lib_a-reent.o)
                0x200019b4                errno
 .bss.__lock___malloc_recursive_mutex
                0x200019b8        0x1 c:/gnuarm/bin/../lib/gcc/arm-none-eabi/10.3.1/../../../../arm-none-eabi/lib/thumb/v7e-m+fp/hard\libc_nano.a(lib_a-lock.o)
                0x200019b8                __lock___malloc_recursive_mutex
 *fill*         0x200019b9        0x3 
 .bss.heap_end.0
                0x200019bc        0x4 c:/gnuarm/bin/../lib/gcc/arm-none-eabi/10.3.1/../../../../arm-none-eabi/lib/thumb/v7e-m+fp/hard\libnosys.a(sbrk.o)
 *(COMMON)
                0x200019c0                . = ALIGN (0x4)
                0x200019c0                _ebss = .
                0x200019c0                __bss_end__ = _ebss

._user_heap_stack
                0x200019c0      0x600 load address 0x08007458
                0x200019c0                . = ALIGN (0x8)
                0x200019c0                PROVIDE (end = .)
                [!provide]                PROVIDE (_end = .)
                0x20001bc0                . = (. + _Min_Heap_Size)
 *fill*         0x200019c0      0x200 
                0x20001fc0                . = (. + _Min_Stack_Size)
 *fill*         0x20001bc0      0x400 
                0x20001fc0                . = ALIGN (0x8)

/DISCARD/
 libc.a(*)
 libm.a(*)
 libgcc.a(*)

.ARM.attributes
                0x00000000       0x30
 *(.ARM.attributes)
 .ARM.attributes
                0x00000000       0x1e c:/gnuarm/bin/../lib/gcc/arm-none-eabi/10.3.1/thumb/v7e-m+fp/hard/crti.o
 .ARM.attributes
                0x0000001e       0x34 c:/gnuarm/bin/../lib/gcc/arm-none-eabi/10.3.1/thumb/v7e-m+fp/hard/crtbegin.o
 .ARM.attributes
                0x00000052       0x34 build/main.o
 .ARM.attributes
                0x00000086       0x34 build/Appl_Task.o
 .ARM.attributes
                0x000000ba       0x34 build/Appl_Data.o
 .ARM.attributes
                0x000000ee       0x34 build/APPL_DMA_LTE.o
 .ARM.attributes
                0x00000122       0x34 build/Appl_USBService.o
 .ARM.attributes
                0x00000156       0x34 build/gpio.o
 .ARM.attributes
                0x0000018a       0x34 build/adc.o
 .ARM.attributes
                0x000001be       0x34 build/i2c.o
 .ARM.attributes
                0x000001f2       0x34 build/usart.o
 .ARM.attributes
                0x00000226       0x34 build/stm32l4xx_it.o
 .ARM.attributes
                0x0000025a       0x34 build/stm32l4xx_hal_msp.o
 .ARM.attributes
                0x0000028e       0x34 build/system_stm32l4xx.o
 .ARM.attributes
                0x000002c2       0x34 build/EKM_Buffer.o
 .ARM.attributes
                0x000002f6       0x34 build/EKM_CMD.o
 .ARM.attributes
                0x0000032a       0x34 build/usb_device.o
 .ARM.attributes
                0x0000035e       0x34 build/usbd_desc.o
 .ARM.attributes
                0x00000392       0x34 build/usbd_cdc_if.o
 .ARM.attributes
                0x000003c6       0x34 build/usbd_conf.o
 .ARM.attributes
                0x000003fa       0x34 build/stm32l4xx_hal_pcd.o
 .ARM.attributes
                0x0000042e       0x34 build/stm32l4xx_hal_pcd_ex.o
 .ARM.attributes
                0x00000462       0x34 build/stm32l4xx_ll_usb.o
 .ARM.attributes
                0x00000496       0x34 build/stm32l4xx_hal.o
 .ARM.attributes
                0x000004ca       0x34 build/stm32l4xx_hal_i2c.o
 .ARM.attributes
                0x000004fe       0x34 build/stm32l4xx_hal_i2c_ex.o
 .ARM.attributes
                0x00000532       0x34 build/stm32l4xx_hal_rcc.o
 .ARM.attributes
                0x00000566       0x34 build/stm32l4xx_hal_rcc_ex.o
 .ARM.attributes
                0x0000059a       0x34 build/stm32l4xx_hal_gpio.o
 .ARM.attributes
                0x000005ce       0x34 build/stm32l4xx_hal_pwr_ex.o
 .ARM.attributes
                0x00000602       0x34 build/stm32l4xx_hal_cortex.o
 .ARM.attributes
                0x00000636       0x34 build/stm32l4xx_hal_adc.o
 .ARM.attributes
                0x0000066a       0x34 build/stm32l4xx_hal_uart.o
 .ARM.attributes
                0x0000069e       0x34 build/usbd_core.o
 .ARM.attributes
                0x000006d2       0x34 build/usbd_ctlreq.o
 .ARM.attributes
                0x00000706       0x34 build/usbd_ioreq.o
 .ARM.attributes
                0x0000073a       0x34 build/usbd_cdc.o
 .ARM.attributes
                0x0000076e       0x21 build/startup_stm32l432xx.o
 .ARM.attributes
                0x0000078f       0x34 c:/gnuarm/bin/../lib/gcc/arm-none-eabi/10.3.1/../../../../arm-none-eabi/lib/thumb/v7e-m+fp/hard\libc_nano.a(lib_a-impure.o)
 .ARM.attributes
                0x000007c3       0x34 c:/gnuarm/bin/../lib/gcc/arm-none-eabi/10.3.1/../../../../arm-none-eabi/lib/thumb/v7e-m+fp/hard\libc_nano.a(lib_a-init.o)
 .ARM.attributes
                0x000007f7       0x34 c:/gnuarm/bin/../lib/gcc/arm-none-eabi/10.3.1/../../../../arm-none-eabi/lib/thumb/v7e-m+fp/hard\libc_nano.a(lib_a-memset.o)
 .ARM.attributes
                0x0000082b       0x1c c:/gnuarm/bin/../lib/gcc/arm-none-eabi/10.3.1/../../../../arm-none-eabi/lib/thumb/v7e-m+fp/hard\libc_nano.a(lib_a-strcmp.o)
 .ARM.attributes
                0x00000847       0x17 c:/gnuarm/bin/../lib/gcc/arm-none-eabi/10.3.1/../../../../arm-none-eabi/lib/thumb/v7e-m+fp/hard\libc_nano.a(lib_a-strlen.o)
 .ARM.attributes
                0x0000085e       0x34 c:/gnuarm/bin/../lib/gcc/arm-none-eabi/10.3.1/../../../../arm-none-eabi/lib/thumb/v7e-m+fp/hard\libc_nano.a(lib_a-vsprintf.o)
 .ARM.attributes
                0x00000892       0x34 c:/gnuarm/bin/../lib/gcc/arm-none-eabi/10.3.1/../../../../arm-none-eabi/lib/thumb/v7e-m+fp/hard\libc_nano.a(lib_a-nano-svfprintf.o)
 .ARM.attributes
                0x000008c6       0x34 c:/gnuarm/bin/../lib/gcc/arm-none-eabi/10.3.1/../../../../arm-none-eabi/lib/thumb/v7e-m+fp/hard\libc_nano.a(lib_a-nano-vfprintf_i.o)
 .ARM.attributes
                0x000008fa       0x1c c:/gnuarm/bin/../lib/gcc/arm-none-eabi/10.3.1/../../../../arm-none-eabi/lib/thumb/v7e-m+fp/hard\libc_nano.a(lib_a-memchr.o)
 .ARM.attributes
                0x00000916       0x34 c:/gnuarm/bin/../lib/gcc/arm-none-eabi/10.3.1/../../../../arm-none-eabi/lib/thumb/v7e-m+fp/hard\libc_nano.a(lib_a-memcpy-stub.o)
 .ARM.attributes
                0x0000094a       0x34 c:/gnuarm/bin/../lib/gcc/arm-none-eabi/10.3.1/../../../../arm-none-eabi/lib/thumb/v7e-m+fp/hard\libc_nano.a(lib_a-memmove.o)
 .ARM.attributes
                0x0000097e       0x34 c:/gnuarm/bin/../lib/gcc/arm-none-eabi/10.3.1/../../../../arm-none-eabi/lib/thumb/v7e-m+fp/hard\libc_nano.a(lib_a-nano-freer.o)
 .ARM.attributes
                0x000009b2       0x34 c:/gnuarm/bin/../lib/gcc/arm-none-eabi/10.3.1/../../../../arm-none-eabi/lib/thumb/v7e-m+fp/hard\libc_nano.a(lib_a-nano-mallocr.o)
 .ARM.attributes
                0x000009e6       0x34 c:/gnuarm/bin/../lib/gcc/arm-none-eabi/10.3.1/../../../../arm-none-eabi/lib/thumb/v7e-m+fp/hard\libc_nano.a(lib_a-nano-reallocr.o)
 .ARM.attributes
                0x00000a1a       0x34 c:/gnuarm/bin/../lib/gcc/arm-none-eabi/10.3.1/../../../../arm-none-eabi/lib/thumb/v7e-m+fp/hard\libc_nano.a(lib_a-sbrkr.o)
 .ARM.attributes
                0x00000a4e       0x34 c:/gnuarm/bin/../lib/gcc/arm-none-eabi/10.3.1/../../../../arm-none-eabi/lib/thumb/v7e-m+fp/hard\libc_nano.a(lib_a-mlock.o)
 .ARM.attributes
                0x00000a82       0x34 c:/gnuarm/bin/../lib/gcc/arm-none-eabi/10.3.1/../../../../arm-none-eabi/lib/thumb/v7e-m+fp/hard\libc_nano.a(lib_a-nano-msizer.o)
 .ARM.attributes
                0x00000ab6       0x34 c:/gnuarm/bin/../lib/gcc/arm-none-eabi/10.3.1/../../../../arm-none-eabi/lib/thumb/v7e-m+fp/hard\libc_nano.a(lib_a-reent.o)
 .ARM.attributes
                0x00000aea       0x34 c:/gnuarm/bin/../lib/gcc/arm-none-eabi/10.3.1/../../../../arm-none-eabi/lib/thumb/v7e-m+fp/hard\libc_nano.a(lib_a-lock.o)
 .ARM.attributes
                0x00000b1e       0x34 c:/gnuarm/bin/../lib/gcc/arm-none-eabi/10.3.1/../../../../arm-none-eabi/lib/thumb/v7e-m+fp/hard\libnosys.a(sbrk.o)
 .ARM.attributes
                0x00000b52       0x1e c:/gnuarm/bin/../lib/gcc/arm-none-eabi/10.3.1/thumb/v7e-m+fp/hard\libgcc.a(_aeabi_uldivmod.o)
 .ARM.attributes
                0x00000b70       0x34 c:/gnuarm/bin/../lib/gcc/arm-none-eabi/10.3.1/thumb/v7e-m+fp/hard\libgcc.a(_udivmoddi4.o)
 .ARM.attributes
                0x00000ba4       0x1e c:/gnuarm/bin/../lib/gcc/arm-none-eabi/10.3.1/thumb/v7e-m+fp/hard\libgcc.a(_dvmd_tls.o)
 .ARM.attributes
                0x00000bc2       0x1e c:/gnuarm/bin/../lib/gcc/arm-none-eabi/10.3.1/thumb/v7e-m+fp/hard/crtn.o
OUTPUT(build/UU002_UUMonitoring_LTE.elf elf32-littlearm)
LOAD linker stubs
LOAD c:/gnuarm/bin/../lib/gcc/arm-none-eabi/10.3.1/../../../../arm-none-eabi/lib/thumb/v7e-m+fp/hard\libc.a
LOAD c:/gnuarm/bin/../lib/gcc/arm-none-eabi/10.3.1/../../../../arm-none-eabi/lib/thumb/v7e-m+fp/hard\libm.a
LOAD c:/gnuarm/bin/../lib/gcc/arm-none-eabi/10.3.1/thumb/v7e-m+fp/hard\libgcc.a

.debug_info     0x00000000    0x27a0c
 .debug_info    0x00000000      0x4b3 build/main.o
 .debug_info    0x000004b3      0x385 build/Appl_Task.o
 .debug_info    0x00000838     0x136a build/Appl_Data.o
 .debug_info    0x00001ba2      0xf18 build/APPL_DMA_LTE.o
 .debug_info    0x00002aba      0x6ac build/Appl_USBService.o
 .debug_info    0x00003166      0x5ae build/gpio.o
 .debug_info    0x00003714      0xfb1 build/adc.o
 .debug_info    0x000046c5      0xe43 build/i2c.o
 .debug_info    0x00005508     0x11ff build/usart.o
 .debug_info    0x00006707      0xff3 build/stm32l4xx_it.o
 .debug_info    0x000076fa      0x370 build/stm32l4xx_hal_msp.o
 .debug_info    0x00007a6a      0x682 build/system_stm32l4xx.o
 .debug_info    0x000080ec      0x729 build/EKM_Buffer.o
 .debug_info    0x00008815      0x2a5 build/EKM_CMD.o
 .debug_info    0x00008aba      0x7f4 build/usb_device.o
 .debug_info    0x000092ae      0x6b9 build/usbd_desc.o
 .debug_info    0x00009967      0xb23 build/usbd_cdc_if.o
 .debug_info    0x0000a48a     0x2296 build/usbd_conf.o
 .debug_info    0x0000c720     0x1dcd build/stm32l4xx_hal_pcd.o
 .debug_info    0x0000e4ed      0xae8 build/stm32l4xx_hal_pcd_ex.o
 .debug_info    0x0000efd5     0x1d81 build/stm32l4xx_ll_usb.o
 .debug_info    0x00010d56      0xb5b build/stm32l4xx_hal.o
 .debug_info    0x000118b1     0x439e build/stm32l4xx_hal_i2c.o
 .debug_info    0x00015c4f      0xb6f build/stm32l4xx_hal_i2c_ex.o
 .debug_info    0x000167be     0x1051 build/stm32l4xx_hal_rcc.o
 .debug_info    0x0001780f     0x1397 build/stm32l4xx_hal_rcc_ex.o
 .debug_info    0x00018ba6      0x91c build/stm32l4xx_hal_gpio.o
 .debug_info    0x000194c2      0xb22 build/stm32l4xx_hal_pwr_ex.o
 .debug_info    0x00019fe4     0x10fc build/stm32l4xx_hal_cortex.o
 .debug_info    0x0001b0e0     0x32c2 build/stm32l4xx_hal_adc.o
 .debug_info    0x0001e3a2     0x53ee build/stm32l4xx_hal_uart.o
 .debug_info    0x00023790      0xf3f build/usbd_core.o
 .debug_info    0x000246cf     0x13ec build/usbd_ctlreq.o
 .debug_info    0x00025abb      0x923 build/usbd_ioreq.o
 .debug_info    0x000263de     0x160c build/usbd_cdc.o
 .debug_info    0x000279ea       0x22 build/startup_stm32l432xx.o

.debug_abbrev   0x00000000     0x4d60
 .debug_abbrev  0x00000000      0x196 build/main.o
 .debug_abbrev  0x00000196      0x150 build/Appl_Task.o
 .debug_abbrev  0x000002e6      0x324 build/Appl_Data.o
 .debug_abbrev  0x0000060a      0x2f0 build/APPL_DMA_LTE.o
 .debug_abbrev  0x000008fa      0x1f9 build/Appl_USBService.o
 .debug_abbrev  0x00000af3      0x151 build/gpio.o
 .debug_abbrev  0x00000c44      0x1e9 build/adc.o
 .debug_abbrev  0x00000e2d      0x1f4 build/i2c.o
 .debug_abbrev  0x00001021      0x1f9 build/usart.o
 .debug_abbrev  0x0000121a      0x1a4 build/stm32l4xx_it.o
 .debug_abbrev  0x000013be       0xc1 build/stm32l4xx_hal_msp.o
 .debug_abbrev  0x0000147f      0x11b build/system_stm32l4xx.o
 .debug_abbrev  0x0000159a      0x21a build/EKM_Buffer.o
 .debug_abbrev  0x000017b4      0x149 build/EKM_CMD.o
 .debug_abbrev  0x000018fd      0x199 build/usb_device.o
 .debug_abbrev  0x00001a96      0x1eb build/usbd_desc.o
 .debug_abbrev  0x00001c81      0x2f6 build/usbd_cdc_if.o
 .debug_abbrev  0x00001f77      0x309 build/usbd_conf.o
 .debug_abbrev  0x00002280      0x2c8 build/stm32l4xx_hal_pcd.o
 .debug_abbrev  0x00002548      0x1e6 build/stm32l4xx_hal_pcd_ex.o
 .debug_abbrev  0x0000272e      0x24a build/stm32l4xx_ll_usb.o
 .debug_abbrev  0x00002978      0x21c build/stm32l4xx_hal.o
 .debug_abbrev  0x00002b94      0x2a9 build/stm32l4xx_hal_i2c.o
 .debug_abbrev  0x00002e3d      0x1b5 build/stm32l4xx_hal_i2c_ex.o
 .debug_abbrev  0x00002ff2      0x28e build/stm32l4xx_hal_rcc.o
 .debug_abbrev  0x00003280      0x2b0 build/stm32l4xx_hal_rcc_ex.o
 .debug_abbrev  0x00003530      0x222 build/stm32l4xx_hal_gpio.o
 .debug_abbrev  0x00003752      0x234 build/stm32l4xx_hal_pwr_ex.o
 .debug_abbrev  0x00003986      0x382 build/stm32l4xx_hal_cortex.o
 .debug_abbrev  0x00003d08      0x2d8 build/stm32l4xx_hal_adc.o
 .debug_abbrev  0x00003fe0      0x316 build/stm32l4xx_hal_uart.o
 .debug_abbrev  0x000042f6      0x27e build/usbd_core.o
 .debug_abbrev  0x00004574      0x369 build/usbd_ctlreq.o
 .debug_abbrev  0x000048dd      0x187 build/usbd_ioreq.o
 .debug_abbrev  0x00004a64      0x2ea build/usbd_cdc.o
 .debug_abbrev  0x00004d4e       0x12 build/startup_stm32l432xx.o

.debug_loc      0x00000000    0x1b20f
 .debug_loc     0x00000000       0x66 build/main.o
 .debug_loc     0x00000066       0x60 build/Appl_Task.o
 .debug_loc     0x000000c6      0x616 build/Appl_Data.o
 .debug_loc     0x000006dc      0x2d1 build/APPL_DMA_LTE.o
 .debug_loc     0x000009ad      0x2cb build/Appl_USBService.o
 .debug_loc     0x00000c78       0x38 build/gpio.o
 .debug_loc     0x00000cb0      0x10e build/adc.o
 .debug_loc     0x00000dbe      0x107 build/i2c.o
 .debug_loc     0x00000ec5      0x17e build/usart.o
 .debug_loc     0x00001043      0x1aa build/stm32l4xx_it.o
 .debug_loc     0x000011ed       0x2c build/stm32l4xx_hal_msp.o
 .debug_loc     0x00001219      0x127 build/system_stm32l4xx.o
 .debug_loc     0x00001340      0xba0 build/EKM_Buffer.o
 .debug_loc     0x00001ee0      0x1fa build/EKM_CMD.o
 .debug_loc     0x000020da       0x20 build/usb_device.o
 .debug_loc     0x000020fa      0x4a0 build/usbd_desc.o
 .debug_loc     0x0000259a      0x1ec build/usbd_cdc_if.o
 .debug_loc     0x00002786     0x113d build/usbd_conf.o
 .debug_loc     0x000038c3     0x199a build/stm32l4xx_hal_pcd.o
 .debug_loc     0x0000525d      0x2a2 build/stm32l4xx_hal_pcd_ex.o
 .debug_loc     0x000054ff     0x1a4d build/stm32l4xx_ll_usb.o
 .debug_loc     0x00006f4c      0x26d build/stm32l4xx_hal.o
 .debug_loc     0x000071b9     0x576a build/stm32l4xx_hal_i2c.o
 .debug_loc     0x0000c923      0x25a build/stm32l4xx_hal_i2c_ex.o
 .debug_loc     0x0000cb7d      0x9e0 build/stm32l4xx_hal_rcc.o
 .debug_loc     0x0000d55d     0x18af build/stm32l4xx_hal_rcc_ex.o
 .debug_loc     0x0000ee0c      0x46f build/stm32l4xx_hal_gpio.o
 .debug_loc     0x0000f27b      0x76f build/stm32l4xx_hal_pwr_ex.o
 .debug_loc     0x0000f9ea      0x7a4 build/stm32l4xx_hal_cortex.o
 .debug_loc     0x0001018e     0x2810 build/stm32l4xx_hal_adc.o
 .debug_loc     0x0001299e     0x52ef build/stm32l4xx_hal_uart.o
 .debug_loc     0x00017c8d      0xdea build/usbd_core.o
 .debug_loc     0x00018a77     0x18f8 build/usbd_ctlreq.o
 .debug_loc     0x0001a36f      0x398 build/usbd_ioreq.o
 .debug_loc     0x0001a707      0xb08 build/usbd_cdc.o

.debug_aranges  0x00000000     0x1518
 .debug_aranges
                0x00000000       0x30 build/main.o
 .debug_aranges
                0x00000030       0x38 build/Appl_Task.o
 .debug_aranges
                0x00000068       0x68 build/Appl_Data.o
 .debug_aranges
                0x000000d0       0x68 build/APPL_DMA_LTE.o
 .debug_aranges
                0x00000138       0x58 build/Appl_USBService.o
 .debug_aranges
                0x00000190       0x20 build/gpio.o
 .debug_aranges
                0x000001b0       0x30 build/adc.o
 .debug_aranges
                0x000001e0       0x30 build/i2c.o
 .debug_aranges
                0x00000210       0x38 build/usart.o
 .debug_aranges
                0x00000248       0x78 build/stm32l4xx_it.o
 .debug_aranges
                0x000002c0       0x20 build/stm32l4xx_hal_msp.o
 .debug_aranges
                0x000002e0       0x28 build/system_stm32l4xx.o
 .debug_aranges
                0x00000308       0x78 build/EKM_Buffer.o
 .debug_aranges
                0x00000380       0x28 build/EKM_CMD.o
 .debug_aranges
                0x000003a8       0x20 build/usb_device.o
 .debug_aranges
                0x000003c8       0x68 build/usbd_desc.o
 .debug_aranges
                0x00000430       0x48 build/usbd_cdc_if.o
 .debug_aranges
                0x00000478      0x118 build/usbd_conf.o
 .debug_aranges
                0x00000590      0x138 build/stm32l4xx_hal_pcd.o
 .debug_aranges
                0x000006c8       0x58 build/stm32l4xx_hal_pcd_ex.o
 .debug_aranges
                0x00000720       0xf8 build/stm32l4xx_ll_usb.o
 .debug_aranges
                0x00000818      0x108 build/stm32l4xx_hal.o
 .debug_aranges
                0x00000920      0x2a0 build/stm32l4xx_hal_i2c.o
 .debug_aranges
                0x00000bc0       0x48 build/stm32l4xx_hal_i2c_ex.o
 .debug_aranges
                0x00000c08       0x90 build/stm32l4xx_hal_rcc.o
 .debug_aranges
                0x00000c98       0xf0 build/stm32l4xx_hal_rcc_ex.o
 .debug_aranges
                0x00000d88       0x58 build/stm32l4xx_hal_gpio.o
 .debug_aranges
                0x00000de0      0x128 build/stm32l4xx_hal_pwr_ex.o
 .debug_aranges
                0x00000f08       0xa8 build/stm32l4xx_hal_cortex.o
 .debug_aranges
                0x00000fb0       0xf8 build/stm32l4xx_hal_adc.o
 .debug_aranges
                0x000010a8      0x228 build/stm32l4xx_hal_uart.o
 .debug_aranges
                0x000012d0       0xb8 build/usbd_core.o
 .debug_aranges
                0x00001388       0x88 build/usbd_ctlreq.o
 .debug_aranges
                0x00001410       0x50 build/usbd_ioreq.o
 .debug_aranges
                0x00001460       0x90 build/usbd_cdc.o
 .debug_aranges
                0x000014f0       0x28 build/startup_stm32l432xx.o

.debug_ranges   0x00000000     0x1900
 .debug_ranges  0x00000000       0x20 build/main.o
 .debug_ranges  0x00000020       0x28 build/Appl_Task.o
 .debug_ranges  0x00000048       0x88 build/Appl_Data.o
 .debug_ranges  0x000000d0       0x58 build/APPL_DMA_LTE.o
 .debug_ranges  0x00000128       0x48 build/Appl_USBService.o
 .debug_ranges  0x00000170       0x10 build/gpio.o
 .debug_ranges  0x00000180       0x20 build/adc.o
 .debug_ranges  0x000001a0       0x20 build/i2c.o
 .debug_ranges  0x000001c0       0x28 build/usart.o
 .debug_ranges  0x000001e8       0x68 build/stm32l4xx_it.o
 .debug_ranges  0x00000250       0x10 build/stm32l4xx_hal_msp.o
 .debug_ranges  0x00000260       0x18 build/system_stm32l4xx.o
 .debug_ranges  0x00000278       0xb0 build/EKM_Buffer.o
 .debug_ranges  0x00000328       0x38 build/EKM_CMD.o
 .debug_ranges  0x00000360       0x10 build/usb_device.o
 .debug_ranges  0x00000370       0x58 build/usbd_desc.o
 .debug_ranges  0x000003c8       0x38 build/usbd_cdc_if.o
 .debug_ranges  0x00000400      0x108 build/usbd_conf.o
 .debug_ranges  0x00000508      0x208 build/stm32l4xx_hal_pcd.o
 .debug_ranges  0x00000710       0x48 build/stm32l4xx_hal_pcd_ex.o
 .debug_ranges  0x00000758      0x320 build/stm32l4xx_ll_usb.o
 .debug_ranges  0x00000a78       0xf8 build/stm32l4xx_hal.o
 .debug_ranges  0x00000b70      0x290 build/stm32l4xx_hal_i2c.o
 .debug_ranges  0x00000e00       0x38 build/stm32l4xx_hal_i2c_ex.o
 .debug_ranges  0x00000e38       0x98 build/stm32l4xx_hal_rcc.o
 .debug_ranges  0x00000ed0       0xf8 build/stm32l4xx_hal_rcc_ex.o
 .debug_ranges  0x00000fc8       0x48 build/stm32l4xx_hal_gpio.o
 .debug_ranges  0x00001010      0x118 build/stm32l4xx_hal_pwr_ex.o
 .debug_ranges  0x00001128       0xf8 build/stm32l4xx_hal_cortex.o
 .debug_ranges  0x00001220      0x2b0 build/stm32l4xx_hal_adc.o
 .debug_ranges  0x000014d0      0x230 build/stm32l4xx_hal_uart.o
 .debug_ranges  0x00001700       0xa8 build/usbd_core.o
 .debug_ranges  0x000017a8       0x78 build/usbd_ctlreq.o
 .debug_ranges  0x00001820       0x40 build/usbd_ioreq.o
 .debug_ranges  0x00001860       0x80 build/usbd_cdc.o
 .debug_ranges  0x000018e0       0x20 build/startup_stm32l432xx.o

.debug_line     0x00000000    0x19bb7
 .debug_line    0x00000000      0x36d build/main.o
 .debug_line    0x0000036d      0x286 build/Appl_Task.o
 .debug_line    0x000005f3      0x722 build/Appl_Data.o
 .debug_line    0x00000d15      0x538 build/APPL_DMA_LTE.o
 .debug_line    0x0000124d      0x404 build/Appl_USBService.o
 .debug_line    0x00001651      0x1d0 build/gpio.o
 .debug_line    0x00001821      0x369 build/adc.o
 .debug_line    0x00001b8a      0x320 build/i2c.o
 .debug_line    0x00001eaa      0x414 build/usart.o
 .debug_line    0x000022be      0x3d2 build/stm32l4xx_it.o
 .debug_line    0x00002690      0x117 build/stm32l4xx_hal_msp.o
 .debug_line    0x000027a7      0x255 build/system_stm32l4xx.o
 .debug_line    0x000029fc      0x688 build/EKM_Buffer.o
 .debug_line    0x00003084      0x1b5 build/EKM_CMD.o
 .debug_line    0x00003239      0x1f2 build/usb_device.o
 .debug_line    0x0000342b      0x345 build/usbd_desc.o
 .debug_line    0x00003770      0x2d8 build/usbd_cdc_if.o
 .debug_line    0x00003a48      0x8fe build/usbd_conf.o
 .debug_line    0x00004346     0x194d build/stm32l4xx_hal_pcd.o
 .debug_line    0x00005c93      0x3de build/stm32l4xx_hal_pcd_ex.o
 .debug_line    0x00006071     0x1937 build/stm32l4xx_ll_usb.o
 .debug_line    0x000079a8      0x5b0 build/stm32l4xx_hal.o
 .debug_line    0x00007f58     0x4d13 build/stm32l4xx_hal_i2c.o
 .debug_line    0x0000cc6b      0x475 build/stm32l4xx_hal_i2c_ex.o
 .debug_line    0x0000d0e0      0xf0e build/stm32l4xx_hal_rcc.o
 .debug_line    0x0000dfee     0x1280 build/stm32l4xx_hal_rcc_ex.o
 .debug_line    0x0000f26e      0x61e build/stm32l4xx_hal_gpio.o
 .debug_line    0x0000f88c      0x889 build/stm32l4xx_hal_pwr_ex.o
 .debug_line    0x00010115      0x733 build/stm32l4xx_hal_cortex.o
 .debug_line    0x00010848     0x2169 build/stm32l4xx_hal_adc.o
 .debug_line    0x000129b1     0x51ff build/stm32l4xx_hal_uart.o
 .debug_line    0x00017bb0      0x828 build/usbd_core.o
 .debug_line    0x000183d8      0xc93 build/usbd_ctlreq.o
 .debug_line    0x0001906b      0x274 build/usbd_ioreq.o
 .debug_line    0x000192df      0x862 build/usbd_cdc.o
 .debug_line    0x00019b41       0x76 build/startup_stm32l432xx.o

.debug_str      0x00000000     0x6866
 .debug_str     0x00000000      0x3fc build/main.o
                                0x44e (size before relaxing)
 .debug_str     0x000003fc      0x148 build/Appl_Task.o
                                0x302 (size before relaxing)
 .debug_str     0x00000544      0x821 build/Appl_Data.o
                                0xb1f (size before relaxing)
 .debug_str     0x00000d65      0x35b build/APPL_DMA_LTE.o
                                0x9cf (size before relaxing)
 .debug_str     0x000010c0      0x118 build/Appl_USBService.o
                                0x44a (size before relaxing)
 .debug_str     0x000011d8      0x17e build/gpio.o
                                0x3b2 (size before relaxing)
 .debug_str     0x00001356      0x4cd build/adc.o
                                0xa94 (size before relaxing)
 .debug_str     0x00001823       0x8c build/i2c.o
                                0xac7 (size before relaxing)
 .debug_str     0x000018af      0x455 build/usart.o
                                0xdfb (size before relaxing)
 .debug_str     0x00001d04      0x3f7 build/stm32l4xx_it.o
                                0xaa4 (size before relaxing)
 .debug_str     0x000020fb       0x32 build/stm32l4xx_hal_msp.o
                                0x300 (size before relaxing)
 .debug_str     0x0000212d       0xf8 build/system_stm32l4xx.o
                                0x3d1 (size before relaxing)
 .debug_str     0x00002225      0x113 build/EKM_Buffer.o
                                0x341 (size before relaxing)
 .debug_str     0x00002338       0x97 build/EKM_CMD.o
                                0x299 (size before relaxing)
 .debug_str     0x000023cf      0x3fd build/usb_device.o
                                0x695 (size before relaxing)
 .debug_str     0x000027cc      0x1b4 build/usbd_desc.o
                                0x48e (size before relaxing)
 .debug_str     0x00002980      0x140 build/usbd_cdc_if.o
                                0x7d3 (size before relaxing)
 .debug_str     0x00002ac0      0x536 build/usbd_conf.o
                               0x161d (size before relaxing)
 .debug_str     0x00002ff6      0x315 build/stm32l4xx_hal_pcd.o
                                0xb3c (size before relaxing)
 .debug_str     0x0000330b      0x18b build/stm32l4xx_hal_pcd_ex.o
                                0x798 (size before relaxing)
 .debug_str     0x00003496      0x137 build/stm32l4xx_ll_usb.o
                                0x735 (size before relaxing)
 .debug_str     0x000035cd      0x3af build/stm32l4xx_hal.o
                                0xaf7 (size before relaxing)
 .debug_str     0x0000397c      0x89f build/stm32l4xx_hal_i2c.o
                                0xfce (size before relaxing)
 .debug_str     0x0000421b       0xbb build/stm32l4xx_hal_i2c_ex.o
                                0x905 (size before relaxing)
 .debug_str     0x000042d6      0x283 build/stm32l4xx_hal_rcc.o
                                0x84b (size before relaxing)
 .debug_str     0x00004559      0x4b9 build/stm32l4xx_hal_rcc_ex.o
                                0xb51 (size before relaxing)
 .debug_str     0x00004a12       0xc8 build/stm32l4xx_hal_gpio.o
                                0x530 (size before relaxing)
 .debug_str     0x00004ada      0x426 build/stm32l4xx_hal_pwr_ex.o
                                0x791 (size before relaxing)
 .debug_str     0x00004f00      0x42a build/stm32l4xx_hal_cortex.o
                                0xafc (size before relaxing)
 .debug_str     0x0000532a      0x90f build/stm32l4xx_hal_adc.o
                               0x10bc (size before relaxing)
 .debug_str     0x00005c39      0x7a7 build/stm32l4xx_hal_uart.o
                                0xfe1 (size before relaxing)
 .debug_str     0x000063e0      0x146 build/usbd_core.o
                                0x878 (size before relaxing)
 .debug_str     0x00006526      0x117 build/usbd_ctlreq.o
                                0x7ca (size before relaxing)
 .debug_str     0x0000663d       0x6e build/usbd_ioreq.o
                                0x6bf (size before relaxing)
 .debug_str     0x000066ab      0x197 build/usbd_cdc.o
                                0xcc7 (size before relaxing)
 .debug_str     0x00006842       0x24 build/startup_stm32l432xx.o
                                 0x56 (size before relaxing)

.comment        0x00000000       0x49
 .comment       0x00000000       0x49 build/main.o
                                 0x4a (size before relaxing)
 .comment       0x00000049       0x4a build/Appl_Task.o
 .comment       0x00000049       0x4a build/Appl_Data.o
 .comment       0x00000049       0x4a build/APPL_DMA_LTE.o
 .comment       0x00000049       0x4a build/Appl_USBService.o
 .comment       0x00000049       0x4a build/gpio.o
 .comment       0x00000049       0x4a build/adc.o
 .comment       0x00000049       0x4a build/i2c.o
 .comment       0x00000049       0x4a build/usart.o
 .comment       0x00000049       0x4a build/stm32l4xx_it.o
 .comment       0x00000049       0x4a build/stm32l4xx_hal_msp.o
 .comment       0x00000049       0x4a build/system_stm32l4xx.o
 .comment       0x00000049       0x4a build/EKM_Buffer.o
 .comment       0x00000049       0x4a build/EKM_CMD.o
 .comment       0x00000049       0x4a build/usb_device.o
 .comment       0x00000049       0x4a build/usbd_desc.o
 .comment       0x00000049       0x4a build/usbd_cdc_if.o
 .comment       0x00000049       0x4a build/usbd_conf.o
 .comment       0x00000049       0x4a build/stm32l4xx_hal_pcd.o
 .comment       0x00000049       0x4a build/stm32l4xx_hal_pcd_ex.o
 .comment       0x00000049       0x4a build/stm32l4xx_ll_usb.o
 .comment       0x00000049       0x4a build/stm32l4xx_hal.o
 .comment       0x00000049       0x4a build/stm32l4xx_hal_i2c.o
 .comment       0x00000049       0x4a build/stm32l4xx_hal_i2c_ex.o
 .comment       0x00000049       0x4a build/stm32l4xx_hal_rcc.o
 .comment       0x00000049       0x4a build/stm32l4xx_hal_rcc_ex.o
 .comment       0x00000049       0x4a build/stm32l4xx_hal_gpio.o
 .comment       0x00000049       0x4a build/stm32l4xx_hal_pwr_ex.o
 .comment       0x00000049       0x4a build/stm32l4xx_hal_cortex.o
 .comment       0x00000049       0x4a build/stm32l4xx_hal_adc.o
 .comment       0x00000049       0x4a build/stm32l4xx_hal_uart.o
 .comment       0x00000049       0x4a build/usbd_core.o
 .comment       0x00000049       0x4a build/usbd_ctlreq.o
 .comment       0x00000049       0x4a build/usbd_ioreq.o
 .comment       0x00000049       0x4a build/usbd_cdc.o

.debug_frame    0x00000000     0x3b2c
 .debug_frame   0x00000000       0x58 build/main.o
 .debug_frame   0x00000058       0x68 build/Appl_Task.o
 .debug_frame   0x000000c0      0x144 build/Appl_Data.o
 .debug_frame   0x00000204      0x128 build/APPL_DMA_LTE.o
 .debug_frame   0x0000032c       0xe8 build/Appl_USBService.o
 .debug_frame   0x00000414       0x34 build/gpio.o
 .debug_frame   0x00000448       0x68 build/adc.o
 .debug_frame   0x000004b0       0x60 build/i2c.o
 .debug_frame   0x00000510       0x7c build/usart.o
 .debug_frame   0x0000058c      0x130 build/stm32l4xx_it.o
 .debug_frame   0x000006bc       0x28 build/stm32l4xx_hal_msp.o
 .debug_frame   0x000006e4       0x30 build/system_stm32l4xx.o
 .debug_frame   0x00000714      0x1b0 build/EKM_Buffer.o
 .debug_frame   0x000008c4       0x48 build/EKM_CMD.o
 .debug_frame   0x0000090c       0x28 build/usb_device.o
 .debug_frame   0x00000934       0xf0 build/usbd_desc.o
 .debug_frame   0x00000a24       0x8c build/usbd_cdc_if.o
 .debug_frame   0x00000ab0      0x300 build/usbd_conf.o
 .debug_frame   0x00000db0      0x344 build/stm32l4xx_hal_pcd.o
 .debug_frame   0x000010f4       0x9c build/stm32l4xx_hal_pcd_ex.o
 .debug_frame   0x00001190      0x20c build/stm32l4xx_ll_usb.o
 .debug_frame   0x0000139c      0x21c build/stm32l4xx_hal.o
 .debug_frame   0x000015b8      0x978 build/stm32l4xx_hal_i2c.o
 .debug_frame   0x00001f30       0x80 build/stm32l4xx_hal_i2c_ex.o
 .debug_frame   0x00001fb0      0x19c build/stm32l4xx_hal_rcc.o
 .debug_frame   0x0000214c      0x248 build/stm32l4xx_hal_rcc_ex.o
 .debug_frame   0x00002394       0xd0 build/stm32l4xx_hal_gpio.o
 .debug_frame   0x00002464      0x248 build/stm32l4xx_hal_pwr_ex.o
 .debug_frame   0x000026ac      0x148 build/stm32l4xx_hal_cortex.o
 .debug_frame   0x000027f4      0x2e0 build/stm32l4xx_hal_adc.o
 .debug_frame   0x00002ad4      0x600 build/stm32l4xx_hal_uart.o
 .debug_frame   0x000030d4      0x210 build/usbd_core.o
 .debug_frame   0x000032e4      0x180 build/usbd_ctlreq.o
 .debug_frame   0x00003464       0xb8 build/usbd_ioreq.o
 .debug_frame   0x0000351c      0x160 build/usbd_cdc.o
 .debug_frame   0x0000367c       0x2c c:/gnuarm/bin/../lib/gcc/arm-none-eabi/10.3.1/../../../../arm-none-eabi/lib/thumb/v7e-m+fp/hard\libc_nano.a(lib_a-init.o)
 .debug_frame   0x000036a8       0x20 c:/gnuarm/bin/../lib/gcc/arm-none-eabi/10.3.1/../../../../arm-none-eabi/lib/thumb/v7e-m+fp/hard\libc_nano.a(lib_a-memset.o)
 .debug_frame   0x000036c8       0x20 c:/gnuarm/bin/../lib/gcc/arm-none-eabi/10.3.1/../../../../arm-none-eabi/lib/thumb/v7e-m+fp/hard\libc_nano.a(lib_a-strcmp.o)
 .debug_frame   0x000036e8       0x3c c:/gnuarm/bin/../lib/gcc/arm-none-eabi/10.3.1/../../../../arm-none-eabi/lib/thumb/v7e-m+fp/hard\libc_nano.a(lib_a-vsprintf.o)
 .debug_frame   0x00003724       0x90 c:/gnuarm/bin/../lib/gcc/arm-none-eabi/10.3.1/../../../../arm-none-eabi/lib/thumb/v7e-m+fp/hard\libc_nano.a(lib_a-nano-svfprintf.o)
 .debug_frame   0x000037b4       0x60 c:/gnuarm/bin/../lib/gcc/arm-none-eabi/10.3.1/../../../../arm-none-eabi/lib/thumb/v7e-m+fp/hard\libc_nano.a(lib_a-nano-vfprintf_i.o)
 .debug_frame   0x00003814       0x28 c:/gnuarm/bin/../lib/gcc/arm-none-eabi/10.3.1/../../../../arm-none-eabi/lib/thumb/v7e-m+fp/hard\libc_nano.a(lib_a-memcpy-stub.o)
 .debug_frame   0x0000383c       0x28 c:/gnuarm/bin/../lib/gcc/arm-none-eabi/10.3.1/../../../../arm-none-eabi/lib/thumb/v7e-m+fp/hard\libc_nano.a(lib_a-memmove.o)
 .debug_frame   0x00003864       0x38 c:/gnuarm/bin/../lib/gcc/arm-none-eabi/10.3.1/../../../../arm-none-eabi/lib/thumb/v7e-m+fp/hard\libc_nano.a(lib_a-nano-freer.o)
 .debug_frame   0x0000389c       0x4c c:/gnuarm/bin/../lib/gcc/arm-none-eabi/10.3.1/../../../../arm-none-eabi/lib/thumb/v7e-m+fp/hard\libc_nano.a(lib_a-nano-mallocr.o)
 .debug_frame   0x000038e8       0x3c c:/gnuarm/bin/../lib/gcc/arm-none-eabi/10.3.1/../../../../arm-none-eabi/lib/thumb/v7e-m+fp/hard\libc_nano.a(lib_a-nano-reallocr.o)
 .debug_frame   0x00003924       0x2c c:/gnuarm/bin/../lib/gcc/arm-none-eabi/10.3.1/../../../../arm-none-eabi/lib/thumb/v7e-m+fp/hard\libc_nano.a(lib_a-sbrkr.o)
 .debug_frame   0x00003950       0x30 c:/gnuarm/bin/../lib/gcc/arm-none-eabi/10.3.1/../../../../arm-none-eabi/lib/thumb/v7e-m+fp/hard\libc_nano.a(lib_a-mlock.o)
 .debug_frame   0x00003980       0x20 c:/gnuarm/bin/../lib/gcc/arm-none-eabi/10.3.1/../../../../arm-none-eabi/lib/thumb/v7e-m+fp/hard\libc_nano.a(lib_a-nano-msizer.o)
 .debug_frame   0x000039a0       0x5c c:/gnuarm/bin/../lib/gcc/arm-none-eabi/10.3.1/../../../../arm-none-eabi/lib/thumb/v7e-m+fp/hard\libc_nano.a(lib_a-reent.o)
 .debug_frame   0x000039fc       0xb0 c:/gnuarm/bin/../lib/gcc/arm-none-eabi/10.3.1/../../../../arm-none-eabi/lib/thumb/v7e-m+fp/hard\libc_nano.a(lib_a-lock.o)
 .debug_frame   0x00003aac       0x20 c:/gnuarm/bin/../lib/gcc/arm-none-eabi/10.3.1/../../../../arm-none-eabi/lib/thumb/v7e-m+fp/hard\libnosys.a(sbrk.o)
 .debug_frame   0x00003acc       0x2c c:/gnuarm/bin/../lib/gcc/arm-none-eabi/10.3.1/thumb/v7e-m+fp/hard\libgcc.a(_aeabi_uldivmod.o)
 .debug_frame   0x00003af8       0x34 c:/gnuarm/bin/../lib/gcc/arm-none-eabi/10.3.1/thumb/v7e-m+fp/hard\libgcc.a(_udivmoddi4.o)

Cross Reference Table

Symbol                                            File
ADC1_IRQHandler                                   build/startup_stm32l432xx.o
ADC_ConversionStop                                build/stm32l4xx_hal_adc.o
                                                  build/stm32l4xx_hal_adc_ex.o
ADC_DMAConvCplt                                   build/stm32l4xx_hal_adc.o
ADC_DMAError                                      build/stm32l4xx_hal_adc.o
ADC_DMAHalfConvCplt                               build/stm32l4xx_hal_adc.o
ADC_Disable                                       build/stm32l4xx_hal_adc.o
                                                  build/stm32l4xx_hal_adc_ex.o
ADC_Enable                                        build/stm32l4xx_hal_adc.o
                                                  build/stm32l4xx_hal_adc_ex.o
AHBPrescTable                                     build/system_stm32l4xx.o
                                                  build/stm32l4xx_hal_rcc.o
APBPrescTable                                     build/system_stm32l4xx.o
                                                  build/stm32l4xx_hal_rcc.o
APPL_DMA_LTE_APP                                  build/APPL_DMA_LTE.o
APPL_DMA_LTE_Buffer                               build/APPL_DMA_LTE.o
                                                  build/stm32l4xx_it.o
APPL_DMA_LTE_Buffer_d                             build/APPL_DMA_LTE.o
APPL_DMA_LTE_CMD_APP                              build/APPL_DMA_LTE.o
APPL_DMA_LTE_CMD_Error                            build/APPL_DMA_LTE.o
APPL_DMA_LTE_CMD_OK                               build/APPL_DMA_LTE.o
APPL_DMA_LTE_CMD_PAPP                             build/APPL_DMA_LTE.o
APPL_DMA_LTE_Error                                build/APPL_DMA_LTE.o
APPL_DMA_LTE_Init                                 build/APPL_DMA_LTE.o
                                                  build/Appl_Task.o
APPL_DMA_LTE_Init_Stage                           build/APPL_DMA_LTE.o