Archive member included to satisfy reference by file (symbol)

c:/gnuarm/bin/../lib/gcc/arm-none-eabi/10.3.1/../../../../arm-none-eabi/lib/thumb/v7e-m+fp/hard\libc_nano.a(lib_a-exit.o)
                              c:/gnuarm/bin/../lib/gcc/arm-none-eabi/10.3.1/../../../../arm-none-eabi/lib/thumb/v7e-m+fp/hard/crt0.o (exit)
c:/gnuarm/bin/../lib/gcc/arm-none-eabi/10.3.1/../../../../arm-none-eabi/lib/thumb/v7e-m+fp/hard\libc_nano.a(lib_a-impure.o)
                              c:/gnuarm/bin/../lib/gcc/arm-none-eabi/10.3.1/../../../../arm-none-eabi/lib/thumb/v7e-m+fp/hard\libc_nano.a(lib_a-exit.o) (_global_impure_ptr)
c:/gnuarm/bin/../lib/gcc/arm-none-eabi/10.3.1/../../../../arm-none-eabi/lib/thumb/v7e-m+fp/hard\libc_nano.a(lib_a-init.o)
                              c:/gnuarm/bin/../lib/gcc/arm-none-eabi/10.3.1/../../../../arm-none-eabi/lib/thumb/v7e-m+fp/hard/crt0.o (__libc_init_array)
c:/gnuarm/bin/../lib/gcc/arm-none-eabi/10.3.1/../../../../arm-none-eabi/lib/thumb/v7e-m+fp/hard\libc_nano.a(lib_a-memset.o)
                              c:/gnuarm/bin/../lib/gcc/arm-none-eabi/10.3.1/../../../../arm-none-eabi/lib/thumb/v7e-m+fp/hard/crt0.o (memset)
c:/gnuarm/bin/../lib/gcc/arm-none-eabi/10.3.1/../../../../arm-none-eabi/lib/thumb/v7e-m+fp/hard\libc_nano.a(lib_a-strcmp.o)
                              build/EKM_CMD.o (strcmp)
c:/gnuarm/bin/../lib/gcc/arm-none-eabi/10.3.1/../../../../arm-none-eabi/lib/thumb/v7e-m+fp/hard\libc_nano.a(lib_a-strlen.o)
                              build/APPL_DMA_LTE.o (strlen)
c:/gnuarm/bin/../lib/gcc/arm-none-eabi/10.3.1/../../../../arm-none-eabi/lib/thumb/v7e-m+fp/hard\libc_nano.a(lib_a-vsprintf.o)
                              build/APPL_DMA_LTE.o (vsprintf)
c:/gnuarm/bin/../lib/gcc/arm-none-eabi/10.3.1/../../../../arm-none-eabi/lib/thumb/v7e-m+fp/hard\libc_nano.a(lib_a-nano-svfprintf.o)
                              c:/gnuarm/bin/../lib/gcc/arm-none-eabi/10.3.1/../../../../arm-none-eabi/lib/thumb/v7e-m+fp/hard\libc_nano.a(lib_a-vsprintf.o) (_svfprintf_r)
c:/gnuarm/bin/../lib/gcc/arm-none-eabi/10.3.1/../../../../arm-none-eabi/lib/thumb/v7e-m+fp/hard\libc_nano.a(lib_a-nano-vfprintf_i.o)
                              c:/gnuarm/bin/../lib/gcc/arm-none-eabi/10.3.1/../../../../arm-none-eabi/lib/thumb/v7e-m+fp/hard\libc_nano.a(lib_a-nano-svfprintf.o) (_printf_i)
c:/gnuarm/bin/../lib/gcc/arm-none-eabi/10.3.1/../../../../arm-none-eabi/lib/thumb/v7e-m+fp/hard\libc_nano.a(lib_a-memchr.o)
                              c:/gnuarm/bin/../lib/gcc/arm-none-eabi/10.3.1/../../../../arm-none-eabi/lib/thumb/v7e-m+fp/hard\libc_nano.a(lib_a-nano-svfprintf.o) (memchr)
c:/gnuarm/bin/../lib/gcc/arm-none-eabi/10.3.1/../../../../arm-none-eabi/lib/thumb/v7e-m+fp/hard\libc_nano.a(lib_a-memcpy-stub.o)
                              c:/gnuarm/bin/../lib/gcc/arm-none-eabi/10.3.1/../../../../arm-none-eabi/lib/thumb/v7e-m+fp/hard\libc_nano.a(lib_a-nano-svfprintf.o) (memcpy)
c:/gnuarm/bin/../lib/gcc/arm-none-eabi/10.3.1/../../../../arm-none-eabi/lib/thumb/v7e-m+fp/hard\libc_nano.a(lib_a-memmove.o)
                              c:/gnuarm/bin/../lib/gcc/arm-none-eabi/10.3.1/../../../../arm-none-eabi/lib/thumb/v7e-m+fp/hard\libc_nano.a(lib_a-nano-svfprintf.o) (memmove)
c:/gnuarm/bin/../lib/gcc/arm-none-eabi/10.3.1/../../../../arm-none-eabi/lib/thumb/v7e-m+fp/hard\libc_nano.a(lib_a-nano-freer.o)
                              c:/gnuarm/bin/../lib/gcc/arm-none-eabi/10.3.1/../../../../arm-none-eabi/lib/thumb/v7e-m+fp/hard\libc_nano.a(lib_a-nano-svfprintf.o) (_free_r)
c:/gnuarm/bin/../lib/gcc/arm-none-eabi/10.3.1/../../../../arm-none-eabi/lib/thumb/v7e-m+fp/hard\libc_nano.a(lib_a-nano-mallocr.o)
                              c:/gnuarm/bin/../lib/gcc/arm-none-eabi/10.3.1/../../../../arm-none-eabi/lib/thumb/v7e-m+fp/hard\libc_nano.a(lib_a-nano-svfprintf.o) (_malloc_r)
c:/gnuarm/bin/../lib/gcc/arm-none-eabi/10.3.1/../../../../arm-none-eabi/lib/thumb/v7e-m+fp/hard\libc_nano.a(lib_a-nano-reallocr.o)
                              c:/gnuarm/bin/../lib/gcc/arm-none-eabi/10.3.1/../../../../arm-none-eabi/lib/thumb/v7e-m+fp/hard\libc_nano.a(lib_a-nano-svfprintf.o) (_realloc_r)
c:/gnuarm/bin/../lib/gcc/arm-none-eabi/10.3.1/../../../../arm-none-eabi/lib/thumb/v7e-m+fp/hard\libc_nano.a(lib_a-sbrkr.o)
                              c:/gnuarm/bin/../lib/gcc/arm-none-eabi/10.3.1/../../../../arm-none-eabi/lib/thumb/v7e-m+fp/hard\libc_nano.a(lib_a-nano-mallocr.o) (_sbrk_r)
c:/gnuarm/bin/../lib/gcc/arm-none-eabi/10.3.1/../../../../arm-none-eabi/lib/thumb/v7e-m+fp/hard\libc_nano.a(lib_a-mlock.o)
                              c:/gnuarm/bin/../lib/gcc/arm-none-eabi/10.3.1/../../../../arm-none-eabi/lib/thumb/v7e-m+fp/hard\libc_nano.a(lib_a-nano-freer.o) (__malloc_lock)
c:/gnuarm/bin/../lib/gcc/arm-none-eabi/10.3.1/../../../../arm-none-eabi/lib/thumb/v7e-m+fp/hard\libc_nano.a(lib_a-nano-msizer.o)
[...]
Memory Configuration

Name             Origin             Length             Attributes
RAM              0x20000000         0x00010000         xrw
RAM2             0x10000000         0x00004000         xrw
FLASH            0x08000000         0x00040000         xr
*default*        0x00000000         0xffffffff

Linker script and memory map

LOAD c:/gnuarm/bin/../lib/gcc/arm-none-eabi/10.3.1/thumb/v7e-m+fp/hard/crti.o
LOAD c:/gnuarm/bin/../lib/gcc/arm-none-eabi/10.3.1/thumb/v7e-m+fp/hard/crtbegin.o
LOAD c:/gnuarm/bin/../lib/gcc/arm-none-eabi/10.3.1/../../../../arm-none-eabi/lib/thumb/v7e-m+fp/hard/crt0.o
LOAD build/main.o
LOAD build/Appl_Task.o
LOAD build/Appl_Data.o
LOAD build/APPL_DMA_LTE.o
LOAD build/Appl_USBService.o
LOAD build/gpio.o
LOAD build/adc.o
LOAD build/i2c.o
LOAD build/usart.o
LOAD build/stm32l4xx_it.o
LOAD build/stm32l4xx_hal_msp.o
LOAD build/system_stm32l4xx.o
LOAD build/EKM_Buffer.o
LOAD build/EKM_CMD.o
LOAD build/usb_device.o
LOAD build/usbd_desc.o
LOAD build/usbd_cdc_if.o
LOAD build/usbd_conf.o
LOAD build/stm32l4xx_hal_pcd.o
LOAD build/stm32l4xx_hal_pcd_ex.o
LOAD build/stm32l4xx_ll_usb.o
LOAD build/stm32l4xx_hal.o
LOAD build/stm32l4xx_hal_i2c.o
LOAD build/stm32l4xx_hal_i2c_ex.o
LOAD build/stm32l4xx_hal_rcc.o
LOAD build/stm32l4xx_hal_rcc_ex.o
LOAD build/stm32l4xx_hal_flash.o
LOAD build/stm32l4xx_hal_flash_ex.o
LOAD build/stm32l4xx_hal_flash_ramfunc.o
LOAD build/stm32l4xx_hal_gpio.o
LOAD build/stm32l4xx_hal_dma.o
LOAD build/stm32l4xx_hal_dma_ex.o
LOAD build/stm32l4xx_hal_pwr.o
LOAD build/stm32l4xx_hal_pwr_ex.o
LOAD build/stm32l4xx_hal_cortex.o
LOAD build/stm32l4xx_hal_exti.o
LOAD build/stm32l4xx_hal_adc.o
LOAD build/stm32l4xx_hal_adc_ex.o
LOAD build/stm32l4xx_hal_tim.o
LOAD build/stm32l4xx_hal_tim_ex.o
LOAD build/stm32l4xx_hal_uart.o
LOAD build/stm32l4xx_hal_uart_ex.o
LOAD build/usbd_core.o
LOAD build/usbd_ctlreq.o
LOAD build/usbd_ioreq.o
LOAD build/usbd_cdc.o
LOAD build/startup_stm32l432xx.o
LOAD c:/gnuarm/bin/../lib/gcc/arm-none-eabi/10.3.1/../../../../arm-none-eabi/lib/thumb/v7e-m+fp/hard\libc_nano.a
LOAD c:/gnuarm/bin/../lib/gcc/arm-none-eabi/10.3.1/../../../../arm-none-eabi/lib/thumb/v7e-m+fp/hard\libm.a
LOAD c:/gnuarm/bin/../lib/gcc/arm-none-eabi/10.3.1/../../../../arm-none-eabi/lib/thumb/v7e-m+fp/hard\libnosys.a
START GROUP
LOAD c:/gnuarm/bin/../lib/gcc/arm-none-eabi/10.3.1/thumb/v7e-m+fp/hard\libgcc.a
LOAD c:/gnuarm/bin/../lib/gcc/arm-none-eabi/10.3.1/../../../../arm-none-eabi/lib/thumb/v7e-m+fp/hard\libc_nano.a
END GROUP
START GROUP
LOAD c:/gnuarm/bin/../lib/gcc/arm-none-eabi/10.3.1/thumb/v7e-m+fp/hard\libgcc.a
LOAD c:/gnuarm/bin/../lib/gcc/arm-none-eabi/10.3.1/../../../../arm-none-eabi/lib/thumb/v7e-m+fp/hard\libc_nano.a
END GROUP
LOAD c:/gnuarm/bin/../lib/gcc/arm-none-eabi/10.3.1/thumb/v7e-m+fp/hard/crtend.o
LOAD c:/gnuarm/bin/../lib/gcc/arm-none-eabi/10.3.1/thumb/v7e-m+fp/hard/crtn.o
                0x20010000                _estack = (ORIGIN (RAM) + LENGTH (RAM))
                0x00000200                _Min_Heap_Size = 0x200
                0x00000400                _Min_Stack_Size = 0x400

.isr_vector     0x08000000      0x190
                0x08000000                . = ALIGN (0x8)
 *(.isr_vector)
 .isr_vector    0x08000000      0x18c build/startup_stm32l432xx.o
                0x08000000                g_pfnVectors
                0x08000190                . = ALIGN (0x8)
 *fill*         0x0800018c        0x4 

.text           0x08000190     0x6f68
                0x08000190                . = ALIGN (0x8)
 *(.text)
 .text          0x08000190       0x40 c:/gnuarm/bin/../lib/gcc/arm-none-eabi/10.3.1/thumb/v7e-m+fp/hard/crtbegin.o
 .text          0x080001d0       0x14 c:/gnuarm/bin/../lib/gcc/arm-none-eabi/10.3.1/../../../../arm-none-eabi/lib/thumb/v7e-m+fp/hard\libc_nano.a(lib_a-strcmp.o)
                0x080001d0                strcmp
 .text          0x080001e4       0x10 c:/gnuarm/bin/../lib/gcc/arm-none-eabi/10.3.1/../../../../arm-none-eabi/lib/thumb/v7e-m+fp/hard\libc_nano.a(lib_a-strlen.o)
                0x080001e4                strlen
 *fill*         0x080001f4        0xc 
 .text          0x08000200       0xa0 c:/gnuarm/bin/../lib/gcc/arm-none-eabi/10.3.1/../../../../arm-none-eabi/lib/thumb/v7e-m+fp/hard\libc_nano.a(lib_a-memchr.o)
                0x08000200                memchr
 .text          0x080002a0       0x30 c:/gnuarm/bin/../lib/gcc/arm-none-eabi/10.3.1/thumb/v7e-m+fp/hard\libgcc.a(_aeabi_uldivmod.o)
                0x080002a0                __aeabi_uldivmod
 .text          0x080002d0      0x2d0 c:/gnuarm/bin/../lib/gcc/arm-none-eabi/10.3.1/thumb/v7e-m+fp/hard\libgcc.a(_udivmoddi4.o)
                0x080002d0                __udivmoddi4
 .text          0x080005a0        0x4 c:/gnuarm/bin/../lib/gcc/arm-none-eabi/10.3.1/thumb/v7e-m+fp/hard\libgcc.a(_dvmd_tls.o)
                0x080005a0                __aeabi_idiv0
                0x080005a0                __aeabi_ldiv0
 *(.text*)
 .text.Error_Handler
                0x080005a4        0x4 build/main.o
                0x080005a4                Error_Handler
 .text.SystemClock_Config
                0x080005a8       0x7c build/main.o
                0x080005a8                SystemClock_Config
 .text.main     0x08000624       0x40 build/main.o
                0x08000624                main
 .text.APPL_Task_Init
                0x08000664       0x3c build/Appl_Task.o
                0x08000664                APPL_Task_Init
 .text.APPL_Task_1s
                0x080006a0       0x24 build/Appl_Task.o
                0x080006a0                APPL_Task_1s
 .text.APPL_Task_100ms
                0x080006c4       0x2c build/Appl_Task.o
                0x080006c4                APPL_Task_100ms
 .text.APPL_Task_10ms
                0x080006f0       0x48 build/Appl_Task.o
                0x080006f0                APPL_Task_10ms
 .text.APPL_Data_Init
                0x08000738       0x48 build/Appl_Data.o
                0x08000738                APPL_Data_Init
 .text.APPL_Data_RS485_CRC_Decode
                0x08000780       0x70 build/Appl_Data.o
                0x08000780                APPL_Data_RS485_CRC_Decode
 .text.APPL_Data_RS485_Send
                0x080007f0       0x40 build/Appl_Data.o
                0x080007f0                APPL_Data_RS485_Send
 .text.APPL_Data_RS485_Set
                0x08000830       0x30 build/Appl_Data.o
                0x08000830                APPL_Data_RS485_Set
 .text.APPL_Data_MODBUS_Task
                0x08000860       0x68 build/Appl_Data.o
                0x08000860                APPL_Data_MODBUS_Task
 .text.APPL_DMA_LTE_PSUTTZ
                0x080008c8        0x4 build/APPL_DMA_LTE.o
                0x080008c8                APPL_DMA_LTE_PSUTTZ
 .text.APPL_DMA_LTE_OK
                0x080008cc       0x28 build/APPL_DMA_LTE.o
                0x080008cc                APPL_DMA_LTE_OK
 .text.APPL_DMA_LTE_Init
                0x080008f4      0x110 build/APPL_DMA_LTE.o
                0x080008f4                APPL_DMA_LTE_Init
 .text.APPL_DMA_LTE_printf
                0x08000a04       0x44 build/APPL_DMA_LTE.o
                0x08000a04                APPL_DMA_LTE_printf
 .text.APPL_DMA_LTE_Error
                0x08000a48       0x2c build/APPL_DMA_LTE.o
                0x08000a48                APPL_DMA_LTE_Error
 .text.APPL_DMA_LTE_MQTT_PUBLISH_Raw
                0x08000a74       0x50 build/APPL_DMA_LTE.o
                0x08000a74                APPL_DMA_LTE_MQTT_PUBLISH_Raw
 .text.APPL_DMA_LTE_SIM7000G_Init
                0x08000ac4       0x3c build/APPL_DMA_LTE.o
                0x08000ac4                APPL_DMA_LTE_SIM7000G_Init
 .text.APPL_DMA_LTE_LineProcess
                0x08000b00       0x3c build/APPL_DMA_LTE.o
                0x08000b00                APPL_DMA_LTE_LineProcess
 .text.APPL_USB_LTE_Send
                0x08000b3c        0x4 build/Appl_USBService.o
                0x08000b3c                APPL_USB_LTE_Send
 .text.APPL_USB_Init
                0x08000b40       0xb8 build/Appl_USBService.o
                0x08000b40                APPL_USB_Init
 .text.APPL_USB_printf
                0x08000bf8       0x40 build/Appl_USBService.o
                0x08000bf8                APPL_USB_printf
 .text.APPL_USB_LineProcess
                0x08000c38       0x44 build/Appl_USBService.o
                0x08000c38                APPL_USB_LineProcess
 .text.APPL_USB_IDN
                0x08000c7c       0x1c build/Appl_USBService.o
                0x08000c7c                APPL_USB_IDN
 .text.APPL_USB_HELP
                0x08000c98       0x2c build/Appl_USBService.o
                0x08000c98                APPL_USB_HELP
 .text.APPL_USB_Status
                0x08000cc4       0x10 build/Appl_USBService.o
                0x08000cc4                APPL_USB_Status
 .text.APPL_USB_Address
                0x08000cd4       0x1c build/Appl_USBService.o
                0x08000cd4                APPL_USB_Address
 .text.MX_GPIO_Init
                0x08000cf0       0xac build/gpio.o
                0x08000cf0                MX_GPIO_Init
 .text.MX_ADC1_Init
                0x08000d9c       0x84 build/adc.o
                0x08000d9c                MX_ADC1_Init
 .text.HAL_ADC_MspInit
                0x08000e20       0x88 build/adc.o
                0x08000e20                HAL_ADC_MspInit
 .text.MX_I2C1_Init
                0x08000ea8       0x58 build/i2c.o
                0x08000ea8                MX_I2C1_Init
 .text.HAL_I2C_MspInit
                0x08000f00       0x88 build/i2c.o
                0x08000f00                HAL_I2C_MspInit
 .text.MX_USART1_UART_Init
                0x08000f88       0x54 build/usart.o
                0x08000f88                MX_USART1_UART_Init
 .text.MX_USART2_UART_Init
                0x08000fdc       0x5c build/usart.o
                0x08000fdc                MX_USART2_UART_Init
 .text.HAL_UART_MspInit
                0x08001038      0x10c build/usart.o
                0x08001038                HAL_UART_MspInit
 .text.NMI_Handler
                0x08001144       0x10 build/stm32l4xx_it.o
                0x08001144                NMI_Handler
 .text.HardFault_Handler
                0x08001154       0x10 build/stm32l4xx_it.o
                0x08001154                HardFault_Handler
 .text.MemManage_Handler
                0x08001164       0x10 build/stm32l4xx_it.o
                0x08001164                MemManage_Handler
 .text.BusFault_Handler
                0x08001174       0x10 build/stm32l4xx_it.o
                0x08001174                BusFault_Handler
 .text.UsageFault_Handler
                0x08001184       0x10 build/stm32l4xx_it.o
                0x08001184                UsageFault_Handler
 .text.SVC_Handler
                0x08001194       0x10 build/stm32l4xx_it.o
                0x08001194                SVC_Handler
 .text.DebugMon_Handler
                0x080011a4       0x10 build/stm32l4xx_it.o
                0x080011a4                DebugMon_Handler
 .text.PendSV_Handler
                0x080011b4       0x10 build/stm32l4xx_it.o
                0x080011b4                PendSV_Handler
 .text.SysTick_Handler
                0x080011c4       0x14 build/stm32l4xx_it.o
                0x080011c4                SysTick_Handler
 .text.USART1_IRQHandler
                0x080011d8       0x1c build/stm32l4xx_it.o
                0x080011d8                USART1_IRQHandler
 .text.USART2_IRQHandler
                0x080011f4       0x14 build/stm32l4xx_it.o
                0x080011f4                USART2_IRQHandler
 .text.USB_IRQHandler
                0x08001208       0x10 build/stm32l4xx_it.o
                0x08001208                USB_IRQHandler
 .text.HAL_MspInit
                0x08001218       0x30 build/stm32l4xx_hal_msp.o
                0x08001218                HAL_MspInit
 .text.SystemInit
                0x08001248       0x14 build/system_stm32l4xx.o
                0x08001248                SystemInit
 .text.EKM_Buffer_Index_Increment
                0x0800125c       0x3c build/EKM_Buffer.o
 .text.EKM_Buffer_Reset
                0x08001298       0x1c build/EKM_Buffer.o
                0x08001298                EKM_Buffer_Reset
 .text.EKM_Buffer_Setup
                0x080012b4       0x16 build/EKM_Buffer.o
                0x080012b4                EKM_Buffer_Setup
 .text.EKM_Buffer_Set
                0x080012ca       0x22 build/EKM_Buffer.o
                0x080012ca                EKM_Buffer_Set
 .text.EKM_Buffer_Element
                0x080012ec       0x26 build/EKM_Buffer.o
                0x080012ec                EKM_Buffer_Element
 .text.EKM_Buffer_Index_Decrement
                0x08001312       0x24 build/EKM_Buffer.o
 .text.EKM_Buffer_Get_Muti
                0x08001336       0x44 build/EKM_Buffer.o
                0x08001336                EKM_Buffer_Get_Muti
 .text.EKM_Buffer_readline
                0x0800137a      0x104 build/EKM_Buffer.o
                0x0800137a                EKM_Buffer_readline
 .text.EKM_CMD_RXPeek
                0x0800147e       0x32 build/EKM_CMD.o
                0x0800147e                EKM_CMD_RXPeek
 .text.EKM_CMD_LineProcess
                0x080014b0       0x68 build/EKM_CMD.o
                0x080014b0                EKM_CMD_LineProcess
 .text.MX_USB_DEVICE_Init
                0x08001518       0x54 build/usb_device.o
                0x08001518                MX_USB_DEVICE_Init
 .text.USBD_FS_DeviceDescriptor
                0x0800156c        0xc build/usbd_desc.o
                0x0800156c                USBD_FS_DeviceDescriptor
 .text.USBD_FS_LangIDStrDescriptor
                0x08001578        0xc build/usbd_desc.o
                0x08001578                USBD_FS_LangIDStrDescriptor
 .text.USBD_FS_USR_BOSDescriptor
                0x08001584        0xc build/usbd_desc.o
                0x08001584                USBD_FS_USR_BOSDescriptor
 .text.IntToUnicode
                0x08001590       0x46 build/usbd_desc.o
 *fill*         0x080015d6        0x2 
 .text.Get_SerialNum
                0x080015d8       0x38 build/usbd_desc.o
 .text.USBD_FS_SerialStrDescriptor
                0x08001610       0x14 build/usbd_desc.o
                0x08001610                USBD_FS_SerialStrDescriptor
 .text.USBD_FS_ProductStrDescriptor
                0x08001624       0x24 build/usbd_desc.o
                0x08001624                USBD_FS_ProductStrDescriptor
 .text.USBD_FS_ManufacturerStrDescriptor
                0x08001648       0x1c build/usbd_desc.o
                0x08001648                USBD_FS_ManufacturerStrDescriptor
 .text.USBD_FS_ConfigStrDescriptor
                0x08001664       0x24 build/usbd_desc.o
                0x08001664                USBD_FS_ConfigStrDescriptor
 .text.USBD_FS_InterfaceStrDescriptor
                0x08001688       0x24 build/usbd_desc.o
                0x08001688                USBD_FS_InterfaceStrDescriptor
 .text.CDC_DeInit_FS
                0x080016ac        0x4 build/usbd_cdc_if.o
 .text.CDC_Control_FS
                0x080016b0        0x4 build/usbd_cdc_if.o
 .text.CDC_TransmitCplt_FS
                0x080016b4        0x4 build/usbd_cdc_if.o
 .text.CDC_Receive_FS
                0x080016b8       0x3c build/usbd_cdc_if.o
 .text.CDC_Init_FS
                0x080016f4       0x28 build/usbd_cdc_if.o
 .text.CDC_Transmit_FS
                0x0800171c       0x2c build/usbd_cdc_if.o
                0x0800171c                CDC_Transmit_FS
 .text.SystemClockConfig_Resume
                0x08001748        0x8 build/usbd_conf.o
 .text.HAL_PCD_MspInit
                0x08001750       0x80 build/usbd_conf.o
                0x08001750                HAL_PCD_MspInit
 .text.HAL_PCD_SetupStageCallback
                0x080017d0       0x10 build/usbd_conf.o
                0x080017d0                HAL_PCD_SetupStageCallback
 .text.HAL_PCD_DataOutStageCallback
                0x080017e0       0x18 build/usbd_conf.o
                0x080017e0                HAL_PCD_DataOutStageCallback
 .text.HAL_PCD_DataInStageCallback
                0x080017f8       0x16 build/usbd_conf.o
                0x080017f8                HAL_PCD_DataInStageCallback
 .text.HAL_PCD_SOFCallback
                0x0800180e        0xc build/usbd_conf.o
                0x0800180e                HAL_PCD_SOFCallback
 .text.HAL_PCD_ResetCallback
                0x0800181a       0x24 build/usbd_conf.o
                0x0800181a                HAL_PCD_ResetCallback
 *fill*         0x0800183e        0x2 
 .text.HAL_PCD_SuspendCallback
                0x08001840       0x20 build/usbd_conf.o
                0x08001840                HAL_PCD_SuspendCallback
 .text.HAL_PCD_ResumeCallback
                0x08001860       0x28 build/usbd_conf.o
                0x08001860                HAL_PCD_ResumeCallback
 .text.USBD_LL_Init
                0x08001888       0x8c build/usbd_conf.o
                0x08001888                USBD_LL_Init
 .text.USBD_LL_Start
                0x08001914       0x1e build/usbd_conf.o
                0x08001914                USBD_LL_Start
 .text.USBD_LL_OpenEP
                0x08001932       0x24 build/usbd_conf.o
                0x08001932                USBD_LL_OpenEP
 .text.USBD_LL_CloseEP
                0x08001956       0x1e build/usbd_conf.o
                0x08001956                USBD_LL_CloseEP
 .text.USBD_LL_StallEP
                0x08001974       0x1e build/usbd_conf.o
                0x08001974                USBD_LL_StallEP
 .text.USBD_LL_ClearStallEP
                0x08001992       0x1e build/usbd_conf.o
                0x08001992                USBD_LL_ClearStallEP
 .text.USBD_LL_IsStallEP
                0x080019b0       0x2e build/usbd_conf.o
                0x080019b0                USBD_LL_IsStallEP
 .text.USBD_LL_SetUSBAddress
                0x080019de       0x1e build/usbd_conf.o
                0x080019de                USBD_LL_SetUSBAddress
 .text.USBD_LL_Transmit
                0x080019fc       0x1e build/usbd_conf.o
                0x080019fc                USBD_LL_Transmit
 .text.USBD_LL_PrepareReceive
                0x08001a1a       0x1e build/usbd_conf.o
                0x08001a1a                USBD_LL_PrepareReceive
 .text.USBD_LL_GetRxDataSize
                0x08001a38        0xc build/usbd_conf.o
                0x08001a38                USBD_LL_GetRxDataSize
 .text.HAL_PCDEx_LPM_Callback
                0x08001a44       0x48 build/usbd_conf.o
                0x08001a44                HAL_PCDEx_LPM_Callback
 .text.USBD_static_malloc
                0x08001a8c        0x8 build/usbd_conf.o
                0x08001a8c                USBD_static_malloc
 .text.USBD_static_free
                0x08001a94        0x2 build/usbd_conf.o
                0x08001a94                USBD_static_free
 .text.HAL_PCD_EP_DB_Receive
                0x08001a96      0x118 build/stm32l4xx_hal_pcd.o
 .text.HAL_PCD_Init
                0x08001bae      0x12c build/stm32l4xx_hal_pcd.o
                0x08001bae                HAL_PCD_Init
 .text.HAL_PCD_Start
                0x08001cda       0x2a build/stm32l4xx_hal_pcd.o
                0x08001cda                HAL_PCD_Start
 .text.HAL_PCD_EP_DB_Transmit
                0x08001d04      0x410 build/stm32l4xx_hal_pcd.o
 .text.PCD_EP_ISR_Handler
                0x08002114      0x540 build/stm32l4xx_hal_pcd.o
 .text.HAL_PCD_SetAddress
                0x08002654       0x28 build/stm32l4xx_hal_pcd.o
                0x08002654                HAL_PCD_SetAddress
 .text.HAL_PCD_IRQHandler
                0x0800267c      0x1b2 build/stm32l4xx_hal_pcd.o
                0x0800267c                HAL_PCD_IRQHandler
 .text.HAL_PCD_EP_Open
                0x0800282e       0x88 build/stm32l4xx_hal_pcd.o
                0x0800282e                HAL_PCD_EP_Open
 .text.HAL_PCD_EP_Close
                0x080028b6       0x6a build/stm32l4xx_hal_pcd.o
                0x080028b6                HAL_PCD_EP_Close
 .text.HAL_PCD_EP_Receive
                0x08002920       0x46 build/stm32l4xx_hal_pcd.o
                0x08002920                HAL_PCD_EP_Receive
 .text.HAL_PCD_EP_GetRxCount
                0x08002966       0x12 build/stm32l4xx_hal_pcd.o
                0x08002966                HAL_PCD_EP_GetRxCount
 .text.HAL_PCD_EP_Transmit
                0x08002978       0x54 build/stm32l4xx_hal_pcd.o
                0x08002978                HAL_PCD_EP_Transmit
 .text.HAL_PCD_EP_SetStall
                0x080029cc       0x84 build/stm32l4xx_hal_pcd.o
                0x080029cc                HAL_PCD_EP_SetStall
 .text.HAL_PCD_EP_ClrStall
                0x08002a50       0x82 build/stm32l4xx_hal_pcd.o
                0x08002a50                HAL_PCD_EP_ClrStall
 .text.HAL_PCDEx_PMAConfig
                0x08002ad2       0x3c build/stm32l4xx_hal_pcd_ex.o
                0x08002ad2                HAL_PCDEx_PMAConfig
 .text.HAL_PCDEx_ActivateLPM
                0x08002b0e       0x2c build/stm32l4xx_hal_pcd_ex.o
                0x08002b0e                HAL_PCDEx_ActivateLPM
 .text.USB_CoreInit
                0x08002b3a        0xe build/stm32l4xx_ll_usb.o
                0x08002b3a                USB_CoreInit
 .text.USB_EnableGlobalInt
                0x08002b48       0x12 build/stm32l4xx_ll_usb.o
                0x08002b48                USB_EnableGlobalInt
 .text.USB_DisableGlobalInt
                0x08002b5a       0x14 build/stm32l4xx_ll_usb.o
                0x08002b5a                USB_DisableGlobalInt
 .text.USB_SetCurrentMode
                0x08002b6e        0x4 build/stm32l4xx_ll_usb.o
                0x08002b6e                USB_SetCurrentMode
 .text.USB_DevInit
                0x08002b72       0x22 build/stm32l4xx_ll_usb.o
                0x08002b72                USB_DevInit
 .text.USB_ActivateEndpoint
                0x08002b94      0x3bc build/stm32l4xx_ll_usb.o
                0x08002b94                USB_ActivateEndpoint
 .text.USB_DeactivateEndpoint
                0x08002f50      0x1d6 build/stm32l4xx_ll_usb.o
                0x08002f50                USB_DeactivateEndpoint
 .text.USB_EPSetStall
                0x08003126       0x4a build/stm32l4xx_ll_usb.o
                0x08003126                USB_EPSetStall
 .text.USB_EPClearStall
                0x08003170       0xa2 build/stm32l4xx_ll_usb.o
                0x08003170                USB_EPClearStall
 .text.USB_SetDevAddress
                0x08003212        0xc build/stm32l4xx_ll_usb.o
                0x08003212                USB_SetDevAddress
 .text.USB_DevConnect
                0x0800321e       0x16 build/stm32l4xx_ll_usb.o
                0x0800321e                USB_DevConnect
 .text.USB_DevDisconnect
                0x08003234       0x10 build/stm32l4xx_ll_usb.o
                0x08003234                USB_DevDisconnect
 .text.USB_ReadInterrupts
                0x08003244        0x8 build/stm32l4xx_ll_usb.o
                0x08003244                USB_ReadInterrupts
 .text.USB_EP0_OutStart
                0x0800324c        0x4 build/stm32l4xx_ll_usb.o
                0x0800324c                USB_EP0_OutStart
 .text.USB_WritePMA
                0x08003250       0x28 build/stm32l4xx_ll_usb.o
                0x08003250                USB_WritePMA
 .text.USB_EPStartXfer
                0x08003278      0x760 build/stm32l4xx_ll_usb.o
                0x08003278                USB_EPStartXfer
 .text.USB_ReadPMA
                0x080039d8       0x30 build/stm32l4xx_ll_usb.o
                0x080039d8                USB_ReadPMA
 .text.HAL_InitTick
                0x08003a08       0x50 build/stm32l4xx_hal.o
                0x08003a08                HAL_InitTick
 .text.HAL_Init
                0x08003a58       0x1e build/stm32l4xx_hal.o
                0x08003a58                HAL_Init
 *fill*         0x08003a76        0x2 
 .text.HAL_IncTick
                0x08003a78       0x18 build/stm32l4xx_hal.o
                0x08003a78                HAL_IncTick
 .text.HAL_GetTick
                0x08003a90        0xc build/stm32l4xx_hal.o
                0x08003a90                HAL_GetTick
 .text.HAL_Delay
                0x08003a9c       0x28 build/stm32l4xx_hal.o
                0x08003a9c                HAL_Delay
 .text.HAL_I2C_Init
                0x08003ac4       0xbc build/stm32l4xx_hal_i2c.o
                0x08003ac4                HAL_I2C_Init
 .text.HAL_I2CEx_ConfigAnalogFilter
                0x08003b80       0x5c build/stm32l4xx_hal_i2c_ex.o
                0x08003b80                HAL_I2CEx_ConfigAnalogFilter
 .text.HAL_I2CEx_ConfigDigitalFilter
                0x08003bdc       0x58 build/stm32l4xx_hal_i2c_ex.o
                0x08003bdc                HAL_I2CEx_ConfigDigitalFilter
 .text.RCC_SetFlashLatencyFromMSIRange
                0x08003c34       0x90 build/stm32l4xx_hal_rcc.o
 .text.HAL_RCC_GetSysClockFreq
                0x08003cc4       0xb4 build/stm32l4xx_hal_rcc.o
                0x08003cc4                HAL_RCC_GetSysClockFreq
 .text.HAL_RCC_OscConfig
                0x08003d78      0x66c build/stm32l4xx_hal_rcc.o
                0x08003d78                HAL_RCC_OscConfig
 .text.HAL_RCC_ClockConfig
                0x080043e4      0x188 build/stm32l4xx_hal_rcc.o
                0x080043e4                HAL_RCC_ClockConfig
 .text.HAL_RCC_GetHCLKFreq
                0x0800456c        0xc build/stm32l4xx_hal_rcc.o
                0x0800456c                HAL_RCC_GetHCLKFreq
 .text.HAL_RCC_GetPCLK1Freq
                0x08004578       0x24 build/stm32l4xx_hal_rcc.o
                0x08004578                HAL_RCC_GetPCLK1Freq
 .text.HAL_RCC_GetPCLK2Freq
                0x0800459c       0x24 build/stm32l4xx_hal_rcc.o
                0x0800459c                HAL_RCC_GetPCLK2Freq
 .text.RCCEx_PLLSAI1_Config
                0x080045c0      0x16c build/stm32l4xx_hal_rcc_ex.o
 .text.HAL_RCCEx_PeriphCLKConfig
                0x0800472c      0x2e8 build/stm32l4xx_hal_rcc_ex.o
                0x0800472c                HAL_RCCEx_PeriphCLKConfig
 .text.HAL_GPIO_Init
                0x08004a14      0x1b0 build/stm32l4xx_hal_gpio.o
                0x08004a14                HAL_GPIO_Init
 .text.HAL_GPIO_WritePin
                0x08004bc4        0xa build/stm32l4xx_hal_gpio.o
                0x08004bc4                HAL_GPIO_WritePin
 .text.HAL_GPIO_TogglePin
                0x08004bce       0x12 build/stm32l4xx_hal_gpio.o
                0x08004bce                HAL_GPIO_TogglePin
 .text.HAL_PWREx_GetVoltageRange
                0x08004be0       0x10 build/stm32l4xx_hal_pwr_ex.o
                0x08004be0                HAL_PWREx_GetVoltageRange
 .text.HAL_PWREx_ControlVoltageScaling
                0x08004bf0       0x90 build/stm32l4xx_hal_pwr_ex.o
                0x08004bf0                HAL_PWREx_ControlVoltageScaling
 .text.HAL_PWREx_EnableVddUSB
                0x08004c80       0x10 build/stm32l4xx_hal_pwr_ex.o
                0x08004c80                HAL_PWREx_EnableVddUSB
 .text.HAL_NVIC_SetPriorityGrouping
                0x08004c90       0x24 build/stm32l4xx_hal_cortex.o
                0x08004c90                HAL_NVIC_SetPriorityGrouping
 .text.HAL_NVIC_SetPriority
                0x08004cb4       0x70 build/stm32l4xx_hal_cortex.o
                0x08004cb4                HAL_NVIC_SetPriority
 .text.HAL_NVIC_EnableIRQ
                0x08004d24       0x1c build/stm32l4xx_hal_cortex.o
                0x08004d24                HAL_NVIC_EnableIRQ
 .text.HAL_SYSTICK_Config
                0x08004d40       0x28 build/stm32l4xx_hal_cortex.o
                0x08004d40                HAL_SYSTICK_Config
 .text.HAL_ADC_Init
                0x08004d68      0x1dc build/stm32l4xx_hal_adc.o
                0x08004d68                HAL_ADC_Init
 .text.HAL_ADC_ConfigChannel
                0x08004f44      0x4a0 build/stm32l4xx_hal_adc.o
                0x08004f44                HAL_ADC_ConfigChannel
 .text.UART_SetConfig
                0x080053e4      0x260 build/stm32l4xx_hal_uart.o
                0x080053e4                UART_SetConfig
 .text.UART_AdvFeatureConfig
                0x08005644       0xca build/stm32l4xx_hal_uart.o
                0x08005644                UART_AdvFeatureConfig
 .text.UART_WaitOnFlagUntilTimeout
                0x0800570e       0xd4 build/stm32l4xx_hal_uart.o
                0x0800570e                UART_WaitOnFlagUntilTimeout
 .text.HAL_UART_Transmit
                0x080057e2       0xd8 build/stm32l4xx_hal_uart.o
                0x080057e2                HAL_UART_Transmit
 .text.UART_CheckIdleState
                0x080058ba       0x70 build/stm32l4xx_hal_uart.o
                0x080058ba                UART_CheckIdleState
 .text.HAL_UART_Init
                0x0800592a       0x62 build/stm32l4xx_hal_uart.o
                0x0800592a                HAL_UART_Init
 .text.USBD_Init
                0x0800598c       0x2e build/usbd_core.o
                0x0800598c                USBD_Init
 .text.USBD_RegisterClass
                0x080059ba       0x2e build/usbd_core.o
                0x080059ba                USBD_RegisterClass
 .text.USBD_Start
                0x080059e8        0x8 build/usbd_core.o
                0x080059e8                USBD_Start
 .text.USBD_SetClassConfig
                0x080059f0       0x12 build/usbd_core.o
                0x080059f0                USBD_SetClassConfig
 .text.USBD_ClrClassConfig
                0x08005a02       0x10 build/usbd_core.o
                0x08005a02                USBD_ClrClassConfig
 .text.USBD_LL_SetupStage
                0x08005a12       0x58 build/usbd_core.o
                0x08005a12                USBD_LL_SetupStage
 .text.USBD_LL_DataOutStage
                0x08005a6a       0x78 build/usbd_core.o
                0x08005a6a                USBD_LL_DataOutStage
 .text.USBD_LL_DataInStage
                0x08005ae2       0xbe build/usbd_core.o
                0x08005ae2                USBD_LL_DataInStage
 .text.USBD_LL_Reset
                0x08005ba0       0x5a build/usbd_core.o
                0x08005ba0                USBD_LL_Reset
 .text.USBD_LL_SetSpeed
                0x08005bfa        0x6 build/usbd_core.o
                0x08005bfa                USBD_LL_SetSpeed
 .text.USBD_LL_Suspend
                0x08005c00       0x14 build/usbd_core.o
                0x08005c00                USBD_LL_Suspend
 .text.USBD_LL_Resume
                0x08005c14       0x1a build/usbd_core.o
                0x08005c14                USBD_LL_Resume
 .text.USBD_LL_SOF
                0x08005c2e       0x28 build/usbd_core.o
                0x08005c2e                USBD_LL_SOF
 .text.USBD_GetLen
                0x08005c56       0x14 build/usbd_ctlreq.o
 .text.USBD_SetFeature
                0x08005c6a       0x14 build/usbd_ctlreq.o
 .text.USBD_ParseSetupRequest
                0x08005c7e       0x28 build/usbd_ctlreq.o
                0x08005c7e                USBD_ParseSetupRequest
 .text.USBD_CtlError
                0x08005ca6       0x14 build/usbd_ctlreq.o
                0x08005ca6                USBD_CtlError
 .text.USBD_GetDescriptor
                0x08005cba      0x1ac build/usbd_ctlreq.o
 .text.USBD_SetAddress
                0x08005e66       0x50 build/usbd_ctlreq.o
 *fill*         0x08005eb6        0x2 
 .text.USBD_SetConfig
                0x08005eb8       0xc8 build/usbd_ctlreq.o
 .text.USBD_GetConfig
                0x08005f80       0x40 build/usbd_ctlreq.o
 .text.USBD_GetStatus
                0x08005fc0       0x38 build/usbd_ctlreq.o
 .text.USBD_ClrFeature
                0x08005ff8       0x26 build/usbd_ctlreq.o
 .text.USBD_StdDevReq
                0x0800601e       0x70 build/usbd_ctlreq.o
                0x0800601e                USBD_StdDevReq
 .text.USBD_StdItfReq
                0x0800608e       0x68 build/usbd_ctlreq.o
                0x0800608e                USBD_StdItfReq
 .text.USBD_StdEPReq
                0x080060f6      0x1ec build/usbd_ctlreq.o
                0x080060f6                USBD_StdEPReq
 .text.USBD_GetString
                0x080062e2       0x3a build/usbd_ctlreq.o
                0x080062e2                USBD_GetString
 .text.USBD_CtlSendData
                0x0800631c       0x1a build/usbd_ioreq.o
                0x0800631c                USBD_CtlSendData
 .text.USBD_CtlContinueSendData
                0x08006336       0x10 build/usbd_ioreq.o
                0x08006336                USBD_CtlContinueSendData
 .text.USBD_CtlPrepareRx
                0x08006346       0x1e build/usbd_ioreq.o
                0x08006346                USBD_CtlPrepareRx
 .text.USBD_CtlContinueRx
                0x08006364       0x10 build/usbd_ioreq.o
                0x08006364                USBD_CtlContinueRx
 .text.USBD_CtlSendStatus
                0x08006374       0x16 build/usbd_ioreq.o
                0x08006374                USBD_CtlSendStatus
 .text.USBD_CtlReceiveStatus
                0x0800638a       0x16 build/usbd_ioreq.o
                0x0800638a                USBD_CtlReceiveStatus
 .text.USBD_CDC_EP0_RxReady
                0x080063a0       0x36 build/usbd_cdc.o
 *fill*         0x080063d6        0x2 
 .text.USBD_CDC_GetFSCfgDesc
                0x080063d8        0xc build/usbd_cdc.o
 .text.USBD_CDC_GetHSCfgDesc
                0x080063e4        0xc build/usbd_cdc.o
 .text.USBD_CDC_GetOtherSpeedCfgDesc
                0x080063f0        0xc build/usbd_cdc.o
 .text.USBD_CDC_GetDeviceQualifierDescriptor
                0x080063fc        0xc build/usbd_cdc.o
                0x080063fc                USBD_CDC_GetDeviceQualifierDescriptor
 .text.USBD_CDC_DataOut
                0x08006408       0x2a build/usbd_cdc.o
 .text.USBD_CDC_DataIn
                0x08006432       0x6a build/usbd_cdc.o
 .text.USBD_CDC_Setup
                0x0800649c       0xf4 build/usbd_cdc.o
 .text.USBD_CDC_DeInit
                0x08006590       0x48 build/usbd_cdc.o
 .text.USBD_CDC_Init
                0x080065d8       0xc2 build/usbd_cdc.o
 .text.USBD_CDC_RegisterInterface
                0x0800669a        0xe build/usbd_cdc.o
                0x0800669a                USBD_CDC_RegisterInterface
 .text.USBD_CDC_SetTxBuffer
                0x080066a8       0x16 build/usbd_cdc.o
                0x080066a8                USBD_CDC_SetTxBuffer
 .text.USBD_CDC_SetRxBuffer
                0x080066be       0x12 build/usbd_cdc.o
                0x080066be                USBD_CDC_SetRxBuffer
 .text.USBD_CDC_TransmitPacket
                0x080066d0       0x34 build/usbd_cdc.o
                0x080066d0                USBD_CDC_TransmitPacket
 .text.USBD_CDC_ReceivePacket
                0x08006704       0x32 build/usbd_cdc.o
                0x08006704                USBD_CDC_ReceivePacket
 *fill*         0x08006736        0x2 
 .text.Reset_Handler
                0x08006738       0x50 build/startup_stm32l432xx.o
                0x08006738                Reset_Handler
 .text.Default_Handler
                0x08006788        0x2 build/startup_stm32l432xx.o
                0x08006788                RTC_Alarm_IRQHandler
                0x08006788                EXTI2_IRQHandler
                0x08006788                TIM1_CC_IRQHandler
                0x08006788                TSC_IRQHandler
                0x08006788                TAMP_STAMP_IRQHandler
                0x08006788                EXTI3_IRQHandler
                0x08006788                LPTIM2_IRQHandler
                0x08006788                I2C3_ER_IRQHandler
                0x08006788                EXTI0_IRQHandler
                0x08006788                CAN1_RX0_IRQHandler
                0x08006788                FPU_IRQHandler
                0x08006788                TIM1_UP_TIM16_IRQHandler
                0x08006788                SPI1_IRQHandler
                0x08006788                TIM6_DAC_IRQHandler
                0x08006788                DMA2_Channel2_IRQHandler
                0x08006788                DMA1_Channel4_IRQHandler
                0x08006788                ADC1_IRQHandler
                0x08006788                DMA1_Channel7_IRQHandler
                0x08006788                CAN1_RX1_IRQHandler
                0x08006788                DMA2_Channel1_IRQHandler
                0x08006788                QUADSPI_IRQHandler
                0x08006788                I2C1_EV_IRQHandler
                0x08006788                DMA1_Channel6_IRQHandler
                0x08006788                DMA2_Channel4_IRQHandler
                0x08006788                RCC_IRQHandler
                0x08006788                TIM1_TRG_COM_IRQHandler
                0x08006788                DMA1_Channel1_IRQHandler
                0x08006788                Default_Handler
                0x08006788                DMA2_Channel7_IRQHandler
                0x08006788                EXTI15_10_IRQHandler
                0x08006788                TIM7_IRQHandler
                0x08006788                I2C3_EV_IRQHandler
                0x08006788                EXTI9_5_IRQHandler
                0x08006788                RTC_WKUP_IRQHandler
                0x08006788                PVD_PVM_IRQHandler
                0x08006788                CAN1_TX_IRQHandler
                0x08006788                DMA2_Channel5_IRQHandler
                0x08006788                CRS_IRQHandler
                0x08006788                DMA1_Channel5_IRQHandler
                0x08006788                EXTI4_IRQHandler
                0x08006788                RNG_IRQHandler
                0x08006788                DMA1_Channel3_IRQHandler
                0x08006788                COMP_IRQHandler
                0x08006788                WWDG_IRQHandler
                0x08006788                LPUART1_IRQHandler
                0x08006788                DMA2_Channel6_IRQHandler
                0x08006788                TIM2_IRQHandler
                0x08006788                EXTI1_IRQHandler
                0x08006788                DMA1_Channel2_IRQHandler
                0x08006788                CAN1_SCE_IRQHandler
                0x08006788                FLASH_IRQHandler
                0x08006788                SPI3_IRQHandler
                0x08006788                I2C1_ER_IRQHandler
                0x08006788                SWPMI1_IRQHandler
                0x08006788                LPTIM1_IRQHandler
                0x08006788                SAI1_IRQHandler
                0x08006788                DMA2_Channel3_IRQHandler
                0x08006788                TIM1_BRK_TIM15_IRQHandler
 *fill*         0x0800678a        0x2 
 .text.__libc_init_array
                0x0800678c       0x48 c:/gnuarm/bin/../lib/gcc/arm-none-eabi/10.3.1/../../../../arm-none-eabi/lib/thumb/v7e-m+fp/hard\libc_nano.a(lib_a-init.o)
                0x0800678c                __libc_init_array
 .text.memset   0x080067d4       0x10 c:/gnuarm/bin/../lib/gcc/arm-none-eabi/10.3.1/../../../../arm-none-eabi/lib/thumb/v7e-m+fp/hard\libc_nano.a(lib_a-memset.o)
                0x080067d4                memset
 .text._vsprintf_r
                0x080067e4       0x2c c:/gnuarm/bin/../lib/gcc/arm-none-eabi/10.3.1/../../../../arm-none-eabi/lib/thumb/v7e-m+fp/hard\libc_nano.a(lib_a-vsprintf.o)
                0x080067e4                _vsprintf_r
                0x080067e4                _vsiprintf_r
 .text.vsprintf
                0x08006810       0x14 c:/gnuarm/bin/../lib/gcc/arm-none-eabi/10.3.1/../../../../arm-none-eabi/lib/thumb/v7e-m+fp/hard\libc_nano.a(lib_a-vsprintf.o)
                0x08006810                vsiprintf
                0x08006810                vsprintf
 .text.__ssputs_r
                0x08006824       0xb6 c:/gnuarm/bin/../lib/gcc/arm-none-eabi/10.3.1/../../../../arm-none-eabi/lib/thumb/v7e-m+fp/hard\libc_nano.a(lib_a-nano-svfprintf.o)
                0x08006824                __ssputs_r
 *fill*         0x080068da        0x2 
 .text._svfprintf_r
                0x080068dc      0x200 c:/gnuarm/bin/../lib/gcc/arm-none-eabi/10.3.1/../../../../arm-none-eabi/lib/thumb/v7e-m+fp/hard\libc_nano.a(lib_a-nano-svfprintf.o)
                0x080068dc                _svfiprintf_r
                0x080068dc                _svfprintf_r
 .text._printf_common
                0x08006adc       0xda c:/gnuarm/bin/../lib/gcc/arm-none-eabi/10.3.1/../../../../arm-none-eabi/lib/thumb/v7e-m+fp/hard\libc_nano.a(lib_a-nano-vfprintf_i.o)
                0x08006adc                _printf_common
 *fill*         0x08006bb6        0x2 
 .text._printf_i
                0x08006bb8      0x24c c:/gnuarm/bin/../lib/gcc/arm-none-eabi/10.3.1/../../../../arm-none-eabi/lib/thumb/v7e-m+fp/hard\libc_nano.a(lib_a-nano-vfprintf_i.o)
                0x08006bb8                _printf_i
 .text.memcpy   0x08006e04       0x1c c:/gnuarm/bin/../lib/gcc/arm-none-eabi/10.3.1/../../../../arm-none-eabi/lib/thumb/v7e-m+fp/hard\libc_nano.a(lib_a-memcpy-stub.o)
                0x08006e04                memcpy
 .text.memmove  0x08006e20       0x34 c:/gnuarm/bin/../lib/gcc/arm-none-eabi/10.3.1/../../../../arm-none-eabi/lib/thumb/v7e-m+fp/hard\libc_nano.a(lib_a-memmove.o)
                0x08006e20                memmove
 .text._free_r  0x08006e54       0x98 c:/gnuarm/bin/../lib/gcc/arm-none-eabi/10.3.1/../../../../arm-none-eabi/lib/thumb/v7e-m+fp/hard\libc_nano.a(lib_a-nano-freer.o)
                0x08006e54                _free_r
 .text.sbrk_aligned
                0x08006eec       0x40 c:/gnuarm/bin/../lib/gcc/arm-none-eabi/10.3.1/../../../../arm-none-eabi/lib/thumb/v7e-m+fp/hard\libc_nano.a(lib_a-nano-mallocr.o)
 .text._malloc_r
                0x08006f2c       0xe8 c:/gnuarm/bin/../lib/gcc/arm-none-eabi/10.3.1/../../../../arm-none-eabi/lib/thumb/v7e-m+fp/hard\libc_nano.a(lib_a-nano-mallocr.o)
                0x08006f2c                _malloc_r
 .text._realloc_r
                0x08007014       0x5e c:/gnuarm/bin/../lib/gcc/arm-none-eabi/10.3.1/../../../../arm-none-eabi/lib/thumb/v7e-m+fp/hard\libc_nano.a(lib_a-nano-reallocr.o)
                0x08007014                _realloc_r
 *fill*         0x08007072        0x2 
 .text._sbrk_r  0x08007074       0x20 c:/gnuarm/bin/../lib/gcc/arm-none-eabi/10.3.1/../../../../arm-none-eabi/lib/thumb/v7e-m+fp/hard\libc_nano.a(lib_a-sbrkr.o)
                0x08007074                _sbrk_r
 .text.__malloc_lock
                0x08007094        0xc c:/gnuarm/bin/../lib/gcc/arm-none-eabi/10.3.1/../../../../arm-none-eabi/lib/thumb/v7e-m+fp/hard\libc_nano.a(lib_a-mlock.o)
                0x08007094                __malloc_lock
 .text.__malloc_unlock
                0x080070a0        0xc c:/gnuarm/bin/../lib/gcc/arm-none-eabi/10.3.1/../../../../arm-none-eabi/lib/thumb/v7e-m+fp/hard\libc_nano.a(lib_a-mlock.o)
                0x080070a0                __malloc_unlock
 .text._malloc_usable_size_r
                0x080070ac       0x10 c:/gnuarm/bin/../lib/gcc/arm-none-eabi/10.3.1/../../../../arm-none-eabi/lib/thumb/v7e-m+fp/hard\libc_nano.a(lib_a-nano-msizer.o)
                0x080070ac                _malloc_usable_size_r
 .text.__retarget_lock_acquire_recursive
                0x080070bc        0x2 c:/gnuarm/bin/../lib/gcc/arm-none-eabi/10.3.1/../../../../arm-none-eabi/lib/thumb/v7e-m+fp/hard\libc_nano.a(lib_a-lock.o)
                0x080070bc                __retarget_lock_acquire_recursive
 .text.__retarget_lock_release_recursive
                0x080070be        0x2 c:/gnuarm/bin/../lib/gcc/arm-none-eabi/10.3.1/../../../../arm-none-eabi/lib/thumb/v7e-m+fp/hard\libc_nano.a(lib_a-lock.o)
                0x080070be                __retarget_lock_release_recursive
 .text._sbrk    0x080070c0       0x1c c:/gnuarm/bin/../lib/gcc/arm-none-eabi/10.3.1/../../../../arm-none-eabi/lib/thumb/v7e-m+fp/hard\libnosys.a(sbrk.o)
                0x080070c0                _sbrk
 *(.glue_7)
 .glue_7        0x080070dc        0x0 linker stubs
 *(.glue_7t)
 .glue_7t       0x080070dc        0x0 linker stubs
 *(.eh_frame)
 .eh_frame      0x080070dc        0x0 c:/gnuarm/bin/../lib/gcc/arm-none-eabi/10.3.1/thumb/v7e-m+fp/hard/crtbegin.o
 *(.init)
 .init          0x080070dc        0x4 c:/gnuarm/bin/../lib/gcc/arm-none-eabi/10.3.1/thumb/v7e-m+fp/hard/crti.o
                0x080070dc                _init
 .init          0x080070e0        0x8 c:/gnuarm/bin/../lib/gcc/arm-none-eabi/10.3.1/thumb/v7e-m+fp/hard/crtn.o
 *(.fini)
 .fini          0x080070e8        0x4 c:/gnuarm/bin/../lib/gcc/arm-none-eabi/10.3.1/thumb/v7e-m+fp/hard/crti.o
                0x080070e8                _fini
 .fini          0x080070ec        0x8 c:/gnuarm/bin/../lib/gcc/arm-none-eabi/10.3.1/thumb/v7e-m+fp/hard/crtn.o
                0x080070f8                . = ALIGN (0x8)
 *fill*         0x080070f4        0x4 
                0x080070f8                _etext = .

.vfp11_veneer   0x080070f8        0x0
 .vfp11_veneer  0x080070f8        0x0 linker stubs

.v4_bx          0x080070f8        0x0
 .v4_bx         0x080070f8        0x0 linker stubs

.iplt           0x080070f8        0x0
 .iplt          0x080070f8        0x0 c:/gnuarm/bin/../lib/gcc/arm-none-eabi/10.3.1/thumb/v7e-m+fp/hard/crtbegin.o

.rodata         0x080070f8      0x478
                0x080070f8                . = ALIGN (0x8)
 *(.rodata)
 *(.rodata*)
 .rodata.APPL_Task_Init.str1.4
                0x080070f8       0x23 build/Appl_Task.o
 *fill*         0x0800711b        0x1 
 .rodata.APPL_Data_MODBUS_Task.str1.4
                0x0800711c       0x16 build/Appl_Data.o
                                 0x1b (size before relaxing)
 *fill*         0x08007132        0x2 
 .rodata.APPL_DMA_LTE_OK.str1.4
                0x08007134       0x1d build/APPL_DMA_LTE.o
 *fill*         0x08007151        0x3 
 .rodata.APPL_DMA_LTE_Init.str1.4
                0x08007154      0x145 build/APPL_DMA_LTE.o
 *fill*         0x08007299        0x3 
 .rodata.APPL_DMA_LTE_Error.str1.4
                0x0800729c        0xd build/APPL_DMA_LTE.o
 *fill*         0x080072a9        0x3 
 .rodata.APPL_DMA_LTE_MQTT_PUBLISH.str1.4
                0x080072ac       0x25 build/APPL_DMA_LTE.o
 .rodata.APPL_DMA_LTE_MQTT_PUBLISH_Raw.str1.4
                0x080072d1        0xb build/APPL_DMA_LTE.o
 *fill*         0x080072d1        0x3 
 .rodata.APPL_DMA_LTE_SIM7000G_Init.str1.4
                0x080072d4        0x3 build/APPL_DMA_LTE.o
 *fill*         0x080072d7        0x1 
 .rodata.APPL_DMA_LTE_LineProcess.str1.4
                0x080072d8        0xf build/APPL_DMA_LTE.o
 *fill*         0x080072e7        0x1 
 .rodata.APPL_USB_Init.str1.4
                0x080072e8       0x92 build/Appl_USBService.o
 *fill*         0x0800737a        0x2 
 .rodata.APPL_USB_LineProcess.str1.4
                0x0800737c       0x12 build/Appl_USBService.o
 *fill*         0x0800738e        0x2 
 .rodata.APPL_USB_IDN.str1.4
                0x08007390       0x32 build/Appl_USBService.o
 *fill*         0x080073c2        0x2 
 .rodata.APPL_USB_HELP.str1.4
                0x080073c4       0x21 build/Appl_USBService.o
 *fill*         0x080073e5        0x3 
 .rodata.APPL_USB_Status.str1.4
                0x080073e8       0x10 build/Appl_USBService.o
 .rodata.APPL_USB_Address.str1.4
                0x080073f8       0x16 build/Appl_USBService.o
 *fill*         0x0800740e        0x2 
 .rodata.NMI_Handler.str1.4
                0x08007410        0xe build/stm32l4xx_it.o
 *fill*         0x0800741e        0x2 
 .rodata.HardFault_Handler.str1.4
                0x08007420       0x14 build/stm32l4xx_it.o
 .rodata.MemManage_Handler.str1.4
                0x08007434       0x14 build/stm32l4xx_it.o
 .rodata.BusFault_Handler.str1.4
                0x08007448       0x13 build/stm32l4xx_it.o
 *fill*         0x0800745b        0x1 
 .rodata.UsageFault_Handler.str1.4
                0x0800745c       0x15 build/stm32l4xx_it.o
 *fill*         0x08007471        0x3 
 .rodata.SVC_Handler.str1.4
                0x08007474        0xe build/stm32l4xx_it.o
 *fill*         0x08007482        0x2 
 .rodata.DebugMon_Handler.str1.4
                0x08007484       0x13 build/stm32l4xx_it.o
 *fill*         0x08007497        0x1 
 .rodata.PendSV_Handler.str1.4
                0x08007498       0x11 build/stm32l4xx_it.o
 *fill*         0x080074a9        0x3 
 .rodata.AHBPrescTable
                0x080074ac       0x10 build/system_stm32l4xx.o
                0x080074ac                AHBPrescTable
 .rodata.APBPrescTable
                0x080074bc        0x8 build/system_stm32l4xx.o
                0x080074bc                APBPrescTable
 .rodata.MSIRangeTable
                0x080074c4       0x30 build/system_stm32l4xx.o
                0x080074c4                MSIRangeTable
 .rodata.USBD_FS_ProductStrDescriptor.str1.4
                0x080074f4       0x16 build/usbd_desc.o
 *fill*         0x0800750a        0x2 
 .rodata.USBD_FS_ManufacturerStrDescriptor.str1.4
                0x0800750c       0x13 build/usbd_desc.o
 *fill*         0x0800751f        0x1 
 .rodata.USBD_FS_ConfigStrDescriptor.str1.4
                0x08007520        0xb build/usbd_desc.o
 *fill*         0x0800752b        0x1 
 .rodata.USBD_FS_InterfaceStrDescriptor.str1.4
                0x0800752c        0xe build/usbd_desc.o
 .rodata._svfprintf_r.str1.1
                0x0800753a       0x11 c:/gnuarm/bin/../lib/gcc/arm-none-eabi/10.3.1/../../../../arm-none-eabi/lib/thumb/v7e-m+fp/hard\libc_nano.a(lib_a-nano-svfprintf.o)
 .rodata._printf_i.str1.1
                0x0800754b       0x22 c:/gnuarm/bin/../lib/gcc/arm-none-eabi/10.3.1/../../../../arm-none-eabi/lib/thumb/v7e-m+fp/hard\libc_nano.a(lib_a-nano-vfprintf_i.o)
                0x08007570                . = ALIGN (0x8)
 *fill*         0x0800756d        0x3 

.ARM.extab      0x08007570        0x0
                0x08007570                . = ALIGN (0x8)
 *(.ARM.extab* .gnu.linkonce.armextab.*)
                0x08007570                . = ALIGN (0x8)

.ARM            0x08007570        0x8
                0x08007570                . = ALIGN (0x8)
                0x08007570                __exidx_start = .
 *(.ARM.exidx*)
 .ARM.exidx     0x08007570        0x8 c:/gnuarm/bin/../lib/gcc/arm-none-eabi/10.3.1/thumb/v7e-m+fp/hard\libgcc.a(_udivmoddi4.o)
                0x08007578                __exidx_end = .
                0x08007578                . = ALIGN (0x8)

.rel.dyn        0x08007578        0x0
 .rel.iplt      0x08007578        0x0 c:/gnuarm/bin/../lib/gcc/arm-none-eabi/10.3.1/thumb/v7e-m+fp/hard/crtbegin.o

.preinit_array  0x08007578        0x0
                0x08007578                . = ALIGN (0x8)
                0x08007578                PROVIDE (__preinit_array_start = .)
 *(.preinit_array*)
                0x08007578                PROVIDE (__preinit_array_end = .)
                0x08007578                . = ALIGN (0x8)

.init_array     0x08007578        0x8
                0x08007578                . = ALIGN (0x8)
                0x08007578                PROVIDE (__init_array_start = .)
 *(SORT_BY_NAME(.init_array.*))
 *(.init_array*)
 .init_array    0x08007578        0x4 c:/gnuarm/bin/../lib/gcc/arm-none-eabi/10.3.1/thumb/v7e-m+fp/hard/crtbegin.o
                0x0800757c                PROVIDE (__init_array_end = .)
                0x08007580                . = ALIGN (0x8)
 *fill*         0x0800757c        0x4 

.fini_array     0x08007580        0x8
                0x08007580                . = ALIGN (0x8)
                [!provide]                PROVIDE (__fini_array_start = .)
 *(SORT_BY_NAME(.fini_array.*))
 *(.fini_array*)
 .fini_array    0x08007580        0x4 c:/gnuarm/bin/../lib/gcc/arm-none-eabi/10.3.1/thumb/v7e-m+fp/hard/crtbegin.o
                [!provide]                PROVIDE (__fini_array_end = .)
                0x08007588                . = ALIGN (0x8)
 *fill*         0x08007584        0x4 
                0x08007588                _sidata = LOADADDR (.data)

.data           0x20000000      0x1f8 load address 0x08007588
                0x20000000                . = ALIGN (0x8)
                0x20000000                _sdata = .
 *(.data)
 *(.data*)
 .data.SystemCoreClock
                0x20000000        0x4 build/system_stm32l4xx.o
                0x20000000                SystemCoreClock
 .data.FS_Desc  0x20000004       0x20 build/usbd_desc.o
                0x20000004                FS_Desc
 .data.USBD_FS_BOSDesc
                0x20000024        0xc build/usbd_desc.o
                0x20000024                USBD_FS_BOSDesc
 .data.USBD_FS_DeviceDesc
                0x20000030       0x12 build/usbd_desc.o
                0x20000030                USBD_FS_DeviceDesc
 *fill*         0x20000042        0x2 
 .data.USBD_LangIDDesc
                0x20000044        0x4 build/usbd_desc.o
                0x20000044                USBD_LangIDDesc
 .data.USBD_StringSerial
                0x20000048       0x1a build/usbd_desc.o
                0x20000048                USBD_StringSerial
 *fill*         0x20000062        0x2 
 .data.USBD_Interface_fops_FS
                0x20000064       0x14 build/usbd_cdc_if.o
                0x20000064                USBD_Interface_fops_FS
 .data.uwTickFreq
                0x20000078        0x1 build/stm32l4xx_hal.o
                0x20000078                uwTickFreq
 *fill*         0x20000079        0x3 
 .data.uwTickPrio
                0x2000007c        0x4 build/stm32l4xx_hal.o
                0x2000007c                uwTickPrio
 .data.USBD_CDC
                0x20000080       0x38 build/usbd_cdc.o
                0x20000080                USBD_CDC
 .data.USBD_CDC_CfgFSDesc
                0x200000b8       0x43 build/usbd_cdc.o
 *fill*         0x200000fb        0x1 
 .data.USBD_CDC_CfgHSDesc
                0x200000fc       0x43 build/usbd_cdc.o
 *fill*         0x2000013f        0x1 
 .data.USBD_CDC_DeviceQualifierDesc
                0x20000140        0xa build/usbd_cdc.o
 *fill*         0x2000014a        0x2 
 .data.USBD_CDC_OtherSpeedCfgDesc
                0x2000014c       0x43 build/usbd_cdc.o
 *fill*         0x2000018f        0x1 
 .data._impure_ptr
                0x20000190        0x4 c:/gnuarm/bin/../lib/gcc/arm-none-eabi/10.3.1/../../../../arm-none-eabi/lib/thumb/v7e-m+fp/hard\libc_nano.a(lib_a-impure.o)
                0x20000190                _impure_ptr
 .data.impure_data
                0x20000194       0x60 c:/gnuarm/bin/../lib/gcc/arm-none-eabi/10.3.1/../../../../arm-none-eabi/lib/thumb/v7e-m+fp/hard\libc_nano.a(lib_a-impure.o)
                0x200001f8                . = ALIGN (0x8)
 *fill*         0x200001f4        0x4 
                0x200001f8                _edata = .

.igot.plt       0x200001f8        0x0 load address 0x08007780
 .igot.plt      0x200001f8        0x0 c:/gnuarm/bin/../lib/gcc/arm-none-eabi/10.3.1/thumb/v7e-m+fp/hard/crtbegin.o
                0x200001f8                . = ALIGN (0x4)

.bss            0x200001f8     0x17e8 load address 0x08007780
                0x200001f8                _sbss = .
                0x200001f8                __bss_start__ = _sbss
 *(.bss)
 .bss           0x200001f8       0x1c c:/gnuarm/bin/../lib/gcc/arm-none-eabi/10.3.1/thumb/v7e-m+fp/hard/crtbegin.o
 *(.bss*)
 .bss.Systick_count
                0x20000214        0x2 build/main.o
                0x20000214                Systick_count
 .bss.time_100ms
                0x20000216        0x1 build/Appl_Task.o
                0x20000216                time_100ms
 .bss.time_10ms
                0x20000217        0x1 build/Appl_Task.o
                0x20000217                time_10ms
 .bss.time_1s   0x20000218        0x1 build/Appl_Task.o
                0x20000218                time_1s
 *fill*         0x20000219        0x3 
 .bss.APPL_Data_RS485_Buffer
                0x2000021c       0xff build/Appl_Data.o
                0x2000021c                APPL_Data_RS485_Buffer
 .bss.APPL_Data_RS485_Buffer_pointer
                0x2000031b        0x1 build/Appl_Data.o
                0x2000031b                APPL_Data_RS485_Buffer_pointer
 .bss.APPL_data
                0x2000031c      0x106 build/Appl_Data.o
                0x2000031c                APPL_data
 *fill*         0x20000422        0x2 
 .bss.APPL_DMA_LTE_Buffer
                0x20000424        0xc build/APPL_DMA_LTE.o
                0x20000424                APPL_DMA_LTE_Buffer
 .bss.APPL_DMA_LTE_Buffer_d
                0x20000430       0x80 build/APPL_DMA_LTE.o
                0x20000430                APPL_DMA_LTE_Buffer_d
 .bss.APPL_DMA_LTE_CMD_Error
                0x200004b0       0x10 build/APPL_DMA_LTE.o
                0x200004b0                APPL_DMA_LTE_CMD_Error
 .bss.APPL_DMA_LTE_CMD_OK
                0x200004c0       0x10 build/APPL_DMA_LTE.o
                0x200004c0                APPL_DMA_LTE_CMD_OK
 .bss.APPL_DMA_LTE_CMD_PSUTTZ
                0x200004d0       0x10 build/APPL_DMA_LTE.o
                0x200004d0                APPL_DMA_LTE_CMD_PSUTTZ
 .bss.APPL_DMA_LTE_Init_Stage
                0x200004e0        0x1 build/APPL_DMA_LTE.o
                0x200004e0                APPL_DMA_LTE_Init_Stage
 *fill*         0x200004e1        0x3 
 .bss.APPL_DMA_LTE_MQTT_ONLINE
                0x200004e4        0x4 build/APPL_DMA_LTE.o
                0x200004e4                APPL_DMA_LTE_MQTT_ONLINE
 .bss.APPL_DMA_LTE_SIM7000G_ErrorCount
                0x200004e8        0x2 build/APPL_DMA_LTE.o
                0x200004e8                APPL_DMA_LTE_SIM7000G_ErrorCount
 *fill*         0x200004ea        0x2 
 .bss.APPL_DMA_LTE_Step_Init
                0x200004ec       0x78 build/APPL_DMA_LTE.o
                0x200004ec                APPL_DMA_LTE_Step_Init
 .bss.APPL_USB_CMD_Address
                0x20000564       0x10 build/Appl_USBService.o
                0x20000564                APPL_USB_CMD_Address
 .bss.APPL_USB_CMD_HELP
                0x20000574       0x10 build/Appl_USBService.o
                0x20000574                APPL_USB_CMD_HELP
 .bss.APPL_USB_CMD_IDN
                0x20000584       0x10 build/Appl_USBService.o
                0x20000584                APPL_USB_CMD_IDN
 .bss.APPL_USB_CMD_LTE_Send
                0x20000594       0x10 build/Appl_USBService.o
                0x20000594                APPL_USB_CMD_LTE_Send
 .bss.APPL_USB_CMD_Status
                0x200005a4       0x10 build/Appl_USBService.o
                0x200005a4                APPL_USB_CMD_Status
 .bss.APPL_USB_Data
                0x200005b4       0x64 build/Appl_USBService.o
                0x200005b4                APPL_USB_Data
 .bss.APPL_USB_Rx
                0x20000618        0xc build/Appl_USBService.o
                0x20000618                APPL_USB_Rx
 .bss.hadc1     0x20000624       0x64 build/adc.o
                0x20000624                hadc1
 .bss.hi2c1     0x20000688       0x54 build/i2c.o
                0x20000688                hi2c1
 .bss.huart1    0x200006dc       0x84 build/usart.o
                0x200006dc                huart1
 .bss.huart2    0x20000760       0x84 build/usart.o
                0x20000760                huart2
 .bss.EKM_CMDg_ppcArgv
                0x200007e4       0x24 build/EKM_CMD.o
 .bss.hUsbDeviceFS
                0x20000808      0x2d0 build/usb_device.o
                0x20000808                hUsbDeviceFS
 .bss.USBD_StrDesc
                0x20000ad8      0x200 build/usbd_desc.o
                0x20000ad8                USBD_StrDesc
 .bss.UserRxBufferFS
                0x20000cd8      0x3e8 build/usbd_cdc_if.o
                0x20000cd8                UserRxBufferFS
 .bss.UserTxBufferFS
                0x200010c0      0x3e8 build/usbd_cdc_if.o
                0x200010c0                UserTxBufferFS
 .bss.hpcd_USB_FS
                0x200014a8      0x2fc build/usbd_conf.o
                0x200014a8                hpcd_USB_FS
 .bss.mem.0     0x200017a4      0x220 build/usbd_conf.o
 .bss.uwTick    0x200019c4        0x4 build/stm32l4xx_hal.o
                0x200019c4                uwTick
 .bss.cfgidx.0  0x200019c8        0x1 build/usbd_ctlreq.o
 *fill*         0x200019c9        0x3 
 .bss.__malloc_free_list
                0x200019cc        0x4 c:/gnuarm/bin/../lib/gcc/arm-none-eabi/10.3.1/../../../../arm-none-eabi/lib/thumb/v7e-m+fp/hard\libc_nano.a(lib_a-nano-mallocr.o)
                0x200019cc                __malloc_free_list
 .bss.__malloc_sbrk_start
                0x200019d0        0x4 c:/gnuarm/bin/../lib/gcc/arm-none-eabi/10.3.1/../../../../arm-none-eabi/lib/thumb/v7e-m+fp/hard\libc_nano.a(lib_a-nano-mallocr.o)
                0x200019d0                __malloc_sbrk_start
 .bss.errno     0x200019d4        0x4 c:/gnuarm/bin/../lib/gcc/arm-none-eabi/10.3.1/../../../../arm-none-eabi/lib/thumb/v7e-m+fp/hard\libc_nano.a(lib_a-reent.o)
                0x200019d4                errno
 .bss.__lock___malloc_recursive_mutex
                0x200019d8        0x1 c:/gnuarm/bin/../lib/gcc/arm-none-eabi/10.3.1/../../../../arm-none-eabi/lib/thumb/v7e-m+fp/hard\libc_nano.a(lib_a-lock.o)
                0x200019d8                __lock___malloc_recursive_mutex
 *fill*         0x200019d9        0x3 
 .bss.heap_end.0
                0x200019dc        0x4 c:/gnuarm/bin/../lib/gcc/arm-none-eabi/10.3.1/../../../../arm-none-eabi/lib/thumb/v7e-m+fp/hard\libnosys.a(sbrk.o)
 *(COMMON)
                0x200019e0                . = ALIGN (0x4)
                0x200019e0                _ebss = .
                0x200019e0                __bss_end__ = _ebss

._user_heap_stack
                0x200019e0      0x600 load address 0x08007780
                0x200019e0                . = ALIGN (0x8)
                0x200019e0                PROVIDE (end = .)
                [!provide]                PROVIDE (_end = .)
                0x20001be0                . = (. + _Min_Heap_Size)
 *fill*         0x200019e0      0x200 
                0x20001fe0                . = (. + _Min_Stack_Size)
 *fill*         0x20001be0      0x400 
                0x20001fe0                . = ALIGN (0x8)

/DISCARD/
 libc.a(*)
 libm.a(*)
 libgcc.a(*)

.ARM.attributes
                0x00000000       0x30
 *(.ARM.attributes)
 .ARM.attributes
                0x00000000       0x1e c:/gnuarm/bin/../lib/gcc/arm-none-eabi/10.3.1/thumb/v7e-m+fp/hard/crti.o
 .ARM.attributes
                0x0000001e       0x34 c:/gnuarm/bin/../lib/gcc/arm-none-eabi/10.3.1/thumb/v7e-m+fp/hard/crtbegin.o
 .ARM.attributes
                0x00000052       0x34 build/main.o
 .ARM.attributes
                0x00000086       0x34 build/Appl_Task.o
 .ARM.attributes
                0x000000ba       0x34 build/Appl_Data.o
 .ARM.attributes
                0x000000ee       0x34 build/APPL_DMA_LTE.o
 .ARM.attributes
                0x00000122       0x34 build/Appl_USBService.o
 .ARM.attributes
                0x00000156       0x34 build/gpio.o
 .ARM.attributes
                0x0000018a       0x34 build/adc.o
 .ARM.attributes
                0x000001be       0x34 build/i2c.o
 .ARM.attributes
                0x000001f2       0x34 build/usart.o
 .ARM.attributes
                0x00000226       0x34 build/stm32l4xx_it.o
 .ARM.attributes
                0x0000025a       0x34 build/stm32l4xx_hal_msp.o
 .ARM.attributes
                0x0000028e       0x34 build/system_stm32l4xx.o
 .ARM.attributes
                0x000002c2       0x34 build/EKM_Buffer.o
 .ARM.attributes
                0x000002f6       0x34 build/EKM_CMD.o
 .ARM.attributes
                0x0000032a       0x34 build/usb_device.o
 .ARM.attributes
                0x0000035e       0x34 build/usbd_desc.o
 .ARM.attributes
                0x00000392       0x34 build/usbd_cdc_if.o
 .ARM.attributes
                0x000003c6       0x34 build/usbd_conf.o
 .ARM.attributes
                0x000003fa       0x34 build/stm32l4xx_hal_pcd.o
 .ARM.attributes
                0x0000042e       0x34 build/stm32l4xx_hal_pcd_ex.o
 .ARM.attributes
                0x00000462       0x34 build/stm32l4xx_ll_usb.o
 .ARM.attributes
                0x00000496       0x34 build/stm32l4xx_hal.o
 .ARM.attributes
                0x000004ca       0x34 build/stm32l4xx_hal_i2c.o
 .ARM.attributes
                0x000004fe       0x34 build/stm32l4xx_hal_i2c_ex.o
 .ARM.attributes
                0x00000532       0x34 build/stm32l4xx_hal_rcc.o
 .ARM.attributes
                0x00000566       0x34 build/stm32l4xx_hal_rcc_ex.o
 .ARM.attributes
                0x0000059a       0x34 build/stm32l4xx_hal_gpio.o
 .ARM.attributes
                0x000005ce       0x34 build/stm32l4xx_hal_pwr_ex.o
 .ARM.attributes
                0x00000602       0x34 build/stm32l4xx_hal_cortex.o
 .ARM.attributes
                0x00000636       0x34 build/stm32l4xx_hal_adc.o
 .ARM.attributes
                0x0000066a       0x34 build/stm32l4xx_hal_uart.o
 .ARM.attributes
                0x0000069e       0x34 build/usbd_core.o
 .ARM.attributes
                0x000006d2       0x34 build/usbd_ctlreq.o
 .ARM.attributes
                0x00000706       0x34 build/usbd_ioreq.o
 .ARM.attributes
                0x0000073a       0x34 build/usbd_cdc.o
 .ARM.attributes
                0x0000076e       0x21 build/startup_stm32l432xx.o
 .ARM.attributes
                0x0000078f       0x34 c:/gnuarm/bin/../lib/gcc/arm-none-eabi/10.3.1/../../../../arm-none-eabi/lib/thumb/v7e-m+fp/hard\libc_nano.a(lib_a-impure.o)
 .ARM.attributes
                0x000007c3       0x34 c:/gnuarm/bin/../lib/gcc/arm-none-eabi/10.3.1/../../../../arm-none-eabi/lib/thumb/v7e-m+fp/hard\libc_nano.a(lib_a-init.o)
 .ARM.attributes
                0x000007f7       0x34 c:/gnuarm/bin/../lib/gcc/arm-none-eabi/10.3.1/../../../../arm-none-eabi/lib/thumb/v7e-m+fp/hard\libc_nano.a(lib_a-memset.o)
 .ARM.attributes
                0x0000082b       0x1c c:/gnuarm/bin/../lib/gcc/arm-none-eabi/10.3.1/../../../../arm-none-eabi/lib/thumb/v7e-m+fp/hard\libc_nano.a(lib_a-strcmp.o)
 .ARM.attributes
                0x00000847       0x17 c:/gnuarm/bin/../lib/gcc/arm-none-eabi/10.3.1/../../../../arm-none-eabi/lib/thumb/v7e-m+fp/hard\libc_nano.a(lib_a-strlen.o)
 .ARM.attributes
                0x0000085e       0x34 c:/gnuarm/bin/../lib/gcc/arm-none-eabi/10.3.1/../../../../arm-none-eabi/lib/thumb/v7e-m+fp/hard\libc_nano.a(lib_a-vsprintf.o)
 .ARM.attributes
                0x00000892       0x34 c:/gnuarm/bin/../lib/gcc/arm-none-eabi/10.3.1/../../../../arm-none-eabi/lib/thumb/v7e-m+fp/hard\libc_nano.a(lib_a-nano-svfprintf.o)
 .ARM.attributes
                0x000008c6       0x34 c:/gnuarm/bin/../lib/gcc/arm-none-eabi/10.3.1/../../../../arm-none-eabi/lib/thumb/v7e-m+fp/hard\libc_nano.a(lib_a-nano-vfprintf_i.o)
 .ARM.attributes
                0x000008fa       0x1c c:/gnuarm/bin/../lib/gcc/arm-none-eabi/10.3.1/../../../../arm-none-eabi/lib/thumb/v7e-m+fp/hard\libc_nano.a(lib_a-memchr.o)
 .ARM.attributes
                0x00000916       0x34 c:/gnuarm/bin/../lib/gcc/arm-none-eabi/10.3.1/../../../../arm-none-eabi/lib/thumb/v7e-m+fp/hard\libc_nano.a(lib_a-memcpy-stub.o)
 .ARM.attributes
                0x0000094a       0x34 c:/gnuarm/bin/../lib/gcc/arm-none-eabi/10.3.1/../../../../arm-none-eabi/lib/thumb/v7e-m+fp/hard\libc_nano.a(lib_a-memmove.o)
 .ARM.attributes
                0x0000097e       0x34 c:/gnuarm/bin/../lib/gcc/arm-none-eabi/10.3.1/../../../../arm-none-eabi/lib/thumb/v7e-m+fp/hard\libc_nano.a(lib_a-nano-freer.o)
 .ARM.attributes
                0x000009b2       0x34 c:/gnuarm/bin/../lib/gcc/arm-none-eabi/10.3.1/../../../../arm-none-eabi/lib/thumb/v7e-m+fp/hard\libc_nano.a(lib_a-nano-mallocr.o)
 .ARM.attributes
                0x000009e6       0x34 c:/gnuarm/bin/../lib/gcc/arm-none-eabi/10.3.1/../../../../arm-none-eabi/lib/thumb/v7e-m+fp/hard\libc_nano.a(lib_a-nano-reallocr.o)
 .ARM.attributes
                0x00000a1a       0x34 c:/gnuarm/bin/../lib/gcc/arm-none-eabi/10.3.1/../../../../arm-none-eabi/lib/thumb/v7e-m+fp/hard\libc_nano.a(lib_a-sbrkr.o)
 .ARM.attributes
                0x00000a4e       0x34 c:/gnuarm/bin/../lib/gcc/arm-none-eabi/10.3.1/../../../../arm-none-eabi/lib/thumb/v7e-m+fp/hard\libc_nano.a(lib_a-mlock.o)
 .ARM.attributes
                0x00000a82       0x34 c:/gnuarm/bin/../lib/gcc/arm-none-eabi/10.3.1/../../../../arm-none-eabi/lib/thumb/v7e-m+fp/hard\libc_nano.a(lib_a-nano-msizer.o)
 .ARM.attributes
                0x00000ab6       0x34 c:/gnuarm/bin/../lib/gcc/arm-none-eabi/10.3.1/../../../../arm-none-eabi/lib/thumb/v7e-m+fp/hard\libc_nano.a(lib_a-reent.o)
 .ARM.attributes
                0x00000aea       0x34 c:/gnuarm/bin/../lib/gcc/arm-none-eabi/10.3.1/../../../../arm-none-eabi/lib/thumb/v7e-m+fp/hard\libc_nano.a(lib_a-lock.o)
 .ARM.attributes
                0x00000b1e       0x34 c:/gnuarm/bin/../lib/gcc/arm-none-eabi/10.3.1/../../../../arm-none-eabi/lib/thumb/v7e-m+fp/hard\libnosys.a(sbrk.o)
 .ARM.attributes
                0x00000b52       0x1e c:/gnuarm/bin/../lib/gcc/arm-none-eabi/10.3.1/thumb/v7e-m+fp/hard\libgcc.a(_aeabi_uldivmod.o)
 .ARM.attributes
                0x00000b70       0x34 c:/gnuarm/bin/../lib/gcc/arm-none-eabi/10.3.1/thumb/v7e-m+fp/hard\libgcc.a(_udivmoddi4.o)
 .ARM.attributes
                0x00000ba4       0x1e c:/gnuarm/bin/../lib/gcc/arm-none-eabi/10.3.1/thumb/v7e-m+fp/hard\libgcc.a(_dvmd_tls.o)
 .ARM.attributes
                0x00000bc2       0x1e c:/gnuarm/bin/../lib/gcc/arm-none-eabi/10.3.1/thumb/v7e-m+fp/hard/crtn.o
OUTPUT(build/UU002_UUMonitoring_LTE.elf elf32-littlearm)
LOAD linker stubs
LOAD c:/gnuarm/bin/../lib/gcc/arm-none-eabi/10.3.1/../../../../arm-none-eabi/lib/thumb/v7e-m+fp/hard\libc.a
LOAD c:/gnuarm/bin/../lib/gcc/arm-none-eabi/10.3.1/../../../../arm-none-eabi/lib/thumb/v7e-m+fp/hard\libm.a
LOAD c:/gnuarm/bin/../lib/gcc/arm-none-eabi/10.3.1/thumb/v7e-m+fp/hard\libgcc.a

.debug_info     0x00000000    0x27b82
 .debug_info    0x00000000      0x4b3 build/main.o
 .debug_info    0x000004b3      0x3d0 build/Appl_Task.o
 .debug_info    0x00000883     0x13e0 build/Appl_Data.o
 .debug_info    0x00001c63      0xfcd build/APPL_DMA_LTE.o
 .debug_info    0x00002c30      0x6ac build/Appl_USBService.o
 .debug_info    0x000032dc      0x5ae build/gpio.o
 .debug_info    0x0000388a      0xfb1 build/adc.o
 .debug_info    0x0000483b      0xe43 build/i2c.o
 .debug_info    0x0000567e     0x11ff build/usart.o
 .debug_info    0x0000687d      0xff3 build/stm32l4xx_it.o
 .debug_info    0x00007870      0x370 build/stm32l4xx_hal_msp.o
 .debug_info    0x00007be0      0x682 build/system_stm32l4xx.o
 .debug_info    0x00008262      0x729 build/EKM_Buffer.o
 .debug_info    0x0000898b      0x2a5 build/EKM_CMD.o
 .debug_info    0x00008c30      0x7f4 build/usb_device.o
 .debug_info    0x00009424      0x6b9 build/usbd_desc.o
 .debug_info    0x00009add      0xb23 build/usbd_cdc_if.o
 .debug_info    0x0000a600     0x2296 build/usbd_conf.o
 .debug_info    0x0000c896     0x1dcd build/stm32l4xx_hal_pcd.o
 .debug_info    0x0000e663      0xae8 build/stm32l4xx_hal_pcd_ex.o
 .debug_info    0x0000f14b     0x1d81 build/stm32l4xx_ll_usb.o
 .debug_info    0x00010ecc      0xb5b build/stm32l4xx_hal.o
 .debug_info    0x00011a27     0x439e build/stm32l4xx_hal_i2c.o
 .debug_info    0x00015dc5      0xb6f build/stm32l4xx_hal_i2c_ex.o
 .debug_info    0x00016934     0x1051 build/stm32l4xx_hal_rcc.o
 .debug_info    0x00017985     0x1397 build/stm32l4xx_hal_rcc_ex.o
 .debug_info    0x00018d1c      0x91c build/stm32l4xx_hal_gpio.o
 .debug_info    0x00019638      0xb22 build/stm32l4xx_hal_pwr_ex.o
 .debug_info    0x0001a15a     0x10fc build/stm32l4xx_hal_cortex.o
 .debug_info    0x0001b256     0x32c2 build/stm32l4xx_hal_adc.o
 .debug_info    0x0001e518     0x53ee build/stm32l4xx_hal_uart.o
 .debug_info    0x00023906      0xf3f build/usbd_core.o
 .debug_info    0x00024845     0x13ec build/usbd_ctlreq.o
 .debug_info    0x00025c31      0x923 build/usbd_ioreq.o
 .debug_info    0x00026554     0x160c build/usbd_cdc.o
 .debug_info    0x00027b60       0x22 build/startup_stm32l432xx.o

.debug_abbrev   0x00000000     0x4d80
 .debug_abbrev  0x00000000      0x196 build/main.o
 .debug_abbrev  0x00000196      0x136 build/Appl_Task.o
 .debug_abbrev  0x000002cc      0x32f build/Appl_Data.o
 .debug_abbrev  0x000005fb      0x31f build/APPL_DMA_LTE.o
 .debug_abbrev  0x0000091a      0x1f9 build/Appl_USBService.o
 .debug_abbrev  0x00000b13      0x151 build/gpio.o
 .debug_abbrev  0x00000c64      0x1e9 build/adc.o
 .debug_abbrev  0x00000e4d      0x1f4 build/i2c.o
 .debug_abbrev  0x00001041      0x1f9 build/usart.o
 .debug_abbrev  0x0000123a      0x1a4 build/stm32l4xx_it.o
 .debug_abbrev  0x000013de       0xc1 build/stm32l4xx_hal_msp.o
 .debug_abbrev  0x0000149f      0x11b build/system_stm32l4xx.o
 .debug_abbrev  0x000015ba      0x21a build/EKM_Buffer.o
 .debug_abbrev  0x000017d4      0x149 build/EKM_CMD.o
 .debug_abbrev  0x0000191d      0x199 build/usb_device.o
 .debug_abbrev  0x00001ab6      0x1eb build/usbd_desc.o
 .debug_abbrev  0x00001ca1      0x2f6 build/usbd_cdc_if.o
 .debug_abbrev  0x00001f97      0x309 build/usbd_conf.o
 .debug_abbrev  0x000022a0      0x2c8 build/stm32l4xx_hal_pcd.o
 .debug_abbrev  0x00002568      0x1e6 build/stm32l4xx_hal_pcd_ex.o
 .debug_abbrev  0x0000274e      0x24a build/stm32l4xx_ll_usb.o
 .debug_abbrev  0x00002998      0x21c build/stm32l4xx_hal.o
 .debug_abbrev  0x00002bb4      0x2a9 build/stm32l4xx_hal_i2c.o
 .debug_abbrev  0x00002e5d      0x1b5 build/stm32l4xx_hal_i2c_ex.o
 .debug_abbrev  0x00003012      0x28e build/stm32l4xx_hal_rcc.o
 .debug_abbrev  0x000032a0      0x2b0 build/stm32l4xx_hal_rcc_ex.o
 .debug_abbrev  0x00003550      0x222 build/stm32l4xx_hal_gpio.o
 .debug_abbrev  0x00003772      0x234 build/stm32l4xx_hal_pwr_ex.o
 .debug_abbrev  0x000039a6      0x382 build/stm32l4xx_hal_cortex.o
 .debug_abbrev  0x00003d28      0x2d8 build/stm32l4xx_hal_adc.o
 .debug_abbrev  0x00004000      0x316 build/stm32l4xx_hal_uart.o
 .debug_abbrev  0x00004316      0x27e build/usbd_core.o
 .debug_abbrev  0x00004594      0x369 build/usbd_ctlreq.o
 .debug_abbrev  0x000048fd      0x187 build/usbd_ioreq.o
 .debug_abbrev  0x00004a84      0x2ea build/usbd_cdc.o
 .debug_abbrev  0x00004d6e       0x12 build/startup_stm32l432xx.o

.debug_loc      0x00000000    0x1b30d
 .debug_loc     0x00000000       0x66 build/main.o
 .debug_loc     0x00000066       0x80 build/Appl_Task.o
 .debug_loc     0x000000e6      0x639 build/Appl_Data.o
 .debug_loc     0x0000071f      0x38c build/APPL_DMA_LTE.o
 .debug_loc     0x00000aab      0x2cb build/Appl_USBService.o
 .debug_loc     0x00000d76       0x38 build/gpio.o
 .debug_loc     0x00000dae      0x10e build/adc.o
 .debug_loc     0x00000ebc      0x107 build/i2c.o
 .debug_loc     0x00000fc3      0x17e build/usart.o
 .debug_loc     0x00001141      0x1aa build/stm32l4xx_it.o
 .debug_loc     0x000012eb       0x2c build/stm32l4xx_hal_msp.o
 .debug_loc     0x00001317      0x127 build/system_stm32l4xx.o
 .debug_loc     0x0000143e      0xba0 build/EKM_Buffer.o
 .debug_loc     0x00001fde      0x1fa build/EKM_CMD.o
 .debug_loc     0x000021d8       0x20 build/usb_device.o
 .debug_loc     0x000021f8      0x4a0 build/usbd_desc.o
 .debug_loc     0x00002698      0x1ec build/usbd_cdc_if.o
 .debug_loc     0x00002884     0x113d build/usbd_conf.o
 .debug_loc     0x000039c1     0x199a build/stm32l4xx_hal_pcd.o
 .debug_loc     0x0000535b      0x2a2 build/stm32l4xx_hal_pcd_ex.o
 .debug_loc     0x000055fd     0x1a4d build/stm32l4xx_ll_usb.o
 .debug_loc     0x0000704a      0x26d build/stm32l4xx_hal.o
 .debug_loc     0x000072b7     0x576a build/stm32l4xx_hal_i2c.o
 .debug_loc     0x0000ca21      0x25a build/stm32l4xx_hal_i2c_ex.o
 .debug_loc     0x0000cc7b      0x9e0 build/stm32l4xx_hal_rcc.o
 .debug_loc     0x0000d65b     0x18af build/stm32l4xx_hal_rcc_ex.o
 .debug_loc     0x0000ef0a      0x46f build/stm32l4xx_hal_gpio.o
 .debug_loc     0x0000f379      0x76f build/stm32l4xx_hal_pwr_ex.o
 .debug_loc     0x0000fae8      0x7a4 build/stm32l4xx_hal_cortex.o
 .debug_loc     0x0001028c     0x2810 build/stm32l4xx_hal_adc.o
 .debug_loc     0x00012a9c     0x52ef build/stm32l4xx_hal_uart.o
 .debug_loc     0x00017d8b      0xdea build/usbd_core.o
 .debug_loc     0x00018b75     0x18f8 build/usbd_ctlreq.o
 .debug_loc     0x0001a46d      0x398 build/usbd_ioreq.o
 .debug_loc     0x0001a805      0xb08 build/usbd_cdc.o

.debug_aranges  0x00000000     0x1520
 .debug_aranges
                0x00000000       0x30 build/main.o
 .debug_aranges
                0x00000030       0x38 build/Appl_Task.o
 .debug_aranges
                0x00000068       0x68 build/Appl_Data.o
 .debug_aranges
                0x000000d0       0x70 build/APPL_DMA_LTE.o
 .debug_aranges
                0x00000140       0x58 build/Appl_USBService.o
 .debug_aranges
                0x00000198       0x20 build/gpio.o
 .debug_aranges
                0x000001b8       0x30 build/adc.o
 .debug_aranges
                0x000001e8       0x30 build/i2c.o
 .debug_aranges
                0x00000218       0x38 build/usart.o
 .debug_aranges
                0x00000250       0x78 build/stm32l4xx_it.o
 .debug_aranges
                0x000002c8       0x20 build/stm32l4xx_hal_msp.o
 .debug_aranges
                0x000002e8       0x28 build/system_stm32l4xx.o
 .debug_aranges
                0x00000310       0x78 build/EKM_Buffer.o
 .debug_aranges
                0x00000388       0x28 build/EKM_CMD.o
 .debug_aranges
                0x000003b0       0x20 build/usb_device.o
 .debug_aranges
                0x000003d0       0x68 build/usbd_desc.o
 .debug_aranges
                0x00000438       0x48 build/usbd_cdc_if.o
 .debug_aranges
                0x00000480      0x118 build/usbd_conf.o
 .debug_aranges
                0x00000598      0x138 build/stm32l4xx_hal_pcd.o
 .debug_aranges
                0x000006d0       0x58 build/stm32l4xx_hal_pcd_ex.o
 .debug_aranges
                0x00000728       0xf8 build/stm32l4xx_ll_usb.o
 .debug_aranges
                0x00000820      0x108 build/stm32l4xx_hal.o
 .debug_aranges
                0x00000928      0x2a0 build/stm32l4xx_hal_i2c.o
 .debug_aranges
                0x00000bc8       0x48 build/stm32l4xx_hal_i2c_ex.o
 .debug_aranges
                0x00000c10       0x90 build/stm32l4xx_hal_rcc.o
 .debug_aranges
                0x00000ca0       0xf0 build/stm32l4xx_hal_rcc_ex.o
 .debug_aranges
                0x00000d90       0x58 build/stm32l4xx_hal_gpio.o
 .debug_aranges
                0x00000de8      0x128 build/stm32l4xx_hal_pwr_ex.o
 .debug_aranges
                0x00000f10       0xa8 build/stm32l4xx_hal_cortex.o
 .debug_aranges
                0x00000fb8       0xf8 build/stm32l4xx_hal_adc.o
 .debug_aranges
                0x000010b0      0x228 build/stm32l4xx_hal_uart.o
 .debug_aranges
                0x000012d8       0xb8 build/usbd_core.o
 .debug_aranges
                0x00001390       0x88 build/usbd_ctlreq.o
 .debug_aranges
                0x00001418       0x50 build/usbd_ioreq.o
 .debug_aranges
                0x00001468       0x90 build/usbd_cdc.o
 .debug_aranges
                0x000014f8       0x28 build/startup_stm32l432xx.o

.debug_ranges   0x00000000     0x1908
 .debug_ranges  0x00000000       0x20 build/main.o
 .debug_ranges  0x00000020       0x28 build/Appl_Task.o
 .debug_ranges  0x00000048       0x88 build/Appl_Data.o
 .debug_ranges  0x000000d0       0x60 build/APPL_DMA_LTE.o
 .debug_ranges  0x00000130       0x48 build/Appl_USBService.o
 .debug_ranges  0x00000178       0x10 build/gpio.o
 .debug_ranges  0x00000188       0x20 build/adc.o
 .debug_ranges  0x000001a8       0x20 build/i2c.o
 .debug_ranges  0x000001c8       0x28 build/usart.o
 .debug_ranges  0x000001f0       0x68 build/stm32l4xx_it.o
 .debug_ranges  0x00000258       0x10 build/stm32l4xx_hal_msp.o
 .debug_ranges  0x00000268       0x18 build/system_stm32l4xx.o
 .debug_ranges  0x00000280       0xb0 build/EKM_Buffer.o
 .debug_ranges  0x00000330       0x38 build/EKM_CMD.o
 .debug_ranges  0x00000368       0x10 build/usb_device.o
 .debug_ranges  0x00000378       0x58 build/usbd_desc.o
 .debug_ranges  0x000003d0       0x38 build/usbd_cdc_if.o
 .debug_ranges  0x00000408      0x108 build/usbd_conf.o
 .debug_ranges  0x00000510      0x208 build/stm32l4xx_hal_pcd.o
 .debug_ranges  0x00000718       0x48 build/stm32l4xx_hal_pcd_ex.o
 .debug_ranges  0x00000760      0x320 build/stm32l4xx_ll_usb.o
 .debug_ranges  0x00000a80       0xf8 build/stm32l4xx_hal.o
 .debug_ranges  0x00000b78      0x290 build/stm32l4xx_hal_i2c.o
 .debug_ranges  0x00000e08       0x38 build/stm32l4xx_hal_i2c_ex.o
 .debug_ranges  0x00000e40       0x98 build/stm32l4xx_hal_rcc.o
 .debug_ranges  0x00000ed8       0xf8 build/stm32l4xx_hal_rcc_ex.o
 .debug_ranges  0x00000fd0       0x48 build/stm32l4xx_hal_gpio.o
 .debug_ranges  0x00001018      0x118 build/stm32l4xx_hal_pwr_ex.o
 .debug_ranges  0x00001130       0xf8 build/stm32l4xx_hal_cortex.o
 .debug_ranges  0x00001228      0x2b0 build/stm32l4xx_hal_adc.o
 .debug_ranges  0x000014d8      0x230 build/stm32l4xx_hal_uart.o
 .debug_ranges  0x00001708       0xa8 build/usbd_core.o
 .debug_ranges  0x000017b0       0x78 build/usbd_ctlreq.o
 .debug_ranges  0x00001828       0x40 build/usbd_ioreq.o
 .debug_ranges  0x00001868       0x80 build/usbd_cdc.o
 .debug_ranges  0x000018e8       0x20 build/startup_stm32l432xx.o

.debug_line     0x00000000    0x19cb8
 .debug_line    0x00000000      0x36d build/main.o
 .debug_line    0x0000036d      0x28e build/Appl_Task.o
 .debug_line    0x000005fb      0x784 build/Appl_Data.o
 .debug_line    0x00000d7f      0x5cf build/APPL_DMA_LTE.o
 .debug_line    0x0000134e      0x404 build/Appl_USBService.o
 .debug_line    0x00001752      0x1d0 build/gpio.o
 .debug_line    0x00001922      0x369 build/adc.o
 .debug_line    0x00001c8b      0x320 build/i2c.o
 .debug_line    0x00001fab      0x414 build/usart.o
 .debug_line    0x000023bf      0x3d2 build/stm32l4xx_it.o
 .debug_line    0x00002791      0x117 build/stm32l4xx_hal_msp.o
 .debug_line    0x000028a8      0x255 build/system_stm32l4xx.o
 .debug_line    0x00002afd      0x688 build/EKM_Buffer.o
 .debug_line    0x00003185      0x1b5 build/EKM_CMD.o
 .debug_line    0x0000333a      0x1f2 build/usb_device.o
 .debug_line    0x0000352c      0x345 build/usbd_desc.o
 .debug_line    0x00003871      0x2d8 build/usbd_cdc_if.o
 .debug_line    0x00003b49      0x8fe build/usbd_conf.o
 .debug_line    0x00004447     0x194d build/stm32l4xx_hal_pcd.o
 .debug_line    0x00005d94      0x3de build/stm32l4xx_hal_pcd_ex.o
 .debug_line    0x00006172     0x1937 build/stm32l4xx_ll_usb.o
 .debug_line    0x00007aa9      0x5b0 build/stm32l4xx_hal.o
 .debug_line    0x00008059     0x4d13 build/stm32l4xx_hal_i2c.o
 .debug_line    0x0000cd6c      0x475 build/stm32l4xx_hal_i2c_ex.o
 .debug_line    0x0000d1e1      0xf0e build/stm32l4xx_hal_rcc.o
 .debug_line    0x0000e0ef     0x1280 build/stm32l4xx_hal_rcc_ex.o
 .debug_line    0x0000f36f      0x61e build/stm32l4xx_hal_gpio.o
 .debug_line    0x0000f98d      0x889 build/stm32l4xx_hal_pwr_ex.o
 .debug_line    0x00010216      0x733 build/stm32l4xx_hal_cortex.o
 .debug_line    0x00010949     0x2169 build/stm32l4xx_hal_adc.o
 .debug_line    0x00012ab2     0x51ff build/stm32l4xx_hal_uart.o
 .debug_line    0x00017cb1      0x828 build/usbd_core.o
 .debug_line    0x000184d9      0xc93 build/usbd_ctlreq.o
 .debug_line    0x0001916c      0x274 build/usbd_ioreq.o
 .debug_line    0x000193e0      0x862 build/usbd_cdc.o
 .debug_line    0x00019c42       0x76 build/startup_stm32l432xx.o

.debug_str      0x00000000     0x6888
 .debug_str     0x00000000      0x3fc build/main.o
                                0x44e (size before relaxing)
 .debug_str     0x000003fc      0x191 build/Appl_Task.o
                                0x34b (size before relaxing)
 .debug_str     0x0000058d      0x80c build/Appl_Data.o
                                0xb2f (size before relaxing)
 .debug_str     0x00000d99      0x34e build/APPL_DMA_LTE.o
                                0xa06 (size before relaxing)
 .debug_str     0x000010e7      0x127 build/Appl_USBService.o
                                0x44a (size before relaxing)
 .debug_str     0x0000120e      0x17e build/gpio.o
                                0x3b2 (size before relaxing)
 .debug_str     0x0000138c      0x4cd build/adc.o
                                0xa94 (size before relaxing)
 .debug_str     0x00001859       0x8c build/i2c.o
                                0xac7 (size before relaxing)
 .debug_str     0x000018e5      0x455 build/usart.o
                                0xdfb (size before relaxing)
 .debug_str     0x00001d3a      0x3f7 build/stm32l4xx_it.o
                                0xaa4 (size before relaxing)
 .debug_str     0x00002131       0x32 build/stm32l4xx_hal_msp.o
                                0x300 (size before relaxing)
 .debug_str     0x00002163       0xf8 build/system_stm32l4xx.o
                                0x3d1 (size before relaxing)
 .debug_str     0x0000225b       0xff build/EKM_Buffer.o
                                0x341 (size before relaxing)
 .debug_str     0x0000235a       0x97 build/EKM_CMD.o
                                0x299 (size before relaxing)
 .debug_str     0x000023f1      0x3fd build/usb_device.o
                                0x695 (size before relaxing)
 .debug_str     0x000027ee      0x1b4 build/usbd_desc.o
                                0x48e (size before relaxing)
 .debug_str     0x000029a2      0x140 build/usbd_cdc_if.o
                                0x7d3 (size before relaxing)
 .debug_str     0x00002ae2      0x536 build/usbd_conf.o
                               0x161d (size before relaxing)
 .debug_str     0x00003018      0x315 build/stm32l4xx_hal_pcd.o
                                0xb3c (size before relaxing)
 .debug_str     0x0000332d      0x18b build/stm32l4xx_hal_pcd_ex.o
                                0x798 (size before relaxing)
 .debug_str     0x000034b8      0x137 build/stm32l4xx_ll_usb.o
                                0x735 (size before relaxing)
 .debug_str     0x000035ef      0x3af build/stm32l4xx_hal.o
                                0xaf7 (size before relaxing)
 .debug_str     0x0000399e      0x89f build/stm32l4xx_hal_i2c.o
                                0xfce (size before relaxing)
 .debug_str     0x0000423d       0xbb build/stm32l4xx_hal_i2c_ex.o
                                0x905 (size before relaxing)
 .debug_str     0x000042f8      0x283 build/stm32l4xx_hal_rcc.o
                                0x84b (size before relaxing)
 .debug_str     0x0000457b      0x4b9 build/stm32l4xx_hal_rcc_ex.o
                                0xb51 (size before relaxing)
 .debug_str     0x00004a34       0xc8 build/stm32l4xx_hal_gpio.o
                                0x530 (size before relaxing)
 .debug_str     0x00004afc      0x426 build/stm32l4xx_hal_pwr_ex.o
                                0x791 (size before relaxing)
 .debug_str     0x00004f22      0x42a build/stm32l4xx_hal_cortex.o
                                0xafc (size before relaxing)
 .debug_str     0x0000534c      0x90f build/stm32l4xx_hal_adc.o
                               0x10bc (size before relaxing)
 .debug_str     0x00005c5b      0x7a7 build/stm32l4xx_hal_uart.o
                                0xfe1 (size before relaxing)
 .debug_str     0x00006402      0x146 build/usbd_core.o
                                0x878 (size before relaxing)
 .debug_str     0x00006548      0x117 build/usbd_ctlreq.o
                                0x7ca (size before relaxing)
 .debug_str     0x0000665f       0x6e build/usbd_ioreq.o
                                0x6bf (size before relaxing)
 .debug_str     0x000066cd      0x197 build/usbd_cdc.o
                                0xcc7 (size before relaxing)
 .debug_str     0x00006864       0x24 build/startup_stm32l432xx.o
                                 0x56 (size before relaxing)

.comment        0x00000000       0x49
 .comment       0x00000000       0x49 build/main.o
                                 0x4a (size before relaxing)
 .comment       0x00000049       0x4a build/Appl_Task.o
 .comment       0x00000049       0x4a build/Appl_Data.o
 .comment       0x00000049       0x4a build/APPL_DMA_LTE.o
 .comment       0x00000049       0x4a build/Appl_USBService.o
 .comment       0x00000049       0x4a build/gpio.o
 .comment       0x00000049       0x4a build/adc.o
 .comment       0x00000049       0x4a build/i2c.o
 .comment       0x00000049       0x4a build/usart.o
 .comment       0x00000049       0x4a build/stm32l4xx_it.o
 .comment       0x00000049       0x4a build/stm32l4xx_hal_msp.o
 .comment       0x00000049       0x4a build/system_stm32l4xx.o
 .comment       0x00000049       0x4a build/EKM_Buffer.o
 .comment       0x00000049       0x4a build/EKM_CMD.o
 .comment       0x00000049       0x4a build/usb_device.o
 .comment       0x00000049       0x4a build/usbd_desc.o
 .comment       0x00000049       0x4a build/usbd_cdc_if.o
 .comment       0x00000049       0x4a build/usbd_conf.o
 .comment       0x00000049       0x4a build/stm32l4xx_hal_pcd.o
 .comment       0x00000049       0x4a build/stm32l4xx_hal_pcd_ex.o
 .comment       0x00000049       0x4a build/stm32l4xx_ll_usb.o
 .comment       0x00000049       0x4a build/stm32l4xx_hal.o
 .comment       0x00000049       0x4a build/stm32l4xx_hal_i2c.o
 .comment       0x00000049       0x4a build/stm32l4xx_hal_i2c_ex.o
 .comment       0x00000049       0x4a build/stm32l4xx_hal_rcc.o
 .comment       0x00000049       0x4a build/stm32l4xx_hal_rcc_ex.o
 .comment       0x00000049       0x4a build/stm32l4xx_hal_gpio.o
 .comment       0x00000049       0x4a build/stm32l4xx_hal_pwr_ex.o
 .comment       0x00000049       0x4a build/stm32l4xx_hal_cortex.o
 .comment       0x00000049       0x4a build/stm32l4xx_hal_adc.o
 .comment       0x00000049       0x4a build/stm32l4xx_hal_uart.o
 .comment       0x00000049       0x4a build/usbd_core.o
 .comment       0x00000049       0x4a build/usbd_ctlreq.o
 .comment       0x00000049       0x4a build/usbd_ioreq.o
 .comment       0x00000049       0x4a build/usbd_cdc.o

.debug_frame    0x00000000     0x3b54
 .debug_frame   0x00000000       0x58 build/main.o
 .debug_frame   0x00000058       0x70 build/Appl_Task.o
 .debug_frame   0x000000c8      0x140 build/Appl_Data.o
 .debug_frame   0x00000208      0x14c build/APPL_DMA_LTE.o
 .debug_frame   0x00000354       0xe8 build/Appl_USBService.o
 .debug_frame   0x0000043c       0x34 build/gpio.o
 .debug_frame   0x00000470       0x68 build/adc.o
 .debug_frame   0x000004d8       0x60 build/i2c.o
 .debug_frame   0x00000538       0x7c build/usart.o
 .debug_frame   0x000005b4      0x130 build/stm32l4xx_it.o
 .debug_frame   0x000006e4       0x28 build/stm32l4xx_hal_msp.o
 .debug_frame   0x0000070c       0x30 build/system_stm32l4xx.o
 .debug_frame   0x0000073c      0x1b0 build/EKM_Buffer.o
 .debug_frame   0x000008ec       0x48 build/EKM_CMD.o
 .debug_frame   0x00000934       0x28 build/usb_device.o
 .debug_frame   0x0000095c       0xf0 build/usbd_desc.o
 .debug_frame   0x00000a4c       0x8c build/usbd_cdc_if.o
 .debug_frame   0x00000ad8      0x300 build/usbd_conf.o
 .debug_frame   0x00000dd8      0x344 build/stm32l4xx_hal_pcd.o
 .debug_frame   0x0000111c       0x9c build/stm32l4xx_hal_pcd_ex.o
 .debug_frame   0x000011b8      0x20c build/stm32l4xx_ll_usb.o
 .debug_frame   0x000013c4      0x21c build/stm32l4xx_hal.o
 .debug_frame   0x000015e0      0x978 build/stm32l4xx_hal_i2c.o
 .debug_frame   0x00001f58       0x80 build/stm32l4xx_hal_i2c_ex.o
 .debug_frame   0x00001fd8      0x19c build/stm32l4xx_hal_rcc.o
 .debug_frame   0x00002174      0x248 build/stm32l4xx_hal_rcc_ex.o
 .debug_frame   0x000023bc       0xd0 build/stm32l4xx_hal_gpio.o
 .debug_frame   0x0000248c      0x248 build/stm32l4xx_hal_pwr_ex.o
 .debug_frame   0x000026d4      0x148 build/stm32l4xx_hal_cortex.o
 .debug_frame   0x0000281c      0x2e0 build/stm32l4xx_hal_adc.o
 .debug_frame   0x00002afc      0x600 build/stm32l4xx_hal_uart.o
 .debug_frame   0x000030fc      0x210 build/usbd_core.o
 .debug_frame   0x0000330c      0x180 build/usbd_ctlreq.o
 .debug_frame   0x0000348c       0xb8 build/usbd_ioreq.o
 .debug_frame   0x00003544      0x160 build/usbd_cdc.o
 .debug_frame   0x000036a4       0x2c c:/gnuarm/bin/../lib/gcc/arm-none-eabi/10.3.1/../../../../arm-none-eabi/lib/thumb/v7e-m+fp/hard\libc_nano.a(lib_a-init.o)
 .debug_frame   0x000036d0       0x20 c:/gnuarm/bin/../lib/gcc/arm-none-eabi/10.3.1/../../../../arm-none-eabi/lib/thumb/v7e-m+fp/hard\libc_nano.a(lib_a-memset.o)
 .debug_frame   0x000036f0       0x20 c:/gnuarm/bin/../lib/gcc/arm-none-eabi/10.3.1/../../../../arm-none-eabi/lib/thumb/v7e-m+fp/hard\libc_nano.a(lib_a-strcmp.o)
 .debug_frame   0x00003710       0x3c c:/gnuarm/bin/../lib/gcc/arm-none-eabi/10.3.1/../../../../arm-none-eabi/lib/thumb/v7e-m+fp/hard\libc_nano.a(lib_a-vsprintf.o)
 .debug_frame   0x0000374c       0x90 c:/gnuarm/bin/../lib/gcc/arm-none-eabi/10.3.1/../../../../arm-none-eabi/lib/thumb/v7e-m+fp/hard\libc_nano.a(lib_a-nano-svfprintf.o)
 .debug_frame   0x000037dc       0x60 c:/gnuarm/bin/../lib/gcc/arm-none-eabi/10.3.1/../../../../arm-none-eabi/lib/thumb/v7e-m+fp/hard\libc_nano.a(lib_a-nano-vfprintf_i.o)
 .debug_frame   0x0000383c       0x28 c:/gnuarm/bin/../lib/gcc/arm-none-eabi/10.3.1/../../../../arm-none-eabi/lib/thumb/v7e-m+fp/hard\libc_nano.a(lib_a-memcpy-stub.o)
 .debug_frame   0x00003864       0x28 c:/gnuarm/bin/../lib/gcc/arm-none-eabi/10.3.1/../../../../arm-none-eabi/lib/thumb/v7e-m+fp/hard\libc_nano.a(lib_a-memmove.o)
 .debug_frame   0x0000388c       0x38 c:/gnuarm/bin/../lib/gcc/arm-none-eabi/10.3.1/../../../../arm-none-eabi/lib/thumb/v7e-m+fp/hard\libc_nano.a(lib_a-nano-freer.o)
 .debug_frame   0x000038c4       0x4c c:/gnuarm/bin/../lib/gcc/arm-none-eabi/10.3.1/../../../../arm-none-eabi/lib/thumb/v7e-m+fp/hard\libc_nano.a(lib_a-nano-mallocr.o)
 .debug_frame   0x00003910       0x3c c:/gnuarm/bin/../lib/gcc/arm-none-eabi/10.3.1/../../../../arm-none-eabi/lib/thumb/v7e-m+fp/hard\libc_nano.a(lib_a-nano-reallocr.o)
 .debug_frame   0x0000394c       0x2c c:/gnuarm/bin/../lib/gcc/arm-none-eabi/10.3.1/../../../../arm-none-eabi/lib/thumb/v7e-m+fp/hard\libc_nano.a(lib_a-sbrkr.o)
 .debug_frame   0x00003978       0x30 c:/gnuarm/bin/../lib/gcc/arm-none-eabi/10.3.1/../../../../arm-none-eabi/lib/thumb/v7e-m+fp/hard\libc_nano.a(lib_a-mlock.o)
 .debug_frame   0x000039a8       0x20 c:/gnuarm/bin/../lib/gcc/arm-none-eabi/10.3.1/../../../../arm-none-eabi/lib/thumb/v7e-m+fp/hard\libc_nano.a(lib_a-nano-msizer.o)
 .debug_frame   0x000039c8       0x5c c:/gnuarm/bin/../lib/gcc/arm-none-eabi/10.3.1/../../../../arm-none-eabi/lib/thumb/v7e-m+fp/hard\libc_nano.a(lib_a-reent.o)
 .debug_frame   0x00003a24       0xb0 c:/gnuarm/bin/../lib/gcc/arm-none-eabi/10.3.1/../../../../arm-none-eabi/lib/thumb/v7e-m+fp/hard\libc_nano.a(lib_a-lock.o)
 .debug_frame   0x00003ad4       0x20 c:/gnuarm/bin/../lib/gcc/arm-none-eabi/10.3.1/../../../../arm-none-eabi/lib/thumb/v7e-m+fp/hard\libnosys.a(sbrk.o)
 .debug_frame   0x00003af4       0x2c c:/gnuarm/bin/../lib/gcc/arm-none-eabi/10.3.1/thumb/v7e-m+fp/hard\libgcc.a(_aeabi_uldivmod.o)
 .debug_frame   0x00003b20       0x34 c:/gnuarm/bin/../lib/gcc/arm-none-eabi/10.3.1/thumb/v7e-m+fp/hard\libgcc.a(_udivmoddi4.o)

Cross Reference Table

Symbol                                            File