Archive member included to satisfy reference by file (symbol)

c:/program files (x86)/atmel/studio/7.0/toolchain/arm/arm-gnu-toolchain/bin/../lib/gcc/arm-none-eabi/6.3.1/../../../../arm-none-eabi/lib/thumb/v7e-m\libc.a(lib_a-atoi.o)
                              APPL_DMA/APPL_DMA_RS485.o (atoi)
c:/program files (x86)/atmel/studio/7.0/toolchain/arm/arm-gnu-toolchain/bin/../lib/gcc/arm-none-eabi/6.3.1/../../../../arm-none-eabi/lib/thumb/v7e-m\libc.a(lib_a-exit.o)
                              c:/program files (x86)/atmel/studio/7.0/toolchain/arm/arm-gnu-toolchain/bin/../lib/gcc/arm-none-eabi/6.3.1/../../../../arm-none-eabi/lib/thumb/v7e-m/rdimon-crt0.o (exit)
c:/program files (x86)/atmel/studio/7.0/toolchain/arm/arm-gnu-toolchain/bin/../lib/gcc/arm-none-eabi/6.3.1/../../../../arm-none-eabi/lib/thumb/v7e-m\libc.a(lib_a-impure.o)
                              c:/program files (x86)/atmel/studio/7.0/toolchain/arm/arm-gnu-toolchain/bin/../lib/gcc/arm-none-eabi/6.3.1/../../../../arm-none-eabi/lib/thumb/v7e-m\libc.a(lib_a-exit.o) (_global_impure_ptr)
c:/program files (x86)/atmel/studio/7.0/toolchain/arm/arm-gnu-toolchain/bin/../lib/gcc/arm-none-eabi/6.3.1/../../../../arm-none-eabi/lib/thumb/v7e-m\libc.a(lib_a-init.o)
                              c:/program files (x86)/atmel/studio/7.0/toolchain/arm/arm-gnu-toolchain/bin/../lib/gcc/arm-none-eabi/6.3.1/../../../../arm-none-eabi/lib/thumb/v7e-m/rdimon-crt0.o (__libc_init_array)
c:/program files (x86)/atmel/studio/7.0/toolchain/arm/arm-gnu-toolchain/bin/../lib/gcc/arm-none-eabi/6.3.1/../../../../arm-none-eabi/lib/thumb/v7e-m\libc.a(lib_a-memset.o)
                              c:/program files (x86)/atmel/studio/7.0/toolchain/arm/arm-gnu-toolchain/bin/../lib/gcc/arm-none-eabi/6.3.1/../../../../arm-none-eabi/lib/thumb/v7e-m/rdimon-crt0.o (memset)
c:/program files (x86)/atmel/studio/7.0/toolchain/arm/arm-gnu-toolchain/bin/../lib/gcc/arm-none-eabi/6.3.1/../../../../arm-none-eabi/lib/thumb/v7e-m\libc.a(lib_a-strcmp.o)
                              APPL_DMA/EKM_CMD.o (strcmp)
c:/program files (x86)/atmel/studio/7.0/toolchain/arm/arm-gnu-toolchain/bin/../lib/gcc/arm-none-eabi/6.3.1/../../../../arm-none-eabi/lib/thumb/v7e-m\libc.a(lib_a-strlen.o)
                              APPL_DMA/APPL_DMA_LTE.o (strlen)
c:/program files (x86)/atmel/studio/7.0/toolchain/arm/arm-gnu-toolchain/bin/../lib/gcc/arm-none-eabi/6.3.1/../../../../arm-none-eabi/lib/thumb/v7e-m\libc.a(lib_a-strstr.o)
                              APPL_DMA/APPL_DMA_LTE.o (strstr)
c:/program files (x86)/atmel/studio/7.0/toolchain/arm/arm-gnu-toolchain/bin/../lib/gcc/arm-none-eabi/6.3.1/../../../../arm-none-eabi/lib/thumb/v7e-m\libc.a(lib_a-strtol.o)
                              c:/program files (x86)/atmel/studio/7.0/toolchain/arm/arm-gnu-toolchain/bin/../lib/gcc/arm-none-eabi/6.3.1/../../../../arm-none-eabi/lib/thumb/v7e-m\libc.a(lib_a-atoi.o) (_strtol_r)
c:/program files (x86)/atmel/studio/7.0/toolchain/arm/arm-gnu-toolchain/bin/../lib/gcc/arm-none-eabi/6.3.1/../../../../arm-none-eabi/lib/thumb/v7e-m\libc.a(lib_a-vsprintf.o)
                              APPL_DMA/APPL_DMA_LTE.o (vsprintf)
c:/program files (x86)/atmel/studio/7.0/toolchain/arm/arm-gnu-toolchain/bin/../lib/gcc/arm-none-eabi/6.3.1/../../../../arm-none-eabi/lib/thumb/v7e-m\libc.a(lib_a-__call_atexit.o)
                              c:/program files (x86)/atmel/studio/7.0/toolchain/arm/arm-gnu-toolchain/bin/../lib/gcc/arm-none-eabi/6.3.1/../../../../arm-none-eabi/lib/thumb/v7e-m\libc.a(lib_a-exit.o) (__call_exitprocs)
c:/program files (x86)/atmel/studio/7.0/toolchain/arm/arm-gnu-toolchain/bin/../lib/gcc/arm-none-eabi/6.3.1/../../../../arm-none-eabi/lib/thumb/v7e-m\libc.a(lib_a-atexit.o)
                              c:/program files (x86)/atmel/studio/7.0/toolchain/arm/arm-gnu-toolchain/bin/../lib/gcc/arm-none-eabi/6.3.1/../../../../arm-none-eabi/lib/thumb/v7e-m\libc.a(lib_a-__call_atexit.o) (atexit)
c:/program files (x86)/atmel/studio/7.0/toolchain/arm/arm-gnu-toolchain/bin/../lib/gcc/arm-none-eabi/6.3.1/../../../../arm-none-eabi/lib/thumb/v7e-m\libc.a(lib_a-fini.o)
                              c:/program files (x86)/atmel/studio/7.0/toolchain/arm/arm-gnu-toolchain/bin/../lib/gcc/arm-none-eabi/6.3.1/../../../../arm-none-eabi/lib/thumb/v7e-m\libc.a(lib_a-__call_atexit.o) (__libc_fini_array)
c:/program files (x86)/atmel/studio/7.0/toolchain/arm/arm-gnu-toolchain/bin/../lib/gcc/arm-none-eabi/6.3.1/../../../../arm-none-eabi/lib/thumb/v7e-m\libc.a(lib_a-locale.o)
                              c:/program files (x86)/atmel/studio/7.0/toolchain/arm/arm-gnu-toolchain/bin/../lib/gcc/arm-none-eabi/6.3.1/../../../../arm-none-eabi/lib/thumb/v7e-m\libc.a(lib_a-strtol.o) (__locale_ctype_ptr_l)
c:/program files (x86)/atmel/studio/7.0/toolchain/arm/arm-gnu-toolchain/bin/../lib/gcc/arm-none-eabi/6.3.1/../../../../arm-none-eabi/lib/thumb/v7e-m\libc.a(lib_a-lock.o)
[...]
Memory Configuration

Name             Origin             Length             Attributes
rom              0x00400000         0x00100000         xr
ram              0x20000000         0x00028000         xrw
*default*        0x00000000         0xffffffff

Linker script and memory map

LOAD c:/program files (x86)/atmel/studio/7.0/toolchain/arm/arm-gnu-toolchain/bin/../lib/gcc/arm-none-eabi/6.3.1/thumb/v7e-m/crti.o
LOAD c:/program files (x86)/atmel/studio/7.0/toolchain/arm/arm-gnu-toolchain/bin/../lib/gcc/arm-none-eabi/6.3.1/thumb/v7e-m/crtbegin.o
LOAD c:/program files (x86)/atmel/studio/7.0/toolchain/arm/arm-gnu-toolchain/bin/../lib/gcc/arm-none-eabi/6.3.1/../../../../arm-none-eabi/lib/thumb/v7e-m/rdimon-crt0.o
LOAD APPL_DMA/APPL_DMA_IOCON.o
LOAD APPL_DMA/APPL_DMA_LTE.o
LOAD APPL_DMA/APPL_DMA_OS.o
LOAD APPL_DMA/APPL_DMA_RS485.o
LOAD APPL_DMA/EKM_Buffer.o
LOAD APPL_DMA/EKM_CMD.o
LOAD APPL_DMA/EKM_Modbus.o
LOAD Device_Startup/startup_sam4s.o
LOAD Device_Startup/system_sam4s.o
LOAD main.o
START GROUP
END GROUP
START GROUP
LOAD c:/program files (x86)/atmel/studio/7.0/toolchain/arm/arm-gnu-toolchain/bin/../lib/gcc/arm-none-eabi/6.3.1/thumb/v7e-m\libgcc.a
LOAD c:/program files (x86)/atmel/studio/7.0/toolchain/arm/arm-gnu-toolchain/bin/../lib/gcc/arm-none-eabi/6.3.1/../../../../arm-none-eabi/lib/thumb/v7e-m\libc.a
END GROUP
START GROUP
LOAD c:/program files (x86)/atmel/studio/7.0/toolchain/arm/arm-gnu-toolchain/bin/../lib/gcc/arm-none-eabi/6.3.1/thumb/v7e-m\libgcc.a
LOAD c:/program files (x86)/atmel/studio/7.0/toolchain/arm/arm-gnu-toolchain/bin/../lib/gcc/arm-none-eabi/6.3.1/../../../../arm-none-eabi/lib/thumb/v7e-m\libc.a
LOAD c:/program files (x86)/atmel/studio/7.0/toolchain/arm/arm-gnu-toolchain/bin/../lib/gcc/arm-none-eabi/6.3.1/../../../../arm-none-eabi/lib/thumb/v7e-m\librdimon.a
END GROUP
LOAD c:/program files (x86)/atmel/studio/7.0/toolchain/arm/arm-gnu-toolchain/bin/../lib/gcc/arm-none-eabi/6.3.1/thumb/v7e-m/crtend.o
LOAD c:/program files (x86)/atmel/studio/7.0/toolchain/arm/arm-gnu-toolchain/bin/../lib/gcc/arm-none-eabi/6.3.1/thumb/v7e-m/crtn.o
                0x00000400                STACK_SIZE = DEFINED (STACK_SIZE)?STACK_SIZE:0x400
                0x00000200                HEAP_SIZE = DEFINED (HEAP_SIZE)?HEAP_SIZE:0x200

.text           0x00400000     0x7290
                0x00400000                . = ALIGN (0x4)
                0x00400000                _sfixed = .
 *(.vectors .vectors.*)
 .vectors       0x00400000       0xcc Device_Startup/startup_sam4s.o
                0x00400000                exception_table
 *(.text .text.* .gnu.linkonce.t.*)
 .text          0x004000cc       0x6c c:/program files (x86)/atmel/studio/7.0/toolchain/arm/arm-gnu-toolchain/bin/../lib/gcc/arm-none-eabi/6.3.1/thumb/v7e-m/crtbegin.o
 .text.APPL_DMA_IOCON_Get
                0x00400138       0x78 APPL_DMA/APPL_DMA_IOCON.o
                0x00400138                APPL_DMA_IOCON_Get
 .text.APPL_DMA_IOCON_Set
                0x004001b0       0xd4 APPL_DMA/APPL_DMA_IOCON.o
                0x004001b0                APPL_DMA_IOCON_Set
 .text.APPL_DMA_IOCON_delay
                0x00400284       0x28 APPL_DMA/APPL_DMA_IOCON.o
                0x00400284                APPL_DMA_IOCON_delay
 .text.APPL_DMA_IOCON_byteExchange
                0x004002ac       0x68 APPL_DMA/APPL_DMA_IOCON.o
                0x004002ac                APPL_DMA_IOCON_byteExchange
 .text.APPL_DMA_IOCON_ADC_SPI_SET
                0x00400314       0x34 APPL_DMA/APPL_DMA_IOCON.o
                0x00400314                APPL_DMA_IOCON_ADC_SPI_SET
 .text.APPL_DMA_IOCON_Init
                0x00400348      0x144 APPL_DMA/APPL_DMA_IOCON.o
                0x00400348                APPL_DMA_IOCON_Init
 .text.APPL_DMA_IOCON_ADC_SPI_GET
                0x0040048c       0x44 APPL_DMA/APPL_DMA_IOCON.o
                0x0040048c                APPL_DMA_IOCON_ADC_SPI_GET
 .text.APPL_DMA_IOCON_ADC_Get
                0x004004d0       0x38 APPL_DMA/APPL_DMA_IOCON.o
                0x004004d0                APPL_DMA_IOCON_ADC_Get
 .text.APPL_DMA_IOCON_Battery
                0x00400508       0x1c APPL_DMA/APPL_DMA_IOCON.o
                0x00400508                APPL_DMA_IOCON_Battery
 .text.APPL_DMA_IOCON_TempAndHumi
                0x00400524        0xc APPL_DMA/APPL_DMA_IOCON.o
                0x00400524                APPL_DMA_IOCON_TempAndHumi
 .text.APPL_DMA_LTE_OK
                0x00400530       0x1c APPL_DMA/APPL_DMA_LTE.o
                0x00400530                APPL_DMA_LTE_OK
 .text.APPL_DMA_LTE_Error
                0x0040054c       0x1c APPL_DMA/APPL_DMA_LTE.o
                0x0040054c                APPL_DMA_LTE_Error
 .text.APPL_DMA_LTE_APP
                0x00400568       0x4c APPL_DMA/APPL_DMA_LTE.o
                0x00400568                APPL_DMA_LTE_APP
 .text.APPL_LTE_Init
                0x004005b4       0xd8 APPL_DMA/APPL_DMA_LTE.o
                0x004005b4                APPL_LTE_Init
 .text.APPL_DMA_LTE_printString
                0x0040068c       0x3c APPL_DMA/APPL_DMA_LTE.o
                0x0040068c                APPL_DMA_LTE_printString
 .text.APPL_DMA_LTE_printf
                0x004006c8       0x40 APPL_DMA/APPL_DMA_LTE.o
                0x004006c8                APPL_DMA_LTE_printf
 .text.APPL_DMA_LTE_SIM7000G_Error_Handel
                0x00400708       0x28 APPL_DMA/APPL_DMA_LTE.o
                0x00400708                APPL_DMA_LTE_SIM7000G_Error_Handel
 .text.APPL_DMA_LTE_SIM7000G_Init
                0x00400730      0x1c4 APPL_DMA/APPL_DMA_LTE.o
                0x00400730                APPL_DMA_LTE_SIM7000G_Init
 .text.APPL_DMA_LTE_LineProcess
                0x004008f4       0x44 APPL_DMA/APPL_DMA_LTE.o
                0x004008f4                APPL_DMA_LTE_LineProcess
 .text.APPL_DMA_OS_Init
                0x00400938       0x54 APPL_DMA/APPL_DMA_OS.o
                0x00400938                APPL_DMA_OS_Init
 .text.APPL_DMA_OS_LEDTask
                0x0040098c       0x28 APPL_DMA/APPL_DMA_OS.o
                0x0040098c                APPL_DMA_OS_LEDTask
 .text.APPL_DMA_OS_1s
                0x004009b4       0x1c APPL_DMA/APPL_DMA_OS.o
                0x004009b4                APPL_DMA_OS_1s
 .text.APPL_DMA_OS_100ms
                0x004009d0       0x30 APPL_DMA/APPL_DMA_OS.o
                0x004009d0                APPL_DMA_OS_100ms
 .text.APPL_DMA_OS_10ms
                0x00400a00       0x90 APPL_DMA/APPL_DMA_OS.o
                0x00400a00                APPL_DMA_OS_10ms
 .text.APPL_DMA_RS485_Init
                0x00400a90      0x11c APPL_DMA/APPL_DMA_RS485.o
                0x00400a90                APPL_DMA_RS485_Init
 .text.APPL_DMA_RS485_printByte
                0x00400bac       0x28 APPL_DMA/APPL_DMA_RS485.o
                0x00400bac                APPL_DMA_RS485_printByte
 .text.APPL_DMA_RS485_printString
                0x00400bd4       0x1c APPL_DMA/APPL_DMA_RS485.o
                0x00400bd4                APPL_DMA_RS485_printString
 .text.APPL_DMA_RS485_printf
                0x00400bf0       0x5c APPL_DMA/APPL_DMA_RS485.o
                0x00400bf0                APPL_DMA_RS485_printf
 .text.APPL_DMA_RS485_IDN
                0x00400c4c       0x20 APPL_DMA/APPL_DMA_RS485.o
                0x00400c4c                APPL_DMA_RS485_IDN
 .text.APPL_DMA_RS485_HELP
                0x00400c6c       0x30 APPL_DMA/APPL_DMA_RS485.o
                0x00400c6c                APPL_DMA_RS485_HELP
 .text.APPL_DMA_RS485_Status
                0x00400c9c      0x160 APPL_DMA/APPL_DMA_RS485.o
                0x00400c9c                APPL_DMA_RS485_Status
 .text.APPL_DMA_RS485_GPIOW
                0x00400dfc       0xb0 APPL_DMA/APPL_DMA_RS485.o
                0x00400dfc                APPL_DMA_RS485_GPIOW
 .text.APPL_DMA_RS485_ANALOG
                0x00400eac       0x4c APPL_DMA/APPL_DMA_RS485.o
                0x00400eac                APPL_DMA_RS485_ANALOG
 .text.APPL_DMA_RS485_CTMB
                0x00400ef8       0x14 APPL_DMA/APPL_DMA_RS485.o
                0x00400ef8                APPL_DMA_RS485_CTMB
 .text.APPL_DMA_RS485_Test
                0x00400f0c       0x40 APPL_DMA/APPL_DMA_RS485.o
                0x00400f0c                APPL_DMA_RS485_Test
 .text.APPL_DMA_RS485_LTE_EN
                0x00400f4c       0x28 APPL_DMA/APPL_DMA_RS485.o
                0x00400f4c                APPL_DMA_RS485_LTE_EN
 .text.APPL_DMA_RS485_SystemReset
                0x00400f74       0xa0 APPL_DMA/APPL_DMA_RS485.o
                0x00400f74                APPL_DMA_RS485_SystemReset
 .text.APPL_DMA_RS485_LineProcess
                0x00401014       0x5c APPL_DMA/APPL_DMA_RS485.o
                0x00401014                APPL_DMA_RS485_LineProcess
 .text.EKM_Buffer_Index_Increment
                0x00401070       0x3c APPL_DMA/EKM_Buffer.o
 .text.EKM_Buffer_Reset
                0x004010ac       0x1c APPL_DMA/EKM_Buffer.o
                0x004010ac                EKM_Buffer_Reset
 .text.EKM_Buffer_Setup
                0x004010c8       0x14 APPL_DMA/EKM_Buffer.o
                0x004010c8                EKM_Buffer_Setup
 .text.EKM_Buffer_Set
                0x004010dc       0x24 APPL_DMA/EKM_Buffer.o
                0x004010dc                EKM_Buffer_Set
 .text.EKM_CMD_RXPeek
                0x00401100       0x2e APPL_DMA/EKM_CMD.o
                0x00401100                EKM_CMD_RXPeek
 *fill*         0x0040112e        0x2 
 .text.EKM_CMD_LineProcess
                0x00401130       0x6c APPL_DMA/EKM_CMD.o
                0x00401130                EKM_CMD_LineProcess
 .text.Dummy_Handler
                0x0040119c       0x24 Device_Startup/startup_sam4s.o
                0x0040119c                DACC_Handler
                0x0040119c                DebugMon_Handler
                0x0040119c                HardFault_Handler
                0x0040119c                TC2_Handler
                0x0040119c                SPI_Handler
                0x0040119c                TWI1_Handler
                0x0040119c                PendSV_Handler
                0x0040119c                NMI_Handler
                0x0040119c                ADC_Handler
                0x0040119c                CRCCU_Handler
                0x0040119c                RTT_Handler
                0x0040119c                PIOB_Handler
                0x0040119c                RTC_Handler
                0x0040119c                UsageFault_Handler
                0x0040119c                WDT_Handler
                0x0040119c                TC4_Handler
                0x0040119c                TC1_Handler
                0x0040119c                HSMCI_Handler
                0x0040119c                UART1_Handler
                0x0040119c                TC3_Handler
                0x0040119c                Dummy_Handler
                0x0040119c                TWI0_Handler
                0x0040119c                PIOA_Handler
                0x0040119c                SSC_Handler
                0x0040119c                EFC0_Handler
                0x0040119c                ACC_Handler
                0x0040119c                PMC_Handler
                0x0040119c                PWM_Handler
                0x0040119c                MemManage_Handler
                0x0040119c                SUPC_Handler
                0x0040119c                SVC_Handler
                0x0040119c                UART0_Handler
                0x0040119c                PIOC_Handler
                0x0040119c                UDP_Handler
                0x0040119c                BusFault_Handler
                0x0040119c                RSTC_Handler
                0x0040119c                TC0_Handler
                0x0040119c                TC5_Handler
 .text.Reset_Handler
                0x004011c0       0x68 Device_Startup/startup_sam4s.o
                0x004011c0                Reset_Handler
 .text.SystemInit
                0x00401228       0x10 Device_Startup/system_sam4s.o
                0x00401228                SystemInit
 .text.WDT_init
                0x00401238        0xc main.o
                0x00401238                WDT_init
 .text.clock_init
                0x00401244       0x28 main.o
                0x00401244                clock_init
 .text.Systick_Sys_init
                0x0040126c       0x18 main.o
                0x0040126c                Systick_Sys_init
 .text.Usart0_Init
                0x00401284       0x70 main.o
                0x00401284                Usart0_Init
 .text.Usart1_Init
                0x004012f4       0x88 main.o
                0x004012f4                Usart1_Init
 .text.ADC_init
                0x0040137c       0x40 main.o
                0x0040137c                ADC_init
 .text.SPI_setMode
                0x004013bc       0x64 main.o
                0x004013bc                SPI_setMode
 .text.SPI_init
                0x00401420       0xe4 main.o
                0x00401420                SPI_init
 .text.main     0x00401504       0x78 main.o
                0x00401504                main
 .text.SysTick_Handler
                0x0040157c        0xc main.o
                0x0040157c                SysTick_Handler
 .text.USART0_Handler
                0x00401588       0x30 main.o
                0x00401588                USART0_Handler
 .text.USART1_Handler
                0x004015b8       0x30 main.o
                0x004015b8                USART1_Handler
 .text.atoi     0x004015e8        0x8 c:/program files (x86)/atmel/studio/7.0/toolchain/arm/arm-gnu-toolchain/bin/../lib/gcc/arm-none-eabi/6.3.1/../../../../arm-none-eabi/lib/thumb/v7e-m\libc.a(lib_a-atoi.o)
                0x004015e8                atoi
 .text.__libc_init_array
                0x004015f0       0x50 c:/program files (x86)/atmel/studio/7.0/toolchain/arm/arm-gnu-toolchain/bin/../lib/gcc/arm-none-eabi/6.3.1/../../../../arm-none-eabi/lib/thumb/v7e-m\libc.a(lib_a-init.o)
                0x004015f0                __libc_init_array
 .text.memset   0x00401640       0x9c c:/program files (x86)/atmel/studio/7.0/toolchain/arm/arm-gnu-toolchain/bin/../lib/gcc/arm-none-eabi/6.3.1/../../../../arm-none-eabi/lib/thumb/v7e-m\libc.a(lib_a-memset.o)
                0x00401640                memset
 *fill*         0x004016dc        0x4 
 .text          0x004016e0      0x2dc c:/program files (x86)/atmel/studio/7.0/toolchain/arm/arm-gnu-toolchain/bin/../lib/gcc/arm-none-eabi/6.3.1/../../../../arm-none-eabi/lib/thumb/v7e-m\libc.a(lib_a-strcmp.o)
                0x004016e8                strcmp
 *fill*         0x004019bc        0x4 
 .text          0x004019c0       0xdc c:/program files (x86)/atmel/studio/7.0/toolchain/arm/arm-gnu-toolchain/bin/../lib/gcc/arm-none-eabi/6.3.1/../../../../arm-none-eabi/lib/thumb/v7e-m\libc.a(lib_a-strlen.o)
                0x004019c0                strlen
 .text.critical_factorization
                0x00401a9c       0xb4 c:/program files (x86)/atmel/studio/7.0/toolchain/arm/arm-gnu-toolchain/bin/../lib/gcc/arm-none-eabi/6.3.1/../../../../arm-none-eabi/lib/thumb/v7e-m\libc.a(lib_a-strstr.o)
 .text.two_way_long_needle
                0x00401b50      0x1fc c:/program files (x86)/atmel/studio/7.0/toolchain/arm/arm-gnu-toolchain/bin/../lib/gcc/arm-none-eabi/6.3.1/../../../../arm-none-eabi/lib/thumb/v7e-m\libc.a(lib_a-strstr.o)
 .text.strstr   0x00401d4c      0x218 c:/program files (x86)/atmel/studio/7.0/toolchain/arm/arm-gnu-toolchain/bin/../lib/gcc/arm-none-eabi/6.3.1/../../../../arm-none-eabi/lib/thumb/v7e-m\libc.a(lib_a-strstr.o)
                0x00401d4c                strstr
 .text._strtol_l.isra.0
                0x00401f64      0x128 c:/program files (x86)/atmel/studio/7.0/toolchain/arm/arm-gnu-toolchain/bin/../lib/gcc/arm-none-eabi/6.3.1/../../../../arm-none-eabi/lib/thumb/v7e-m\libc.a(lib_a-strtol.o)
 .text.strtol   0x0040208c       0x2c c:/program files (x86)/atmel/studio/7.0/toolchain/arm/arm-gnu-toolchain/bin/../lib/gcc/arm-none-eabi/6.3.1/../../../../arm-none-eabi/lib/thumb/v7e-m\libc.a(lib_a-strtol.o)
                0x0040208c                strtol
 .text._vsprintf_r
                0x004020b8       0x34 c:/program files (x86)/atmel/studio/7.0/toolchain/arm/arm-gnu-toolchain/bin/../lib/gcc/arm-none-eabi/6.3.1/../../../../arm-none-eabi/lib/thumb/v7e-m\libc.a(lib_a-vsprintf.o)
                0x004020b8                _vsprintf_r
 .text.vsprintf
                0x004020ec       0x18 c:/program files (x86)/atmel/studio/7.0/toolchain/arm/arm-gnu-toolchain/bin/../lib/gcc/arm-none-eabi/6.3.1/../../../../arm-none-eabi/lib/thumb/v7e-m\libc.a(lib_a-vsprintf.o)
                0x004020ec                vsprintf
 .text.startup.register_fini
                0x00402104       0x14 c:/program files (x86)/atmel/studio/7.0/toolchain/arm/arm-gnu-toolchain/bin/../lib/gcc/arm-none-eabi/6.3.1/../../../../arm-none-eabi/lib/thumb/v7e-m\libc.a(lib_a-__call_atexit.o)
 .text.atexit   0x00402118        0xc c:/program files (x86)/atmel/studio/7.0/toolchain/arm/arm-gnu-toolchain/bin/../lib/gcc/arm-none-eabi/6.3.1/../../../../arm-none-eabi/lib/thumb/v7e-m\libc.a(lib_a-atexit.o)
                0x00402118                atexit
 .text.__libc_fini_array
                0x00402124       0x34 c:/program files (x86)/atmel/studio/7.0/toolchain/arm/arm-gnu-toolchain/bin/../lib/gcc/arm-none-eabi/6.3.1/../../../../arm-none-eabi/lib/thumb/v7e-m\libc.a(lib_a-fini.o)
                0x00402124                __libc_fini_array
 .text.__locale_ctype_ptr_l
                0x00402158        0x8 c:/program files (x86)/atmel/studio/7.0/toolchain/arm/arm-gnu-toolchain/bin/../lib/gcc/arm-none-eabi/6.3.1/../../../../arm-none-eabi/lib/thumb/v7e-m\libc.a(lib_a-locale.o)
                0x00402158                __locale_ctype_ptr_l
 .text.__retarget_lock_acquire_recursive
                0x00402160        0x4 c:/program files (x86)/atmel/studio/7.0/toolchain/arm/arm-gnu-toolchain/bin/../lib/gcc/arm-none-eabi/6.3.1/../../../../arm-none-eabi/lib/thumb/v7e-m\libc.a(lib_a-lock.o)
                0x00402160                __retarget_lock_acquire_recursive
 .text.__retarget_lock_release_recursive
                0x00402164        0x4 c:/program files (x86)/atmel/studio/7.0/toolchain/arm/arm-gnu-toolchain/bin/../lib/gcc/arm-none-eabi/6.3.1/../../../../arm-none-eabi/lib/thumb/v7e-m\libc.a(lib_a-lock.o)
                0x00402164                __retarget_lock_release_recursive
 .text.__ascii_mbtowc
                0x00402168       0x2c c:/program files (x86)/atmel/studio/7.0/toolchain/arm/arm-gnu-toolchain/bin/../lib/gcc/arm-none-eabi/6.3.1/../../../../arm-none-eabi/lib/thumb/v7e-m\libc.a(lib_a-mbtowc_r.o)
                0x00402168                __ascii_mbtowc
 *fill*         0x00402194        0xc 
 .text          0x004021a0       0xa0 c:/program files (x86)/atmel/studio/7.0/toolchain/arm/arm-gnu-toolchain/bin/../lib/gcc/arm-none-eabi/6.3.1/../../../../arm-none-eabi/lib/thumb/v7e-m\libc.a(lib_a-memchr.o)
                0x004021a0                memchr
 .text.memcmp   0x00402240       0x60 c:/program files (x86)/atmel/studio/7.0/toolchain/arm/arm-gnu-toolchain/bin/../lib/gcc/arm-none-eabi/6.3.1/../../../../arm-none-eabi/lib/thumb/v7e-m\libc.a(lib_a-memcmp.o)
                0x00402240                memcmp
 .text.strchr   0x004022a0       0xe8 c:/program files (x86)/atmel/studio/7.0/toolchain/arm/arm-gnu-toolchain/bin/../lib/gcc/arm-none-eabi/6.3.1/../../../../arm-none-eabi/lib/thumb/v7e-m\libc.a(lib_a-strchr.o)
                0x004022a0                strchr
 .text._svfprintf_r
                0x00402388     0x145c c:/program files (x86)/atmel/studio/7.0/toolchain/arm/arm-gnu-toolchain/bin/../lib/gcc/arm-none-eabi/6.3.1/../../../../arm-none-eabi/lib/thumb/v7e-m\libc.a(lib_a-svfprintf.o)
                0x00402388                _svfprintf_r
 .text.__ascii_wctomb
                0x004037e4       0x1c c:/program files (x86)/atmel/studio/7.0/toolchain/arm/arm-gnu-toolchain/bin/../lib/gcc/arm-none-eabi/6.3.1/../../../../arm-none-eabi/lib/thumb/v7e-m\libc.a(lib_a-wctomb_r.o)
                0x004037e4                __ascii_wctomb
 .text.__register_exitproc
                0x00403800       0xc4 c:/program files (x86)/atmel/studio/7.0/toolchain/arm/arm-gnu-toolchain/bin/../lib/gcc/arm-none-eabi/6.3.1/../../../../arm-none-eabi/lib/thumb/v7e-m\libc.a(lib_a-__atexit.o)
                0x00403800                __register_exitproc
 .text.quorem   0x004038c4      0x128 c:/program files (x86)/atmel/studio/7.0/toolchain/arm/arm-gnu-toolchain/bin/../lib/gcc/arm-none-eabi/6.3.1/../../../../arm-none-eabi/lib/thumb/v7e-m\libc.a(lib_a-dtoa.o)
 *fill*         0x004039ec        0x4 
 .text._dtoa_r  0x004039f0      0xe54 c:/program files (x86)/atmel/studio/7.0/toolchain/arm/arm-gnu-toolchain/bin/../lib/gcc/arm-none-eabi/6.3.1/../../../../arm-none-eabi/lib/thumb/v7e-m\libc.a(lib_a-dtoa.o)
                0x004039f0                _dtoa_r
 .text._localeconv_r
                0x00404844       0x1c c:/program files (x86)/atmel/studio/7.0/toolchain/arm/arm-gnu-toolchain/bin/../lib/gcc/arm-none-eabi/6.3.1/../../../../arm-none-eabi/lib/thumb/v7e-m\libc.a(lib_a-localeconv.o)
                0x00404844                _localeconv_r
 .text._malloc_r
                0x00404860      0x560 c:/program files (x86)/atmel/studio/7.0/toolchain/arm/arm-gnu-toolchain/bin/../lib/gcc/arm-none-eabi/6.3.1/../../../../arm-none-eabi/lib/thumb/v7e-m\libc.a(lib_a-mallocr.o)
                0x00404860                _malloc_r
 .text          0x00404dc0      0x134 c:/program files (x86)/atmel/studio/7.0/toolchain/arm/arm-gnu-toolchain/bin/../lib/gcc/arm-none-eabi/6.3.1/../../../../arm-none-eabi/lib/thumb/v7e-m\libc.a(lib_a-memcpy.o)
                0x00404dc0                memcpy
 .text.__malloc_lock
                0x00404ef4        0xc c:/program files (x86)/atmel/studio/7.0/toolchain/arm/arm-gnu-toolchain/bin/../lib/gcc/arm-none-eabi/6.3.1/../../../../arm-none-eabi/lib/thumb/v7e-m\libc.a(lib_a-mlock.o)
                0x00404ef4                __malloc_lock
 .text.__malloc_unlock
                0x00404f00        0xc c:/program files (x86)/atmel/studio/7.0/toolchain/arm/arm-gnu-toolchain/bin/../lib/gcc/arm-none-eabi/6.3.1/../../../../arm-none-eabi/lib/thumb/v7e-m\libc.a(lib_a-mlock.o)
                0x00404f00                __malloc_unlock
 .text._Balloc  0x00404f0c       0x4c c:/program files (x86)/atmel/studio/7.0/toolchain/arm/arm-gnu-toolchain/bin/../lib/gcc/arm-none-eabi/6.3.1/../../../../arm-none-eabi/lib/thumb/v7e-m\libc.a(lib_a-mprec.o)
                0x00404f0c                _Balloc
 .text._Bfree   0x00404f58       0x14 c:/program files (x86)/atmel/studio/7.0/toolchain/arm/arm-gnu-toolchain/bin/../lib/gcc/arm-none-eabi/6.3.1/../../../../arm-none-eabi/lib/thumb/v7e-m\libc.a(lib_a-mprec.o)
                0x00404f58                _Bfree
 .text.__multadd
                0x00404f6c       0x80 c:/program files (x86)/atmel/studio/7.0/toolchain/arm/arm-gnu-toolchain/bin/../lib/gcc/arm-none-eabi/6.3.1/../../../../arm-none-eabi/lib/thumb/v7e-m\libc.a(lib_a-mprec.o)
                0x00404f6c                __multadd
 .text.__hi0bits
                0x00404fec       0x40 c:/program files (x86)/atmel/studio/7.0/toolchain/arm/arm-gnu-toolchain/bin/../lib/gcc/arm-none-eabi/6.3.1/../../../../arm-none-eabi/lib/thumb/v7e-m\libc.a(lib_a-mprec.o)
                0x00404fec                __hi0bits
 .text.__lo0bits
                0x0040502c       0x60 c:/program files (x86)/atmel/studio/7.0/toolchain/arm/arm-gnu-toolchain/bin/../lib/gcc/arm-none-eabi/6.3.1/../../../../arm-none-eabi/lib/thumb/v7e-m\libc.a(lib_a-mprec.o)
                0x0040502c                __lo0bits
 .text.__i2b    0x0040508c       0x14 c:/program files (x86)/atmel/studio/7.0/toolchain/arm/arm-gnu-toolchain/bin/../lib/gcc/arm-none-eabi/6.3.1/../../../../arm-none-eabi/lib/thumb/v7e-m\libc.a(lib_a-mprec.o)
                0x0040508c                __i2b
 .text.__multiply
                0x004050a0      0x124 c:/program files (x86)/atmel/studio/7.0/toolchain/arm/arm-gnu-toolchain/bin/../lib/gcc/arm-none-eabi/6.3.1/../../../../arm-none-eabi/lib/thumb/v7e-m\libc.a(lib_a-mprec.o)
                0x004050a0                __multiply
 .text.__pow5mult
                0x004051c4       0xa0 c:/program files (x86)/atmel/studio/7.0/toolchain/arm/arm-gnu-toolchain/bin/../lib/gcc/arm-none-eabi/6.3.1/../../../../arm-none-eabi/lib/thumb/v7e-m\libc.a(lib_a-mprec.o)
                0x004051c4                __pow5mult
 .text.__lshift
                0x00405264       0xa4 c:/program files (x86)/atmel/studio/7.0/toolchain/arm/arm-gnu-toolchain/bin/../lib/gcc/arm-none-eabi/6.3.1/../../../../arm-none-eabi/lib/thumb/v7e-m\libc.a(lib_a-mprec.o)
                0x00405264                __lshift
 .text.__mcmp   0x00405308       0x38 c:/program files (x86)/atmel/studio/7.0/toolchain/arm/arm-gnu-toolchain/bin/../lib/gcc/arm-none-eabi/6.3.1/../../../../arm-none-eabi/lib/thumb/v7e-m\libc.a(lib_a-mprec.o)
                0x00405308                __mcmp
 .text.__mdiff  0x00405340      0x108 c:/program files (x86)/atmel/studio/7.0/toolchain/arm/arm-gnu-toolchain/bin/../lib/gcc/arm-none-eabi/6.3.1/../../../../arm-none-eabi/lib/thumb/v7e-m\libc.a(lib_a-mprec.o)
                0x00405340                __mdiff
 .text.__d2b    0x00405448       0xb8 c:/program files (x86)/atmel/studio/7.0/toolchain/arm/arm-gnu-toolchain/bin/../lib/gcc/arm-none-eabi/6.3.1/../../../../arm-none-eabi/lib/thumb/v7e-m\libc.a(lib_a-mprec.o)
                0x00405448                __d2b
 .text._sbrk_r  0x00405500       0x24 c:/program files (x86)/atmel/studio/7.0/toolchain/arm/arm-gnu-toolchain/bin/../lib/gcc/arm-none-eabi/6.3.1/../../../../arm-none-eabi/lib/thumb/v7e-m\libc.a(lib_a-sbrkr.o)
                0x00405500                _sbrk_r
 .text.__ssprint_r
                0x00405524       0xfc c:/program files (x86)/atmel/studio/7.0/toolchain/arm/arm-gnu-toolchain/bin/../lib/gcc/arm-none-eabi/6.3.1/../../../../arm-none-eabi/lib/thumb/v7e-m\libc.a(lib_a-svfiprintf.o)
                0x00405524                __ssprint_r
 .text._calloc_r
                0x00405620       0x60 c:/program files (x86)/atmel/studio/7.0/toolchain/arm/arm-gnu-toolchain/bin/../lib/gcc/arm-none-eabi/6.3.1/../../../../arm-none-eabi/lib/thumb/v7e-m\libc.a(lib_a-callocr.o)
                0x00405620                _calloc_r
 .text._malloc_trim_r
                0x00405680       0xa0 c:/program files (x86)/atmel/studio/7.0/toolchain/arm/arm-gnu-toolchain/bin/../lib/gcc/arm-none-eabi/6.3.1/../../../../arm-none-eabi/lib/thumb/v7e-m\libc.a(lib_a-freer.o)
                0x00405680                _malloc_trim_r
 .text._free_r  0x00405720      0x1cc c:/program files (x86)/atmel/studio/7.0/toolchain/arm/arm-gnu-toolchain/bin/../lib/gcc/arm-none-eabi/6.3.1/../../../../arm-none-eabi/lib/thumb/v7e-m\libc.a(lib_a-freer.o)
                0x00405720                _free_r
 .text.memmove  0x004058ec       0xc8 c:/program files (x86)/atmel/studio/7.0/toolchain/arm/arm-gnu-toolchain/bin/../lib/gcc/arm-none-eabi/6.3.1/../../../../arm-none-eabi/lib/thumb/v7e-m\libc.a(lib_a-memmove.o)
                0x004058ec                memmove
 .text._realloc_r
                0x004059b4      0x34c c:/program files (x86)/atmel/studio/7.0/toolchain/arm/arm-gnu-toolchain/bin/../lib/gcc/arm-none-eabi/6.3.1/../../../../arm-none-eabi/lib/thumb/v7e-m\libc.a(lib_a-reallocr.o)
                0x004059b4                _realloc_r
 .text          0x00405d00      0x370 c:/program files (x86)/atmel/studio/7.0/toolchain/arm/arm-gnu-toolchain/bin/../lib/gcc/arm-none-eabi/6.3.1/thumb/v7e-m\libgcc.a(_arm_addsubdf3.o)
                0x00405d00                __aeabi_drsub
                0x00405d08                __aeabi_dsub
                0x00405d08                __subdf3
                0x00405d0c                __aeabi_dadd
                0x00405d0c                __adddf3
                0x00405f84                __floatunsidf
                0x00405f84                __aeabi_ui2d
                0x00405fa4                __floatsidf
                0x00405fa4                __aeabi_i2d
                0x00405fc8                __aeabi_f2d
                0x00405fc8                __extendsfdf2
                0x00406004                __floatundidf
                0x00406004                __aeabi_ul2d
                0x00406014                __floatdidf
                0x00406014                __aeabi_l2d
 .text          0x00406070      0x424 c:/program files (x86)/atmel/studio/7.0/toolchain/arm/arm-gnu-toolchain/bin/../lib/gcc/arm-none-eabi/6.3.1/thumb/v7e-m\libgcc.a(_arm_muldivdf3.o)
                0x00406070                __aeabi_dmul
                0x00406070                __muldf3
                0x004062c4                __divdf3
                0x004062c4                __aeabi_ddiv
 .text          0x00406494      0x110 c:/program files (x86)/atmel/studio/7.0/toolchain/arm/arm-gnu-toolchain/bin/../lib/gcc/arm-none-eabi/6.3.1/thumb/v7e-m\libgcc.a(_arm_cmpdf2.o)
                0x00406494                __gtdf2
                0x00406494                __gedf2
                0x0040649c                __ltdf2
                0x0040649c                __ledf2
                0x004064a4                __nedf2
                0x004064a4                __eqdf2
                0x004064a4                __cmpdf2
                0x00406520                __aeabi_cdrcmple
                0x00406530                __aeabi_cdcmpeq
                0x00406530                __aeabi_cdcmple
                0x00406540                __aeabi_dcmpeq
                0x00406554                __aeabi_dcmplt
                0x00406568                __aeabi_dcmple
                0x0040657c                __aeabi_dcmpge
                0x00406590                __aeabi_dcmpgt
 .text          0x004065a4       0x2c c:/program files (x86)/atmel/studio/7.0/toolchain/arm/arm-gnu-toolchain/bin/../lib/gcc/arm-none-eabi/6.3.1/thumb/v7e-m\libgcc.a(_arm_unorddf2.o)
                0x004065a4                __unorddf2
                0x004065a4                __aeabi_dcmpun
 .text          0x004065d0       0x50 c:/program files (x86)/atmel/studio/7.0/toolchain/arm/arm-gnu-toolchain/bin/../lib/gcc/arm-none-eabi/6.3.1/thumb/v7e-m\libgcc.a(_arm_fixdfsi.o)
                0x004065d0                __aeabi_d2iz
                0x004065d0                __fixdfsi
 .text          0x00406620       0x30 c:/program files (x86)/atmel/studio/7.0/toolchain/arm/arm-gnu-toolchain/bin/../lib/gcc/arm-none-eabi/6.3.1/thumb/v7e-m\libgcc.a(_aeabi_uldivmod.o)
                0x00406620                __aeabi_uldivmod
 .text          0x00406650      0x2dc c:/program files (x86)/atmel/studio/7.0/toolchain/arm/arm-gnu-toolchain/bin/../lib/gcc/arm-none-eabi/6.3.1/thumb/v7e-m\libgcc.a(_udivmoddi4.o)
                0x00406650                __udivmoddi4
 .text          0x0040692c        0x4 c:/program files (x86)/atmel/studio/7.0/toolchain/arm/arm-gnu-toolchain/bin/../lib/gcc/arm-none-eabi/6.3.1/thumb/v7e-m\libgcc.a(_dvmd_tls.o)
                0x0040692c                __aeabi_idiv0
                0x0040692c                __aeabi_ldiv0
 .text._sbrk    0x00406930       0x4c c:/program files (x86)/atmel/studio/7.0/toolchain/arm/arm-gnu-toolchain/bin/../lib/gcc/arm-none-eabi/6.3.1/../../../../arm-none-eabi/lib/thumb/v7e-m\librdimon.a(rdimon-syscalls.o)
                0x00406930                _sbrk
 .text.__errno  0x0040697c        0xc c:/program files (x86)/atmel/studio/7.0/toolchain/arm/arm-gnu-toolchain/bin/../lib/gcc/arm-none-eabi/6.3.1/../../../../arm-none-eabi/lib/thumb/v7e-m\libc.a(lib_a-errno.o)
                0x0040697c                __errno
 *(.glue_7t)
 .glue_7t       0x00406988        0x0 linker stubs
 *(.glue_7)
 .glue_7        0x00406988        0x0 linker stubs
 *(.rodata .rodata* .gnu.linkonce.r.*)
 .rodata.str1.4
                0x00406988        0x5 APPL_DMA/APPL_DMA_IOCON.o
 *fill*         0x0040698d        0x3 
 .rodata.str1.4
                0x00406990      0x1ad APPL_DMA/APPL_DMA_LTE.o
                                0x1b5 (size before relaxing)
 *fill*         0x00406b3d        0x3 
 .rodata.str1.4
                0x00406b40       0x2f APPL_DMA/APPL_DMA_OS.o
 *fill*         0x00406b6f        0x1 
 .rodata.str1.4
                0x00406b70      0x45a APPL_DMA/APPL_DMA_RS485.o
 *fill*         0x00406fca        0x2 
 .rodata.str1.4
                0x00406fcc       0x14 main.o
 .rodata._global_impure_ptr
                0x00406fe0        0x4 c:/program files (x86)/atmel/studio/7.0/toolchain/arm/arm-gnu-toolchain/bin/../lib/gcc/arm-none-eabi/6.3.1/../../../../arm-none-eabi/lib/thumb/v7e-m\libc.a(lib_a-impure.o)
                0x00406fe0                _global_impure_ptr
 .rodata._setlocale_r.str1.4
                0x00406fe4        0xa c:/program files (x86)/atmel/studio/7.0/toolchain/arm/arm-gnu-toolchain/bin/../lib/gcc/arm-none-eabi/6.3.1/../../../../arm-none-eabi/lib/thumb/v7e-m\libc.a(lib_a-locale.o)
                                  0xd (size before relaxing)
 *fill*         0x00406fee        0x2 
 .rodata.str1.4
                0x00406ff0        0x2 c:/program files (x86)/atmel/studio/7.0/toolchain/arm/arm-gnu-toolchain/bin/../lib/gcc/arm-none-eabi/6.3.1/../../../../arm-none-eabi/lib/thumb/v7e-m\libc.a(lib_a-locale.o)
 *fill*         0x00406ff2        0x2 
 .rodata._svfprintf_r.str1.4
                0x00406ff4       0x42 c:/program files (x86)/atmel/studio/7.0/toolchain/arm/arm-gnu-toolchain/bin/../lib/gcc/arm-none-eabi/6.3.1/../../../../arm-none-eabi/lib/thumb/v7e-m\libc.a(lib_a-svfprintf.o)
 *fill*         0x00407036        0x2 
 .rodata.blanks.7223
                0x00407038       0x10 c:/program files (x86)/atmel/studio/7.0/toolchain/arm/arm-gnu-toolchain/bin/../lib/gcc/arm-none-eabi/6.3.1/../../../../arm-none-eabi/lib/thumb/v7e-m\libc.a(lib_a-svfprintf.o)
 .rodata.zeroes.7224
                0x00407048       0x10 c:/program files (x86)/atmel/studio/7.0/toolchain/arm/arm-gnu-toolchain/bin/../lib/gcc/arm-none-eabi/6.3.1/../../../../arm-none-eabi/lib/thumb/v7e-m\libc.a(lib_a-svfprintf.o)
 .rodata._ctype_
                0x00407058      0x101 c:/program files (x86)/atmel/studio/7.0/toolchain/arm/arm-gnu-toolchain/bin/../lib/gcc/arm-none-eabi/6.3.1/../../../../arm-none-eabi/lib/thumb/v7e-m\libc.a(lib_a-ctype_.o)
                0x00407058                _ctype_
 *fill*         0x00407159        0x3 
 .rodata._dtoa_r.str1.4
                0x0040715c       0x10 c:/program files (x86)/atmel/studio/7.0/toolchain/arm/arm-gnu-toolchain/bin/../lib/gcc/arm-none-eabi/6.3.1/../../../../arm-none-eabi/lib/thumb/v7e-m\libc.a(lib_a-dtoa.o)
                                 0x12 (size before relaxing)
 *fill*         0x0040716c        0x4 
 .rodata.__mprec_bigtens
                0x00407170       0x28 c:/program files (x86)/atmel/studio/7.0/toolchain/arm/arm-gnu-toolchain/bin/../lib/gcc/arm-none-eabi/6.3.1/../../../../arm-none-eabi/lib/thumb/v7e-m\libc.a(lib_a-mprec.o)
                0x00407170                __mprec_bigtens
 .rodata.__mprec_tens
                0x00407198       0xc8 c:/program files (x86)/atmel/studio/7.0/toolchain/arm/arm-gnu-toolchain/bin/../lib/gcc/arm-none-eabi/6.3.1/../../../../arm-none-eabi/lib/thumb/v7e-m\libc.a(lib_a-mprec.o)
                0x00407198                __mprec_tens
 .rodata.p05.6055
                0x00407260        0xc c:/program files (x86)/atmel/studio/7.0/toolchain/arm/arm-gnu-toolchain/bin/../lib/gcc/arm-none-eabi/6.3.1/../../../../arm-none-eabi/lib/thumb/v7e-m\libc.a(lib_a-mprec.o)
 *(.ARM.extab* .gnu.linkonce.armextab.*)
                0x0040726c                . = ALIGN (0x4)
 *(.init)
 .init          0x0040726c        0x4 c:/program files (x86)/atmel/studio/7.0/toolchain/arm/arm-gnu-toolchain/bin/../lib/gcc/arm-none-eabi/6.3.1/thumb/v7e-m/crti.o
                0x0040726c                _init
 .init          0x00407270        0x8 c:/program files (x86)/atmel/studio/7.0/toolchain/arm/arm-gnu-toolchain/bin/../lib/gcc/arm-none-eabi/6.3.1/thumb/v7e-m/crtn.o
                0x00407278                . = ALIGN (0x4)
                0x00407278                __preinit_array_start = .
 *(.preinit_array)
                0x00407278                __preinit_array_end = .
                0x00407278                . = ALIGN (0x4)
                0x00407278                __init_array_start = .
 *(SORT(.init_array.*))
 .init_array.00000
                0x00407278        0x4 c:/program files (x86)/atmel/studio/7.0/toolchain/arm/arm-gnu-toolchain/bin/../lib/gcc/arm-none-eabi/6.3.1/../../../../arm-none-eabi/lib/thumb/v7e-m\libc.a(lib_a-__call_atexit.o)
 *(.init_array)
 .init_array    0x0040727c        0x4 c:/program files (x86)/atmel/studio/7.0/toolchain/arm/arm-gnu-toolchain/bin/../lib/gcc/arm-none-eabi/6.3.1/thumb/v7e-m/crtbegin.o
                0x00407280                __init_array_end = .
                0x00407280                . = ALIGN (0x4)
 *crtbegin.o(.ctors)
 *(EXCLUDE_FILE(*crtend.o) .ctors)
 *(SORT(.ctors.*))
 *crtend.o(.ctors)
                0x00407280                . = ALIGN (0x4)
 *(.fini)
 .fini          0x00407280        0x4 c:/program files (x86)/atmel/studio/7.0/toolchain/arm/arm-gnu-toolchain/bin/../lib/gcc/arm-none-eabi/6.3.1/thumb/v7e-m/crti.o
                0x00407280                _fini
 .fini          0x00407284        0x8 c:/program files (x86)/atmel/studio/7.0/toolchain/arm/arm-gnu-toolchain/bin/../lib/gcc/arm-none-eabi/6.3.1/thumb/v7e-m/crtn.o
                0x0040728c                . = ALIGN (0x4)
                0x0040728c                __fini_array_start = .
 *(.fini_array)
 .fini_array    0x0040728c        0x4 c:/program files (x86)/atmel/studio/7.0/toolchain/arm/arm-gnu-toolchain/bin/../lib/gcc/arm-none-eabi/6.3.1/thumb/v7e-m/crtbegin.o
 *(SORT(.fini_array.*))
                0x00407290                __fini_array_end = .
 *crtbegin.o(.dtors)
 *(EXCLUDE_FILE(*crtend.o) .dtors)
 *(SORT(.dtors.*))
 *crtend.o(.dtors)
                0x00407290                . = ALIGN (0x4)
                0x00407290                _efixed = .
                [!provide]                PROVIDE (__exidx_start, .)

.vfp11_veneer   0x00407290        0x0
 .vfp11_veneer  0x00407290        0x0 linker stubs

.v4_bx          0x00407290        0x0
 .v4_bx         0x00407290        0x0 linker stubs

.iplt           0x00407290        0x0
 .iplt          0x00407290        0x0 c:/program files (x86)/atmel/studio/7.0/toolchain/arm/arm-gnu-toolchain/bin/../lib/gcc/arm-none-eabi/6.3.1/thumb/v7e-m/crtbegin.o

.ARM.exidx      0x00407290        0x8
 *(.ARM.exidx* .gnu.linkonce.armexidx.*)
 .ARM.exidx     0x00407290        0x8 c:/program files (x86)/atmel/studio/7.0/toolchain/arm/arm-gnu-toolchain/bin/../lib/gcc/arm-none-eabi/6.3.1/thumb/v7e-m\libgcc.a(_udivmoddi4.o)
                [!provide]                PROVIDE (__exidx_end, .)

.eh_frame       0x00407298        0x0
 .eh_frame      0x00407298        0x0 c:/program files (x86)/atmel/studio/7.0/toolchain/arm/arm-gnu-toolchain/bin/../lib/gcc/arm-none-eabi/6.3.1/thumb/v7e-m/crtbegin.o

.rel.dyn        0x00407298        0x0
 .rel.iplt      0x00407298        0x0 c:/program files (x86)/atmel/studio/7.0/toolchain/arm/arm-gnu-toolchain/bin/../lib/gcc/arm-none-eabi/6.3.1/thumb/v7e-m/crtbegin.o

.jcr            0x00407298        0x0
 .jcr           0x00407298        0x0 c:/program files (x86)/atmel/studio/7.0/toolchain/arm/arm-gnu-toolchain/bin/../lib/gcc/arm-none-eabi/6.3.1/thumb/v7e-m/crtbegin.o

.igot.plt       0x00407298        0x0
 .igot.plt      0x00407298        0x0 c:/program files (x86)/atmel/studio/7.0/toolchain/arm/arm-gnu-toolchain/bin/../lib/gcc/arm-none-eabi/6.3.1/thumb/v7e-m/crtbegin.o
                0x00407298                . = ALIGN (0x4)
                0x00407298                _etext = .

.relocate       0x20000000      0x9b4 load address 0x00407298
                0x20000000                . = ALIGN (0x4)
                0x20000000                _srelocate = .
 *(.ramfunc .ramfunc.*)
 *(.data .data.*)
 .data._impure_ptr
                0x20000000        0x4 c:/program files (x86)/atmel/studio/7.0/toolchain/arm/arm-gnu-toolchain/bin/../lib/gcc/arm-none-eabi/6.3.1/../../../../arm-none-eabi/lib/thumb/v7e-m\libc.a(lib_a-impure.o)
                0x20000000                _impure_ptr
 *fill*         0x20000004        0x4 
 .data.impure_data
                0x20000008      0x428 c:/program files (x86)/atmel/studio/7.0/toolchain/arm/arm-gnu-toolchain/bin/../lib/gcc/arm-none-eabi/6.3.1/../../../../arm-none-eabi/lib/thumb/v7e-m\libc.a(lib_a-impure.o)
 .data.__atexit_recursive_mutex
                0x20000430        0x4 c:/program files (x86)/atmel/studio/7.0/toolchain/arm/arm-gnu-toolchain/bin/../lib/gcc/arm-none-eabi/6.3.1/../../../../arm-none-eabi/lib/thumb/v7e-m\libc.a(lib_a-__call_atexit.o)
                0x20000430                __atexit_recursive_mutex
 .data.__global_locale
                0x20000434      0x16c c:/program files (x86)/atmel/studio/7.0/toolchain/arm/arm-gnu-toolchain/bin/../lib/gcc/arm-none-eabi/6.3.1/../../../../arm-none-eabi/lib/thumb/v7e-m\libc.a(lib_a-locale.o)
                0x20000434                __global_locale
 .data.__malloc_av_
                0x200005a0      0x408 c:/program files (x86)/atmel/studio/7.0/toolchain/arm/arm-gnu-toolchain/bin/../lib/gcc/arm-none-eabi/6.3.1/../../../../arm-none-eabi/lib/thumb/v7e-m\libc.a(lib_a-mallocr.o)
                0x200005a0                __malloc_av_
 .data.__malloc_sbrk_base
                0x200009a8        0x4 c:/program files (x86)/atmel/studio/7.0/toolchain/arm/arm-gnu-toolchain/bin/../lib/gcc/arm-none-eabi/6.3.1/../../../../arm-none-eabi/lib/thumb/v7e-m\libc.a(lib_a-mallocr.o)
                0x200009a8                __malloc_sbrk_base
 .data.__malloc_trim_threshold
                0x200009ac        0x4 c:/program files (x86)/atmel/studio/7.0/toolchain/arm/arm-gnu-toolchain/bin/../lib/gcc/arm-none-eabi/6.3.1/../../../../arm-none-eabi/lib/thumb/v7e-m\libc.a(lib_a-mallocr.o)
                0x200009ac                __malloc_trim_threshold
 .data.__heap_limit
                0x200009b0        0x4 c:/program files (x86)/atmel/studio/7.0/toolchain/arm/arm-gnu-toolchain/bin/../lib/gcc/arm-none-eabi/6.3.1/../../../../arm-none-eabi/lib/thumb/v7e-m\librdimon.a(rdimon-syscalls.o)
                0x200009b0                __heap_limit
                0x200009b4                . = ALIGN (0x4)
                0x200009b4                _erelocate = .

.bss            0x200009b4      0x27c load address 0x00407c4c
                0x200009b4                . = ALIGN (0x4)
                0x200009b4                _sbss = .
                0x200009b4                _szero = .
 *(.bss .bss.*)
 .bss           0x200009b4       0x1c c:/program files (x86)/atmel/studio/7.0/toolchain/arm/arm-gnu-toolchain/bin/../lib/gcc/arm-none-eabi/6.3.1/thumb/v7e-m/crtbegin.o
 .bss           0x200009d0        0xe APPL_DMA/APPL_DMA_LTE.o
                0x200009d0                APPL_DMA_LTE_SIM7000G_ErrorCount
                0x200009d4                APPL_DMA_LTE_SIM7000G_Init_Stage
                0x200009d8                APPL_DMA_LTE_MQTT_ONLINE
                0x200009dc                APPL_DMA_LTE_TimemerCount
 .bss           0x200009de        0x3 APPL_DMA/APPL_DMA_OS.o
                0x200009de                APPL_DMA_OS_Time_1s
                0x200009df                APPL_DMA_OS_Time_100ms
                0x200009e0                APPL_DMA_OS_Time_10ms
 *fill*         0x200009e1        0x3 
 .bss           0x200009e4       0x28 APPL_DMA/EKM_CMD.o
                0x20000a08                EKM_OS_CMD_Link
 .bss           0x20000a0c        0x1 main.o
                0x20000a0c                flag
 *fill*         0x20000a0d        0x3 
 .bss.__malloc_current_mallinfo
                0x20000a10       0x28 c:/program files (x86)/atmel/studio/7.0/toolchain/arm/arm-gnu-toolchain/bin/../lib/gcc/arm-none-eabi/6.3.1/../../../../arm-none-eabi/lib/thumb/v7e-m\libc.a(lib_a-mallocr.o)
                0x20000a10                __malloc_current_mallinfo
 .bss.__malloc_max_sbrked_mem
                0x20000a38        0x4 c:/program files (x86)/atmel/studio/7.0/toolchain/arm/arm-gnu-toolchain/bin/../lib/gcc/arm-none-eabi/6.3.1/../../../../arm-none-eabi/lib/thumb/v7e-m\libc.a(lib_a-mallocr.o)
                0x20000a38                __malloc_max_sbrked_mem
 .bss.__malloc_max_total_mem
                0x20000a3c        0x4 c:/program files (x86)/atmel/studio/7.0/toolchain/arm/arm-gnu-toolchain/bin/../lib/gcc/arm-none-eabi/6.3.1/../../../../arm-none-eabi/lib/thumb/v7e-m\libc.a(lib_a-mallocr.o)
                0x20000a3c                __malloc_max_total_mem
 .bss.__malloc_top_pad
                0x20000a40        0x4 c:/program files (x86)/atmel/studio/7.0/toolchain/arm/arm-gnu-toolchain/bin/../lib/gcc/arm-none-eabi/6.3.1/../../../../arm-none-eabi/lib/thumb/v7e-m\libc.a(lib_a-mallocr.o)
                0x20000a40                __malloc_top_pad
 .bss.heap_end.6174
                0x20000a44        0x4 c:/program files (x86)/atmel/studio/7.0/toolchain/arm/arm-gnu-toolchain/bin/../lib/gcc/arm-none-eabi/6.3.1/../../../../arm-none-eabi/lib/thumb/v7e-m\librdimon.a(rdimon-syscalls.o)
 *(COMMON)
 COMMON         0x20000a48       0x2c APPL_DMA/APPL_DMA_IOCON.o
                0x20000a48                APPL_DMA_IOCON_d
 COMMON         0x20000a74       0xd8 APPL_DMA/APPL_DMA_LTE.o
                0x20000a74                APPL_DMA_LTE_CMD_OK
                0x20000a84                APPL_DMA_LTE_Buffer
                0x20000a8c                APPL_DMA_LTE_CMD_Error
                0x20000a9c                APPL_DMA_LTE_CMD_PAPP
                0x20000aac                APPL_DMA_LTE_CMD_APP
                0x20000abc                APPL_DMA_LTE_CMD_Sok
                0x20000acc                APPL_DMA_LTE_Buffer_d
 COMMON         0x20000b4c       0xbc APPL_DMA/APPL_DMA_RS485.o
                0x20000b4c                APPL_DMA_RS485_CMD_GPIOW
                0x20000b5c                APPL_DMA_RS485_CMD_IDN
                0x20000b6c                APPL_DMA_RS48_Data
                0x20000ba0                APPL_DMA_RS485_CMD_Status
                0x20000bb0                APPL_DMA_RS485_CMD_CTMB
                0x20000bc0                APPL_DMA_RS485_CMD_Test
                0x20000bd0                APPL_DMA_RS485_CMD_SystemReset
                0x20000be0                APPL_DMA_RS48_Rx
                0x20000be8                APPL_DMA_RS485_CMD_ANALOG
                0x20000bf8                APPL_DMA_RS485_CMD_HELP
 COMMON         0x20000c08       0x21 c:/program files (x86)/atmel/studio/7.0/toolchain/arm/arm-gnu-toolchain/bin/../lib/gcc/arm-none-eabi/6.3.1/../../../../arm-none-eabi/lib/thumb/v7e-m\libc.a(lib_a-lock.o)
                0x20000c08                __lock___atexit_recursive_mutex
                0x20000c0c                __lock___arc4random_mutex
                0x20000c10                __lock___env_recursive_mutex
                0x20000c14                __lock___sinit_recursive_mutex
                0x20000c18                __lock___malloc_recursive_mutex
                0x20000c1c                __lock___at_quick_exit_mutex
                0x20000c20                __lock___dd_hash_mutex
                0x20000c24                __lock___tz_mutex
                0x20000c28                __lock___sfp_recursive_mutex
 *fill*         0x20000c29        0x3 
 COMMON         0x20000c2c        0x4 c:/program files (x86)/atmel/studio/7.0/toolchain/arm/arm-gnu-toolchain/bin/../lib/gcc/arm-none-eabi/6.3.1/../../../../arm-none-eabi/lib/thumb/v7e-m\libc.a(lib_a-reent.o)
                0x20000c2c                errno
                0x20000c30                . = ALIGN (0x4)
                0x20000c30                _ebss = .
                0x20000c30                _ezero = .

.stack          0x20000c30      0x400 load address 0x00407ec8
                0x20000c30                . = ALIGN (0x8)
                0x20000c30                _sstack = .
                0x20001030                . = (. + STACK_SIZE)
 *fill*         0x20000c30      0x400 
                0x20001030                . = ALIGN (0x8)
                0x20001030                _estack = .

.heap           0x20001030      0x200 load address 0x004082c8
                0x20001030                . = ALIGN (0x8)
                0x20001030                _sheap = .
                0x20001230                . = (. + HEAP_SIZE)
 *fill*         0x20001030      0x200 
                0x20001230                . = ALIGN (0x8)
                0x20001230                _eheap = .
                0x20001030                end = _sheap
                0x20001230                . = ALIGN (0x4)
                0x20001230                _end = .
                0x20027fff                _ram_end_ = ((ORIGIN (ram) + LENGTH (ram)) - 0x1)
OUTPUT(UU001_DMA17.elf elf32-littlearm)

.ARM.attributes
                0x00000000       0x2a
 .ARM.attributes
                0x00000000       0x1e c:/program files (x86)/atmel/studio/7.0/toolchain/arm/arm-gnu-toolchain/bin/../lib/gcc/arm-none-eabi/6.3.1/thumb/v7e-m/crti.o
 .ARM.attributes
                0x0000001e       0x2e c:/program files (x86)/atmel/studio/7.0/toolchain/arm/arm-gnu-toolchain/bin/../lib/gcc/arm-none-eabi/6.3.1/thumb/v7e-m/crtbegin.o
 .ARM.attributes
                0x0000004c       0x33 APPL_DMA/APPL_DMA_IOCON.o
 .ARM.attributes
                0x0000007f       0x33 APPL_DMA/APPL_DMA_LTE.o
 .ARM.attributes
                0x000000b2       0x33 APPL_DMA/APPL_DMA_OS.o
 .ARM.attributes
                0x000000e5       0x33 APPL_DMA/APPL_DMA_RS485.o
 .ARM.attributes
                0x00000118       0x33 APPL_DMA/EKM_Buffer.o
 .ARM.attributes
                0x0000014b       0x33 APPL_DMA/EKM_CMD.o
 .ARM.attributes
                0x0000017e       0x33 Device_Startup/startup_sam4s.o
 .ARM.attributes
                0x000001b1       0x33 Device_Startup/system_sam4s.o
 .ARM.attributes
                0x000001e4       0x33 main.o
 .ARM.attributes
                0x00000217       0x2e c:/program files (x86)/atmel/studio/7.0/toolchain/arm/arm-gnu-toolchain/bin/../lib/gcc/arm-none-eabi/6.3.1/../../../../arm-none-eabi/lib/thumb/v7e-m\libc.a(lib_a-atoi.o)
 .ARM.attributes
                0x00000245       0x2e c:/program files (x86)/atmel/studio/7.0/toolchain/arm/arm-gnu-toolchain/bin/../lib/gcc/arm-none-eabi/6.3.1/../../../../arm-none-eabi/lib/thumb/v7e-m\libc.a(lib_a-impure.o)
 .ARM.attributes
                0x00000273       0x2e c:/program files (x86)/atmel/studio/7.0/toolchain/arm/arm-gnu-toolchain/bin/../lib/gcc/arm-none-eabi/6.3.1/../../../../arm-none-eabi/lib/thumb/v7e-m\libc.a(lib_a-init.o)
 .ARM.attributes
                0x000002a1       0x2e c:/program files (x86)/atmel/studio/7.0/toolchain/arm/arm-gnu-toolchain/bin/../lib/gcc/arm-none-eabi/6.3.1/../../../../arm-none-eabi/lib/thumb/v7e-m\libc.a(lib_a-memset.o)
 .ARM.attributes
                0x000002cf       0x1c c:/program files (x86)/atmel/studio/7.0/toolchain/arm/arm-gnu-toolchain/bin/../lib/gcc/arm-none-eabi/6.3.1/../../../../arm-none-eabi/lib/thumb/v7e-m\libc.a(lib_a-strcmp.o)
 .ARM.attributes
                0x000002eb       0x1c c:/program files (x86)/atmel/studio/7.0/toolchain/arm/arm-gnu-toolchain/bin/../lib/gcc/arm-none-eabi/6.3.1/../../../../arm-none-eabi/lib/thumb/v7e-m\libc.a(lib_a-strlen.o)
 .ARM.attributes
                0x00000307       0x2e c:/program files (x86)/atmel/studio/7.0/toolchain/arm/arm-gnu-toolchain/bin/../lib/gcc/arm-none-eabi/6.3.1/../../../../arm-none-eabi/lib/thumb/v7e-m\libc.a(lib_a-strstr.o)
 .ARM.attributes
                0x00000335       0x2e c:/program files (x86)/atmel/studio/7.0/toolchain/arm/arm-gnu-toolchain/bin/../lib/gcc/arm-none-eabi/6.3.1/../../../../arm-none-eabi/lib/thumb/v7e-m\libc.a(lib_a-strtol.o)
 .ARM.attributes
                0x00000363       0x2e c:/program files (x86)/atmel/studio/7.0/toolchain/arm/arm-gnu-toolchain/bin/../lib/gcc/arm-none-eabi/6.3.1/../../../../arm-none-eabi/lib/thumb/v7e-m\libc.a(lib_a-vsprintf.o)
 .ARM.attributes
                0x00000391       0x2e c:/program files (x86)/atmel/studio/7.0/toolchain/arm/arm-gnu-toolchain/bin/../lib/gcc/arm-none-eabi/6.3.1/../../../../arm-none-eabi/lib/thumb/v7e-m\libc.a(lib_a-__call_atexit.o)
 .ARM.attributes
                0x000003bf       0x2e c:/program files (x86)/atmel/studio/7.0/toolchain/arm/arm-gnu-toolchain/bin/../lib/gcc/arm-none-eabi/6.3.1/../../../../arm-none-eabi/lib/thumb/v7e-m\libc.a(lib_a-atexit.o)
 .ARM.attributes
                0x000003ed       0x2e c:/program files (x86)/atmel/studio/7.0/toolchain/arm/arm-gnu-toolchain/bin/../lib/gcc/arm-none-eabi/6.3.1/../../../../arm-none-eabi/lib/thumb/v7e-m\libc.a(lib_a-fini.o)
 .ARM.attributes
                0x0000041b       0x2e c:/program files (x86)/atmel/studio/7.0/toolchain/arm/arm-gnu-toolchain/bin/../lib/gcc/arm-none-eabi/6.3.1/../../../../arm-none-eabi/lib/thumb/v7e-m\libc.a(lib_a-locale.o)
 .ARM.attributes
                0x00000449       0x2e c:/program files (x86)/atmel/studio/7.0/toolchain/arm/arm-gnu-toolchain/bin/../lib/gcc/arm-none-eabi/6.3.1/../../../../arm-none-eabi/lib/thumb/v7e-m\libc.a(lib_a-lock.o)
 .ARM.attributes
                0x00000477       0x2e c:/program files (x86)/atmel/studio/7.0/toolchain/arm/arm-gnu-toolchain/bin/../lib/gcc/arm-none-eabi/6.3.1/../../../../arm-none-eabi/lib/thumb/v7e-m\libc.a(lib_a-mbtowc_r.o)
 .ARM.attributes
                0x000004a5       0x1c c:/program files (x86)/atmel/studio/7.0/toolchain/arm/arm-gnu-toolchain/bin/../lib/gcc/arm-none-eabi/6.3.1/../../../../arm-none-eabi/lib/thumb/v7e-m\libc.a(lib_a-memchr.o)
 .ARM.attributes
                0x000004c1       0x2e c:/program files (x86)/atmel/studio/7.0/toolchain/arm/arm-gnu-toolchain/bin/../lib/gcc/arm-none-eabi/6.3.1/../../../../arm-none-eabi/lib/thumb/v7e-m\libc.a(lib_a-memcmp.o)
 .ARM.attributes
                0x000004ef       0x2e c:/program files (x86)/atmel/studio/7.0/toolchain/arm/arm-gnu-toolchain/bin/../lib/gcc/arm-none-eabi/6.3.1/../../../../arm-none-eabi/lib/thumb/v7e-m\libc.a(lib_a-strchr.o)
 .ARM.attributes
                0x0000051d       0x2e c:/program files (x86)/atmel/studio/7.0/toolchain/arm/arm-gnu-toolchain/bin/../lib/gcc/arm-none-eabi/6.3.1/../../../../arm-none-eabi/lib/thumb/v7e-m\libc.a(lib_a-svfprintf.o)
 .ARM.attributes
                0x0000054b       0x2e c:/program files (x86)/atmel/studio/7.0/toolchain/arm/arm-gnu-toolchain/bin/../lib/gcc/arm-none-eabi/6.3.1/../../../../arm-none-eabi/lib/thumb/v7e-m\libc.a(lib_a-wctomb_r.o)
 .ARM.attributes
                0x00000579       0x2e c:/program files (x86)/atmel/studio/7.0/toolchain/arm/arm-gnu-toolchain/bin/../lib/gcc/arm-none-eabi/6.3.1/../../../../arm-none-eabi/lib/thumb/v7e-m\libc.a(lib_a-__atexit.o)
 .ARM.attributes
                0x000005a7       0x2e c:/program files (x86)/atmel/studio/7.0/toolchain/arm/arm-gnu-toolchain/bin/../lib/gcc/arm-none-eabi/6.3.1/../../../../arm-none-eabi/lib/thumb/v7e-m\libc.a(lib_a-ctype_.o)
 .ARM.attributes
                0x000005d5       0x2e c:/program files (x86)/atmel/studio/7.0/toolchain/arm/arm-gnu-toolchain/bin/../lib/gcc/arm-none-eabi/6.3.1/../../../../arm-none-eabi/lib/thumb/v7e-m\libc.a(lib_a-dtoa.o)
 .ARM.attributes
                0x00000603       0x2e c:/program files (x86)/atmel/studio/7.0/toolchain/arm/arm-gnu-toolchain/bin/../lib/gcc/arm-none-eabi/6.3.1/../../../../arm-none-eabi/lib/thumb/v7e-m\libc.a(lib_a-localeconv.o)
 .ARM.attributes
                0x00000631       0x2e c:/program files (x86)/atmel/studio/7.0/toolchain/arm/arm-gnu-toolchain/bin/../lib/gcc/arm-none-eabi/6.3.1/../../../../arm-none-eabi/lib/thumb/v7e-m\libc.a(lib_a-mallocr.o)
 .ARM.attributes
                0x0000065f       0x1c c:/program files (x86)/atmel/studio/7.0/toolchain/arm/arm-gnu-toolchain/bin/../lib/gcc/arm-none-eabi/6.3.1/../../../../arm-none-eabi/lib/thumb/v7e-m\libc.a(lib_a-memcpy.o)
 .ARM.attributes
                0x0000067b       0x2e c:/program files (x86)/atmel/studio/7.0/toolchain/arm/arm-gnu-toolchain/bin/../lib/gcc/arm-none-eabi/6.3.1/../../../../arm-none-eabi/lib/thumb/v7e-m\libc.a(lib_a-mlock.o)
 .ARM.attributes
                0x000006a9       0x2e c:/program files (x86)/atmel/studio/7.0/toolchain/arm/arm-gnu-toolchain/bin/../lib/gcc/arm-none-eabi/6.3.1/../../../../arm-none-eabi/lib/thumb/v7e-m\libc.a(lib_a-mprec.o)
 .ARM.attributes
                0x000006d7       0x2e c:/program files (x86)/atmel/studio/7.0/toolchain/arm/arm-gnu-toolchain/bin/../lib/gcc/arm-none-eabi/6.3.1/../../../../arm-none-eabi/lib/thumb/v7e-m\libc.a(lib_a-sbrkr.o)
 .ARM.attributes
                0x00000705       0x2e c:/program files (x86)/atmel/studio/7.0/toolchain/arm/arm-gnu-toolchain/bin/../lib/gcc/arm-none-eabi/6.3.1/../../../../arm-none-eabi/lib/thumb/v7e-m\libc.a(lib_a-svfiprintf.o)
 .ARM.attributes
                0x00000733       0x2e c:/program files (x86)/atmel/studio/7.0/toolchain/arm/arm-gnu-toolchain/bin/../lib/gcc/arm-none-eabi/6.3.1/../../../../arm-none-eabi/lib/thumb/v7e-m\libc.a(lib_a-callocr.o)
 .ARM.attributes
                0x00000761       0x2e c:/program files (x86)/atmel/studio/7.0/toolchain/arm/arm-gnu-toolchain/bin/../lib/gcc/arm-none-eabi/6.3.1/../../../../arm-none-eabi/lib/thumb/v7e-m\libc.a(lib_a-freer.o)
 .ARM.attributes
                0x0000078f       0x2e c:/program files (x86)/atmel/studio/7.0/toolchain/arm/arm-gnu-toolchain/bin/../lib/gcc/arm-none-eabi/6.3.1/../../../../arm-none-eabi/lib/thumb/v7e-m\libc.a(lib_a-memmove.o)
 .ARM.attributes
                0x000007bd       0x2e c:/program files (x86)/atmel/studio/7.0/toolchain/arm/arm-gnu-toolchain/bin/../lib/gcc/arm-none-eabi/6.3.1/../../../../arm-none-eabi/lib/thumb/v7e-m\libc.a(lib_a-reallocr.o)
 .ARM.attributes
                0x000007eb       0x2e c:/program files (x86)/atmel/studio/7.0/toolchain/arm/arm-gnu-toolchain/bin/../lib/gcc/arm-none-eabi/6.3.1/../../../../arm-none-eabi/lib/thumb/v7e-m\libc.a(lib_a-reent.o)
 .ARM.attributes
                0x00000819       0x1e c:/program files (x86)/atmel/studio/7.0/toolchain/arm/arm-gnu-toolchain/bin/../lib/gcc/arm-none-eabi/6.3.1/thumb/v7e-m\libgcc.a(_arm_addsubdf3.o)
 .ARM.attributes
                0x00000837       0x1e c:/program files (x86)/atmel/studio/7.0/toolchain/arm/arm-gnu-toolchain/bin/../lib/gcc/arm-none-eabi/6.3.1/thumb/v7e-m\libgcc.a(_arm_muldivdf3.o)
 .ARM.attributes
                0x00000855       0x1e c:/program files (x86)/atmel/studio/7.0/toolchain/arm/arm-gnu-toolchain/bin/../lib/gcc/arm-none-eabi/6.3.1/thumb/v7e-m\libgcc.a(_arm_cmpdf2.o)
 .ARM.attributes
                0x00000873       0x1e c:/program files (x86)/atmel/studio/7.0/toolchain/arm/arm-gnu-toolchain/bin/../lib/gcc/arm-none-eabi/6.3.1/thumb/v7e-m\libgcc.a(_arm_unorddf2.o)
 .ARM.attributes
                0x00000891       0x1e c:/program files (x86)/atmel/studio/7.0/toolchain/arm/arm-gnu-toolchain/bin/../lib/gcc/arm-none-eabi/6.3.1/thumb/v7e-m\libgcc.a(_arm_fixdfsi.o)
 .ARM.attributes
                0x000008af       0x1e c:/program files (x86)/atmel/studio/7.0/toolchain/arm/arm-gnu-toolchain/bin/../lib/gcc/arm-none-eabi/6.3.1/thumb/v7e-m\libgcc.a(_aeabi_uldivmod.o)
 .ARM.attributes
                0x000008cd       0x2e c:/program files (x86)/atmel/studio/7.0/toolchain/arm/arm-gnu-toolchain/bin/../lib/gcc/arm-none-eabi/6.3.1/thumb/v7e-m\libgcc.a(_udivmoddi4.o)
 .ARM.attributes
                0x000008fb       0x1e c:/program files (x86)/atmel/studio/7.0/toolchain/arm/arm-gnu-toolchain/bin/../lib/gcc/arm-none-eabi/6.3.1/thumb/v7e-m\libgcc.a(_dvmd_tls.o)
 .ARM.attributes
                0x00000919       0x2e c:/program files (x86)/atmel/studio/7.0/toolchain/arm/arm-gnu-toolchain/bin/../lib/gcc/arm-none-eabi/6.3.1/../../../../arm-none-eabi/lib/thumb/v7e-m\librdimon.a(rdimon-syscalls.o)
 .ARM.attributes
                0x00000947       0x2e c:/program files (x86)/atmel/studio/7.0/toolchain/arm/arm-gnu-toolchain/bin/../lib/gcc/arm-none-eabi/6.3.1/../../../../arm-none-eabi/lib/thumb/v7e-m\libc.a(lib_a-errno.o)
 .ARM.attributes
                0x00000975       0x1e c:/program files (x86)/atmel/studio/7.0/toolchain/arm/arm-gnu-toolchain/bin/../lib/gcc/arm-none-eabi/6.3.1/thumb/v7e-m/crtn.o

.comment        0x00000000       0x59
 .comment       0x00000000       0x59 APPL_DMA/APPL_DMA_IOCON.o
                                 0x5a (size before relaxing)
 .comment       0x00000059       0x5a APPL_DMA/APPL_DMA_LTE.o
 .comment       0x00000059       0x5a APPL_DMA/APPL_DMA_OS.o
 .comment       0x00000059       0x5a APPL_DMA/APPL_DMA_RS485.o
 .comment       0x00000059       0x5a APPL_DMA/EKM_Buffer.o
 .comment       0x00000059       0x5a APPL_DMA/EKM_CMD.o
 .comment       0x00000059       0x5a Device_Startup/startup_sam4s.o
 .comment       0x00000059       0x5a Device_Startup/system_sam4s.o
 .comment       0x00000059       0x5a main.o

.debug_info     0x00000000     0x8765
 .debug_info    0x00000000     0x136d APPL_DMA/APPL_DMA_IOCON.o
 .debug_info    0x0000136d     0x1633 APPL_DMA/APPL_DMA_LTE.o
 .debug_info    0x000029a0     0x1198 APPL_DMA/APPL_DMA_OS.o
 .debug_info    0x00003b38     0x1c91 APPL_DMA/APPL_DMA_RS485.o
 .debug_info    0x000057c9      0xc72 APPL_DMA/EKM_Buffer.o
 .debug_info    0x0000643b      0xb5c APPL_DMA/EKM_CMD.o
 .debug_info    0x00006f97      0x6fe Device_Startup/startup_sam4s.o
 .debug_info    0x00007695      0x458 Device_Startup/system_sam4s.o
 .debug_info    0x00007aed      0xc78 main.o

.debug_abbrev   0x00000000     0x168a
 .debug_abbrev  0x00000000      0x368 APPL_DMA/APPL_DMA_IOCON.o
 .debug_abbrev  0x00000368      0x327 APPL_DMA/APPL_DMA_LTE.o
 .debug_abbrev  0x0000068f      0x289 APPL_DMA/APPL_DMA_OS.o
 .debug_abbrev  0x00000918      0x37d APPL_DMA/APPL_DMA_RS485.o
 .debug_abbrev  0x00000c95      0x255 APPL_DMA/EKM_Buffer.o
 .debug_abbrev  0x00000eea      0x20c APPL_DMA/EKM_CMD.o
 .debug_abbrev  0x000010f6      0x194 Device_Startup/startup_sam4s.o
 .debug_abbrev  0x0000128a      0x102 Device_Startup/system_sam4s.o
 .debug_abbrev  0x0000138c      0x2fe main.o

.debug_loc      0x00000000     0x148e
 .debug_loc     0x00000000      0x32a APPL_DMA/APPL_DMA_IOCON.o
 .debug_loc     0x0000032a      0x2f0 APPL_DMA/APPL_DMA_LTE.o
 .debug_loc     0x0000061a       0x60 APPL_DMA/APPL_DMA_OS.o
 .debug_loc     0x0000067a      0x561 APPL_DMA/APPL_DMA_RS485.o
 .debug_loc     0x00000bdb      0x4d1 APPL_DMA/EKM_Buffer.o
 .debug_loc     0x000010ac      0x201 APPL_DMA/EKM_CMD.o
 .debug_loc     0x000012ad       0x78 Device_Startup/startup_sam4s.o
 .debug_loc     0x00001325      0x169 main.o

.debug_aranges  0x00000000      0x308
 .debug_aranges
                0x00000000       0x78 APPL_DMA/APPL_DMA_IOCON.o
 .debug_aranges
                0x00000078       0x68 APPL_DMA/APPL_DMA_LTE.o
 .debug_aranges
                0x000000e0       0x40 APPL_DMA/APPL_DMA_OS.o
 .debug_aranges
                0x00000120       0x88 APPL_DMA/APPL_DMA_RS485.o
 .debug_aranges
                0x000001a8       0x60 APPL_DMA/EKM_Buffer.o
 .debug_aranges
                0x00000208       0x28 APPL_DMA/EKM_CMD.o
 .debug_aranges
                0x00000230       0x28 Device_Startup/startup_sam4s.o
 .debug_aranges
                0x00000258       0x30 Device_Startup/system_sam4s.o
 .debug_aranges
                0x00000288       0x80 main.o

.debug_ranges   0x00000000      0x2c8
 .debug_ranges  0x00000000       0x68 APPL_DMA/APPL_DMA_IOCON.o
 .debug_ranges  0x00000068       0x58 APPL_DMA/APPL_DMA_LTE.o
 .debug_ranges  0x000000c0       0x30 APPL_DMA/APPL_DMA_OS.o
 .debug_ranges  0x000000f0       0x78 APPL_DMA/APPL_DMA_RS485.o
 .debug_ranges  0x00000168       0x80 APPL_DMA/EKM_Buffer.o
 .debug_ranges  0x000001e8       0x38 APPL_DMA/EKM_CMD.o
 .debug_ranges  0x00000220       0x18 Device_Startup/startup_sam4s.o
 .debug_ranges  0x00000238       0x20 Device_Startup/system_sam4s.o
 .debug_ranges  0x00000258       0x70 main.o

.debug_macro    0x00000000     0xfb16
 .debug_macro   0x00000000      0x4ee APPL_DMA/APPL_DMA_IOCON.o
 .debug_macro   0x000004ee      0x8b0 APPL_DMA/APPL_DMA_IOCON.o
 .debug_macro   0x00000d9e       0x22 APPL_DMA/APPL_DMA_IOCON.o
 .debug_macro   0x00000dc0       0x52 APPL_DMA/APPL_DMA_IOCON.o
 .debug_macro   0x00000e12       0x8d APPL_DMA/APPL_DMA_IOCON.o
 .debug_macro   0x00000e9f       0x35 APPL_DMA/APPL_DMA_IOCON.o
 .debug_macro   0x00000ed4       0x9c APPL_DMA/APPL_DMA_IOCON.o
 .debug_macro   0x00000f70       0x16 APPL_DMA/APPL_DMA_IOCON.o
 .debug_macro   0x00000f86       0x57 APPL_DMA/APPL_DMA_IOCON.o
 .debug_macro   0x00000fdd       0x97 APPL_DMA/APPL_DMA_IOCON.o
 .debug_macro   0x00001074      0x353 APPL_DMA/APPL_DMA_IOCON.o
 .debug_macro   0x000013c7       0xf6 APPL_DMA/APPL_DMA_IOCON.o
 .debug_macro   0x000014bd       0x10 APPL_DMA/APPL_DMA_IOCON.o
 .debug_macro   0x000014cd       0x58 APPL_DMA/APPL_DMA_IOCON.o
 .debug_macro   0x00001525       0x1f APPL_DMA/APPL_DMA_IOCON.o
 .debug_macro   0x00001544       0x43 APPL_DMA/APPL_DMA_IOCON.o
 .debug_macro   0x00001587       0x20 APPL_DMA/APPL_DMA_IOCON.o
 .debug_macro   0x000015a7      0x187 APPL_DMA/APPL_DMA_IOCON.o
 .debug_macro   0x0000172e       0x10 APPL_DMA/APPL_DMA_IOCON.o
 .debug_macro   0x0000173e       0x6a APPL_DMA/APPL_DMA_IOCON.o
 .debug_macro   0x000017a8       0x1c APPL_DMA/APPL_DMA_IOCON.o
 .debug_macro   0x000017c4       0x52 APPL_DMA/APPL_DMA_IOCON.o
 .debug_macro   0x00001816       0x40 APPL_DMA/APPL_DMA_IOCON.o
 .debug_macro   0x00001856       0x10 APPL_DMA/APPL_DMA_IOCON.o
 .debug_macro   0x00001866       0x40 APPL_DMA/APPL_DMA_IOCON.o
 .debug_macro   0x000018a6       0xd7 APPL_DMA/APPL_DMA_IOCON.o
 .debug_macro   0x0000197d       0x16 APPL_DMA/APPL_DMA_IOCON.o
 .debug_macro   0x00001993      0x18b APPL_DMA/APPL_DMA_IOCON.o
 .debug_macro   0x00001b1e       0x4c APPL_DMA/APPL_DMA_IOCON.o
 .debug_macro   0x00001b6a       0x16 APPL_DMA/APPL_DMA_IOCON.o
 .debug_macro   0x00001b80       0x35 APPL_DMA/APPL_DMA_IOCON.o
 .debug_macro   0x00001bb5       0x16 APPL_DMA/APPL_DMA_IOCON.o
 .debug_macro   0x00001bcb       0x29 APPL_DMA/APPL_DMA_IOCON.o
 .debug_macro   0x00001bf4       0xef APPL_DMA/APPL_DMA_IOCON.o
 .debug_macro   0x00001ce3      0x1df APPL_DMA/APPL_DMA_IOCON.o
 .debug_macro   0x00001ec2       0x22 APPL_DMA/APPL_DMA_IOCON.o
 .debug_macro   0x00001ee4       0x16 APPL_DMA/APPL_DMA_IOCON.o
 .debug_macro   0x00001efa       0x2d APPL_DMA/APPL_DMA_IOCON.o
 .debug_macro   0x00001f27       0x1c APPL_DMA/APPL_DMA_IOCON.o
 .debug_macro   0x00001f43       0x22 APPL_DMA/APPL_DMA_IOCON.o
 .debug_macro   0x00001f65       0xd9 APPL_DMA/APPL_DMA_IOCON.o
 .debug_macro   0x0000203e     0x102d APPL_DMA/APPL_DMA_IOCON.o
 .debug_macro   0x0000306b      0x11f APPL_DMA/APPL_DMA_IOCON.o
 .debug_macro   0x0000318a      0x16c APPL_DMA/APPL_DMA_IOCON.o
 .debug_macro   0x000032f6      0xc6e APPL_DMA/APPL_DMA_IOCON.o
 .debug_macro   0x00003f64      0x1a8 APPL_DMA/APPL_DMA_IOCON.o
 .debug_macro   0x0000410c      0x12a APPL_DMA/APPL_DMA_IOCON.o
 .debug_macro   0x00004236       0xb2 APPL_DMA/APPL_DMA_IOCON.o
 .debug_macro   0x000042e8      0x40e APPL_DMA/APPL_DMA_IOCON.o
 .debug_macro   0x000046f6      0x112 APPL_DMA/APPL_DMA_IOCON.o
 .debug_macro   0x00004808       0x1c APPL_DMA/APPL_DMA_IOCON.o
 .debug_macro   0x00004824      0x785 APPL_DMA/APPL_DMA_IOCON.o
 .debug_macro   0x00004fa9      0x311 APPL_DMA/APPL_DMA_IOCON.o
 .debug_macro   0x000052ba       0xbe APPL_DMA/APPL_DMA_IOCON.o
 .debug_macro   0x00005378     0x2810 APPL_DMA/APPL_DMA_IOCON.o
 .debug_macro   0x00007b88      0x7a1 APPL_DMA/APPL_DMA_IOCON.o
 .debug_macro   0x00008329      0xb51 APPL_DMA/APPL_DMA_IOCON.o
 .debug_macro   0x00008e7a       0xa6 APPL_DMA/APPL_DMA_IOCON.o
 .debug_macro   0x00008f20      0x3fb APPL_DMA/APPL_DMA_IOCON.o
 .debug_macro   0x0000931b       0x64 APPL_DMA/APPL_DMA_IOCON.o
 .debug_macro   0x0000937f      0x1b6 APPL_DMA/APPL_DMA_IOCON.o
 .debug_macro   0x00009535      0x386 APPL_DMA/APPL_DMA_IOCON.o
 .debug_macro   0x000098bb      0x663 APPL_DMA/APPL_DMA_IOCON.o
 .debug_macro   0x00009f1e      0x6a4 APPL_DMA/APPL_DMA_IOCON.o
 .debug_macro   0x0000a5c2      0x615 APPL_DMA/APPL_DMA_IOCON.o
 .debug_macro   0x0000abd7      0x346 APPL_DMA/APPL_DMA_IOCON.o
 .debug_macro   0x0000af1d      0x28c APPL_DMA/APPL_DMA_IOCON.o
 .debug_macro   0x0000b1a9      0x2cf APPL_DMA/APPL_DMA_IOCON.o
 .debug_macro   0x0000b478      0x6ec APPL_DMA/APPL_DMA_IOCON.o
 .debug_macro   0x0000bb64       0x7c APPL_DMA/APPL_DMA_IOCON.o
 .debug_macro   0x0000bbe0       0xb8 APPL_DMA/APPL_DMA_IOCON.o
 .debug_macro   0x0000bc98       0xb2 APPL_DMA/APPL_DMA_IOCON.o
 .debug_macro   0x0000bd4a       0x88 APPL_DMA/APPL_DMA_IOCON.o
 .debug_macro   0x0000bdd2      0x100 APPL_DMA/APPL_DMA_IOCON.o
 .debug_macro   0x0000bed2      0x100 APPL_DMA/APPL_DMA_IOCON.o
 .debug_macro   0x0000bfd2       0x88 APPL_DMA/APPL_DMA_IOCON.o
 .debug_macro   0x0000c05a       0x88 APPL_DMA/APPL_DMA_IOCON.o
 .debug_macro   0x0000c0e2      0x2cd APPL_DMA/APPL_DMA_IOCON.o
 .debug_macro   0x0000c3af       0xac APPL_DMA/APPL_DMA_IOCON.o
 .debug_macro   0x0000c45b       0xac APPL_DMA/APPL_DMA_IOCON.o
 .debug_macro   0x0000c507       0x52 APPL_DMA/APPL_DMA_IOCON.o
 .debug_macro   0x0000c559       0xac APPL_DMA/APPL_DMA_IOCON.o
 .debug_macro   0x0000c605       0x7c APPL_DMA/APPL_DMA_IOCON.o
 .debug_macro   0x0000c681       0x40 APPL_DMA/APPL_DMA_IOCON.o
 .debug_macro   0x0000c6c1       0x64 APPL_DMA/APPL_DMA_IOCON.o
 .debug_macro   0x0000c725       0x46 APPL_DMA/APPL_DMA_IOCON.o
 .debug_macro   0x0000c76b       0x88 APPL_DMA/APPL_DMA_IOCON.o
 .debug_macro   0x0000c7f3       0x4c APPL_DMA/APPL_DMA_IOCON.o
 .debug_macro   0x0000c83f       0xa6 APPL_DMA/APPL_DMA_IOCON.o
 .debug_macro   0x0000c8e5       0x7c APPL_DMA/APPL_DMA_IOCON.o
 .debug_macro   0x0000c961       0x16 APPL_DMA/APPL_DMA_IOCON.o
 .debug_macro   0x0000c977       0x7c APPL_DMA/APPL_DMA_IOCON.o
 .debug_macro   0x0000c9f3       0x22 APPL_DMA/APPL_DMA_IOCON.o
 .debug_macro   0x0000ca15      0x186 APPL_DMA/APPL_DMA_IOCON.o
 .debug_macro   0x0000cb9b      0x156 APPL_DMA/APPL_DMA_IOCON.o
 .debug_macro   0x0000ccf1      0x156 APPL_DMA/APPL_DMA_IOCON.o
 .debug_macro   0x0000ce47       0x1c APPL_DMA/APPL_DMA_IOCON.o
 .debug_macro   0x0000ce63       0x2e APPL_DMA/APPL_DMA_IOCON.o
 .debug_macro   0x0000ce91       0x22 APPL_DMA/APPL_DMA_IOCON.o
 .debug_macro   0x0000ceb3       0x1c APPL_DMA/APPL_DMA_IOCON.o
 .debug_macro   0x0000cecf       0x52 APPL_DMA/APPL_DMA_IOCON.o
 .debug_macro   0x0000cf21       0x10 APPL_DMA/APPL_DMA_IOCON.o
 .debug_macro   0x0000cf31      0x226 APPL_DMA/APPL_DMA_IOCON.o
 .debug_macro   0x0000d157      0x93e APPL_DMA/APPL_DMA_IOCON.o
 .debug_macro   0x0000da95      0x107 APPL_DMA/APPL_DMA_IOCON.o
 .debug_macro   0x0000db9c       0x5e APPL_DMA/APPL_DMA_IOCON.o
 .debug_macro   0x0000dbfa      0x515 APPL_DMA/APPL_DMA_LTE.o
 .debug_macro   0x0000e10f       0x2e APPL_DMA/APPL_DMA_LTE.o
 .debug_macro   0x0000e13d      0x519 APPL_DMA/APPL_DMA_OS.o
 .debug_macro   0x0000e656      0x50b APPL_DMA/APPL_DMA_RS485.o
 .debug_macro   0x0000eb61      0x1e8 APPL_DMA/EKM_Buffer.o
 .debug_macro   0x0000ed49      0x1e7 APPL_DMA/EKM_CMD.o
 .debug_macro   0x0000ef30      0x32c Device_Startup/startup_sam4s.o
 .debug_macro   0x0000f25c       0x87 Device_Startup/startup_sam4s.o
 .debug_macro   0x0000f2e3       0x51 Device_Startup/startup_sam4s.o
 .debug_macro   0x0000f334       0x27 Device_Startup/startup_sam4s.o
 .debug_macro   0x0000f35b       0xdf Device_Startup/startup_sam4s.o
 .debug_macro   0x0000f43a      0x338 Device_Startup/system_sam4s.o
 .debug_macro   0x0000f772      0x370 main.o
 .debug_macro   0x0000fae2       0x34 main.o

.debug_line     0x00000000     0x464b
 .debug_line    0x00000000      0x9e3 APPL_DMA/APPL_DMA_IOCON.o
 .debug_line    0x000009e3      0x9da APPL_DMA/APPL_DMA_LTE.o
 .debug_line    0x000013bd      0x915 APPL_DMA/APPL_DMA_OS.o
 .debug_line    0x00001cd2      0xa2f APPL_DMA/APPL_DMA_RS485.o
 .debug_line    0x00002701      0x4a5 APPL_DMA/EKM_Buffer.o
 .debug_line    0x00002ba6      0x3f1 APPL_DMA/EKM_CMD.o
 .debug_line    0x00002f97      0x70c Device_Startup/startup_sam4s.o
 .debug_line    0x000036a3      0x729 Device_Startup/system_sam4s.o
 .debug_line    0x00003dcc      0x87f main.o

.debug_str      0x00000000    0x4559b
 .debug_str     0x00000000    0x44351 APPL_DMA/APPL_DMA_IOCON.o
                              0x44643 (size before relaxing)
 .debug_str     0x00044351      0x45c APPL_DMA/APPL_DMA_LTE.o
                              0x44928 (size before relaxing)
 .debug_str     0x000447ad       0xf6 APPL_DMA/APPL_DMA_OS.o
                              0x4478b (size before relaxing)
 .debug_str     0x000448a3      0x28b APPL_DMA/APPL_DMA_RS485.o
                              0x449c8 (size before relaxing)
 .debug_str     0x00044b2e       0xa8 APPL_DMA/EKM_Buffer.o
                               0x7810 (size before relaxing)
 .debug_str     0x00044bd6       0x9f APPL_DMA/EKM_CMD.o
                               0x78d5 (size before relaxing)
 .debug_str     0x00044c75      0x422 Device_Startup/startup_sam4s.o
                              0x40258 (size before relaxing)
 .debug_str     0x00045097      0x22f Device_Startup/system_sam4s.o
                              0x3ffe8 (size before relaxing)
 .debug_str     0x000452c6      0x2d5 main.o
                              0x40625 (size before relaxing)

.debug_frame    0x00000000     0x1928
 .debug_frame   0x00000000      0x12c APPL_DMA/APPL_DMA_IOCON.o
 .debug_frame   0x0000012c      0x144 APPL_DMA/APPL_DMA_LTE.o
 .debug_frame   0x00000270       0x78 APPL_DMA/APPL_DMA_OS.o
 .debug_frame   0x000002e8      0x188 APPL_DMA/APPL_DMA_RS485.o
 .debug_frame   0x00000470       0xfc APPL_DMA/EKM_Buffer.o
 .debug_frame   0x0000056c       0x48 APPL_DMA/EKM_CMD.o
 .debug_frame   0x000005b4       0x38 Device_Startup/startup_sam4s.o
 .debug_frame   0x000005ec       0x40 Device_Startup/system_sam4s.o
 .debug_frame   0x0000062c      0x108 main.o
 .debug_frame   0x00000734       0x30 c:/program files (x86)/atmel/studio/7.0/toolchain/arm/arm-gnu-toolchain/bin/../lib/gcc/arm-none-eabi/6.3.1/../../../../arm-none-eabi/lib/thumb/v7e-m\libc.a(lib_a-atoi.o)
 .debug_frame   0x00000764       0x2c c:/program files (x86)/atmel/studio/7.0/toolchain/arm/arm-gnu-toolchain/bin/../lib/gcc/arm-none-eabi/6.3.1/../../../../arm-none-eabi/lib/thumb/v7e-m\libc.a(lib_a-init.o)
 .debug_frame   0x00000790       0x34 c:/program files (x86)/atmel/studio/7.0/toolchain/arm/arm-gnu-toolchain/bin/../lib/gcc/arm-none-eabi/6.3.1/../../../../arm-none-eabi/lib/thumb/v7e-m\libc.a(lib_a-memset.o)
 .debug_frame   0x000007c4       0x68 c:/program files (x86)/atmel/studio/7.0/toolchain/arm/arm-gnu-toolchain/bin/../lib/gcc/arm-none-eabi/6.3.1/../../../../arm-none-eabi/lib/thumb/v7e-m\libc.a(lib_a-strcmp.o)
 .debug_frame   0x0000082c       0xd8 c:/program files (x86)/atmel/studio/7.0/toolchain/arm/arm-gnu-toolchain/bin/../lib/gcc/arm-none-eabi/6.3.1/../../../../arm-none-eabi/lib/thumb/v7e-m\libc.a(lib_a-strstr.o)
 .debug_frame   0x00000904       0x98 c:/program files (x86)/atmel/studio/7.0/toolchain/arm/arm-gnu-toolchain/bin/../lib/gcc/arm-none-eabi/6.3.1/../../../../arm-none-eabi/lib/thumb/v7e-m\libc.a(lib_a-strtol.o)
 .debug_frame   0x0000099c       0x50 c:/program files (x86)/atmel/studio/7.0/toolchain/arm/arm-gnu-toolchain/bin/../lib/gcc/arm-none-eabi/6.3.1/../../../../arm-none-eabi/lib/thumb/v7e-m\libc.a(lib_a-vsprintf.o)
 .debug_frame   0x000009ec       0x5c c:/program files (x86)/atmel/studio/7.0/toolchain/arm/arm-gnu-toolchain/bin/../lib/gcc/arm-none-eabi/6.3.1/../../../../arm-none-eabi/lib/thumb/v7e-m\libc.a(lib_a-__call_atexit.o)
 .debug_frame   0x00000a48       0x20 c:/program files (x86)/atmel/studio/7.0/toolchain/arm/arm-gnu-toolchain/bin/../lib/gcc/arm-none-eabi/6.3.1/../../../../arm-none-eabi/lib/thumb/v7e-m\libc.a(lib_a-atexit.o)
 .debug_frame   0x00000a68       0x34 c:/program files (x86)/atmel/studio/7.0/toolchain/arm/arm-gnu-toolchain/bin/../lib/gcc/arm-none-eabi/6.3.1/../../../../arm-none-eabi/lib/thumb/v7e-m\libc.a(lib_a-fini.o)
 .debug_frame   0x00000a9c       0x6c c:/program files (x86)/atmel/studio/7.0/toolchain/arm/arm-gnu-toolchain/bin/../lib/gcc/arm-none-eabi/6.3.1/../../../../arm-none-eabi/lib/thumb/v7e-m\libc.a(lib_a-locale.o)
 .debug_frame   0x00000b08       0xb0 c:/program files (x86)/atmel/studio/7.0/toolchain/arm/arm-gnu-toolchain/bin/../lib/gcc/arm-none-eabi/6.3.1/../../../../arm-none-eabi/lib/thumb/v7e-m\libc.a(lib_a-lock.o)
 .debug_frame   0x00000bb8       0x4c c:/program files (x86)/atmel/studio/7.0/toolchain/arm/arm-gnu-toolchain/bin/../lib/gcc/arm-none-eabi/6.3.1/../../../../arm-none-eabi/lib/thumb/v7e-m\libc.a(lib_a-mbtowc_r.o)
 .debug_frame   0x00000c04       0x3c c:/program files (x86)/atmel/studio/7.0/toolchain/arm/arm-gnu-toolchain/bin/../lib/gcc/arm-none-eabi/6.3.1/../../../../arm-none-eabi/lib/thumb/v7e-m\libc.a(lib_a-memcmp.o)
 .debug_frame   0x00000c40       0x50 c:/program files (x86)/atmel/studio/7.0/toolchain/arm/arm-gnu-toolchain/bin/../lib/gcc/arm-none-eabi/6.3.1/../../../../arm-none-eabi/lib/thumb/v7e-m\libc.a(lib_a-strchr.o)
 .debug_frame   0x00000c90       0x40 c:/program files (x86)/atmel/studio/7.0/toolchain/arm/arm-gnu-toolchain/bin/../lib/gcc/arm-none-eabi/6.3.1/../../../../arm-none-eabi/lib/thumb/v7e-m\libc.a(lib_a-svfprintf.o)
 .debug_frame   0x00000cd0       0x3c c:/program files (x86)/atmel/studio/7.0/toolchain/arm/arm-gnu-toolchain/bin/../lib/gcc/arm-none-eabi/6.3.1/../../../../arm-none-eabi/lib/thumb/v7e-m\libc.a(lib_a-wctomb_r.o)
 .debug_frame   0x00000d0c       0x34 c:/program files (x86)/atmel/studio/7.0/toolchain/arm/arm-gnu-toolchain/bin/../lib/gcc/arm-none-eabi/6.3.1/../../../../arm-none-eabi/lib/thumb/v7e-m\libc.a(lib_a-__atexit.o)
 .debug_frame   0x00000d40       0x88 c:/program files (x86)/atmel/studio/7.0/toolchain/arm/arm-gnu-toolchain/bin/../lib/gcc/arm-none-eabi/6.3.1/../../../../arm-none-eabi/lib/thumb/v7e-m\libc.a(lib_a-dtoa.o)
 .debug_frame   0x00000dc8       0x40 c:/program files (x86)/atmel/studio/7.0/toolchain/arm/arm-gnu-toolchain/bin/../lib/gcc/arm-none-eabi/6.3.1/../../../../arm-none-eabi/lib/thumb/v7e-m\libc.a(lib_a-localeconv.o)
 .debug_frame   0x00000e08       0x58 c:/program files (x86)/atmel/studio/7.0/toolchain/arm/arm-gnu-toolchain/bin/../lib/gcc/arm-none-eabi/6.3.1/../../../../arm-none-eabi/lib/thumb/v7e-m\libc.a(lib_a-mallocr.o)
 .debug_frame   0x00000e60       0x30 c:/program files (x86)/atmel/studio/7.0/toolchain/arm/arm-gnu-toolchain/bin/../lib/gcc/arm-none-eabi/6.3.1/../../../../arm-none-eabi/lib/thumb/v7e-m\libc.a(lib_a-mlock.o)
 .debug_frame   0x00000e90      0x25c c:/program files (x86)/atmel/studio/7.0/toolchain/arm/arm-gnu-toolchain/bin/../lib/gcc/arm-none-eabi/6.3.1/../../../../arm-none-eabi/lib/thumb/v7e-m\libc.a(lib_a-mprec.o)
 .debug_frame   0x000010ec       0x2c c:/program files (x86)/atmel/studio/7.0/toolchain/arm/arm-gnu-toolchain/bin/../lib/gcc/arm-none-eabi/6.3.1/../../../../arm-none-eabi/lib/thumb/v7e-m\libc.a(lib_a-sbrkr.o)
 .debug_frame   0x00001118       0x78 c:/program files (x86)/atmel/studio/7.0/toolchain/arm/arm-gnu-toolchain/bin/../lib/gcc/arm-none-eabi/6.3.1/../../../../arm-none-eabi/lib/thumb/v7e-m\libc.a(lib_a-svfiprintf.o)
 .debug_frame   0x00001190       0x28 c:/program files (x86)/atmel/studio/7.0/toolchain/arm/arm-gnu-toolchain/bin/../lib/gcc/arm-none-eabi/6.3.1/../../../../arm-none-eabi/lib/thumb/v7e-m\libc.a(lib_a-callocr.o)
 .debug_frame   0x000011b8       0x74 c:/program files (x86)/atmel/studio/7.0/toolchain/arm/arm-gnu-toolchain/bin/../lib/gcc/arm-none-eabi/6.3.1/../../../../arm-none-eabi/lib/thumb/v7e-m\libc.a(lib_a-freer.o)
 .debug_frame   0x0000122c       0x30 c:/program files (x86)/atmel/studio/7.0/toolchain/arm/arm-gnu-toolchain/bin/../lib/gcc/arm-none-eabi/6.3.1/../../../../arm-none-eabi/lib/thumb/v7e-m\libc.a(lib_a-memmove.o)
 .debug_frame   0x0000125c       0x68 c:/program files (x86)/atmel/studio/7.0/toolchain/arm/arm-gnu-toolchain/bin/../lib/gcc/arm-none-eabi/6.3.1/../../../../arm-none-eabi/lib/thumb/v7e-m\libc.a(lib_a-reallocr.o)
 .debug_frame   0x000012c4       0x58 c:/program files (x86)/atmel/studio/7.0/toolchain/arm/arm-gnu-toolchain/bin/../lib/gcc/arm-none-eabi/6.3.1/../../../../arm-none-eabi/lib/thumb/v7e-m\libc.a(lib_a-reent.o)
 .debug_frame   0x0000131c       0xac c:/program files (x86)/atmel/studio/7.0/toolchain/arm/arm-gnu-toolchain/bin/../lib/gcc/arm-none-eabi/6.3.1/thumb/v7e-m\libgcc.a(_arm_addsubdf3.o)
 .debug_frame   0x000013c8       0x50 c:/program files (x86)/atmel/studio/7.0/toolchain/arm/arm-gnu-toolchain/bin/../lib/gcc/arm-none-eabi/6.3.1/thumb/v7e-m\libgcc.a(_arm_muldivdf3.o)
 .debug_frame   0x00001418       0xc4 c:/program files (x86)/atmel/studio/7.0/toolchain/arm/arm-gnu-toolchain/bin/../lib/gcc/arm-none-eabi/6.3.1/thumb/v7e-m\libgcc.a(_arm_cmpdf2.o)
 .debug_frame   0x000014dc       0x20 c:/program files (x86)/atmel/studio/7.0/toolchain/arm/arm-gnu-toolchain/bin/../lib/gcc/arm-none-eabi/6.3.1/thumb/v7e-m\libgcc.a(_arm_unorddf2.o)
 .debug_frame   0x000014fc       0x24 c:/program files (x86)/atmel/studio/7.0/toolchain/arm/arm-gnu-toolchain/bin/../lib/gcc/arm-none-eabi/6.3.1/thumb/v7e-m\libgcc.a(_arm_fixdfsi.o)
 .debug_frame   0x00001520       0x2c c:/program files (x86)/atmel/studio/7.0/toolchain/arm/arm-gnu-toolchain/bin/../lib/gcc/arm-none-eabi/6.3.1/thumb/v7e-m\libgcc.a(_aeabi_uldivmod.o)
 .debug_frame   0x0000154c       0x34 c:/program files (x86)/atmel/studio/7.0/toolchain/arm/arm-gnu-toolchain/bin/../lib/gcc/arm-none-eabi/6.3.1/thumb/v7e-m\libgcc.a(_udivmoddi4.o)
 .debug_frame   0x00001580      0x388 c:/program files (x86)/atmel/studio/7.0/toolchain/arm/arm-gnu-toolchain/bin/../lib/gcc/arm-none-eabi/6.3.1/../../../../arm-none-eabi/lib/thumb/v7e-m\librdimon.a(rdimon-syscalls.o)
 .debug_frame   0x00001908       0x20 c:/program files (x86)/atmel/studio/7.0/toolchain/arm/arm-gnu-toolchain/bin/../lib/gcc/arm-none-eabi/6.3.1/../../../../arm-none-eabi/lib/thumb/v7e-m\libc.a(lib_a-errno.o)
